

  FinalOverallTest

===========================
  ARBITRATOR INITIAL INFO 
===========================

┌─────────┬──────────────────────────────────────────────┬───────────────┬──────────────────────────┐
│ (index) │                 arbitrator1                  │ token_balance │      wallet_balance      │
├─────────┼──────────────────────────────────────────────┼───────────────┼──────────────────────────┤
│    0    │ '0x08A2DE6F3528319123b25935C92888B16db8913E' │      1n       │ 10000000000000000000000n │
└─────────┴──────────────────────────────────────────────┴───────────────┴──────────────────────────┘
┌─────────┬──────────────────────────────────────────────┬───────────────┬──────────────────────────┐
│ (index) │                 arbitrator2                  │ token_balance │      wallet_balance      │
├─────────┼──────────────────────────────────────────────┼───────────────┼──────────────────────────┤
│    0    │ '0xe141C82D99D85098e03E1a1cC1CdE676556fDdE0' │      5n       │ 10000000000000000000000n │
└─────────┴──────────────────────────────────────────────┴───────────────┴──────────────────────────┘
┌─────────┬──────────────────────────────────────────────┬───────────────┬──────────────────────────┐
│ (index) │                 arbitrator3                  │ token_balance │      wallet_balance      │
├─────────┼──────────────────────────────────────────────┼───────────────┼──────────────────────────┤
│    0    │ '0x4b23D303D9e3719D6CDf8d172Ea030F80509ea15' │      1n       │ 10000000000000000000000n │
└─────────┴──────────────────────────────────────────────┴───────────────┴──────────────────────────┘
┌─────────┬──────────────────────────────────────────────┬───────────────┬──────────────────────────┐
│ (index) │                 arbitrator4                  │ token_balance │      wallet_balance      │
├─────────┼──────────────────────────────────────────────┼───────────────┼──────────────────────────┤
│    0    │ '0xC004e69C5C04A223463Ff32042dd36DabF63A25a' │      5n       │ 10000000000000000000000n │
└─────────┴──────────────────────────────────────────────┴───────────────┴──────────────────────────┘
┌─────────┬──────────────────────────────────────────────┬───────────────┬──────────────────────────┐
│ (index) │                 arbitrator5                  │ token_balance │      wallet_balance      │
├─────────┼──────────────────────────────────────────────┼───────────────┼──────────────────────────┤
│    0    │ '0x5eb15C0992734B5e77c888D713b4FC67b3D679A2' │      3n       │ 10000000000000000000000n │
└─────────┴──────────────────────────────────────────────┴───────────────┴──────────────────────────┘
┌─────────┬──────────────────────────────────────────────┬───────────────┬──────────────────────────┐
│ (index) │                 arbitrator6                  │ token_balance │      wallet_balance      │
├─────────┼──────────────────────────────────────────────┼───────────────┼──────────────────────────┤
│    0    │ '0x7Ebb637fd68c523613bE51aad27C35C4DB199B9c' │      6n       │ 10000000000000000000000n │
└─────────┴──────────────────────────────────────────────┴───────────────┴──────────────────────────┘
┌─────────┬──────────────────────────────────────────────┬───────────────┬──────────────────────────┐
│ (index) │                 arbitrator7                  │ token_balance │      wallet_balance      │
├─────────┼──────────────────────────────────────────────┼───────────────┼──────────────────────────┤
│    0    │ '0x3c3E2E178C69D4baD964568415a0f0c84fd6320A' │      3n       │ 10000000000000000000000n │
└─────────┴──────────────────────────────────────────────┴───────────────┴──────────────────────────┘
┌─────────┬──────────────────────────────────────────────┬───────────────┬──────────────────────────┐
│ (index) │                 arbitrator8                  │ token_balance │      wallet_balance      │
├─────────┼──────────────────────────────────────────────┼───────────────┼──────────────────────────┤
│    0    │ '0x35304262b9E87C00c430149f28dD154995d01207' │      6n       │ 10000000000000000000000n │
└─────────┴──────────────────────────────────────────────┴───────────────┴──────────────────────────┘
┌─────────┬──────────────────────────────────────────────┬───────────────┬──────────────────────────┐
│ (index) │                 arbitrator9                  │ token_balance │      wallet_balance      │
├─────────┼──────────────────────────────────────────────┼───────────────┼──────────────────────────┤
│    0    │ '0xD4A1E660C916855229e1712090CcfD8a424A2E33' │      4n       │ 10000000000000000000000n │
└─────────┴──────────────────────────────────────────────┴───────────────┴──────────────────────────┘
┌─────────┬──────────────────────────────────────────────┬───────────────┬──────────────────────────┐
│ (index) │                 arbitrator10                 │ token_balance │      wallet_balance      │
├─────────┼──────────────────────────────────────────────┼───────────────┼──────────────────────────┤
│    0    │ '0xEe7f6A930B29d7350498Af97f0F9672EaecbeeFf' │      2n       │ 10000000000000000000000n │
└─────────┴──────────────────────────────────────────────┴───────────────┴──────────────────────────┘
┌─────────┬──────────────────────────────────────────────┬───────────────┬──────────────────────────┐
│ (index) │                 arbitrator11                 │ token_balance │      wallet_balance      │
├─────────┼──────────────────────────────────────────────┼───────────────┼──────────────────────────┤
│    0    │ '0x145e2dc5C8238d1bE628F87076A37d4a26a78544' │      5n       │ 10000000000000000000000n │
└─────────┴──────────────────────────────────────────────┴───────────────┴──────────────────────────┘
┌─────────┬──────────────────────────────────────────────┬───────────────┬──────────────────────────┐
│ (index) │                 arbitrator12                 │ token_balance │      wallet_balance      │
├─────────┼──────────────────────────────────────────────┼───────────────┼──────────────────────────┤
│    0    │ '0xD6A098EbCc5f8Bd4e174D915C54486B077a34A51' │      1n       │ 10000000000000000000000n │
└─────────┴──────────────────────────────────────────────┴───────────────┴──────────────────────────┘
┌─────────┬──────────────────────────────────────────────┬───────────────┬──────────────────────────┐
│ (index) │                 arbitrator13                 │ token_balance │      wallet_balance      │
├─────────┼──────────────────────────────────────────────┼───────────────┼──────────────────────────┤
│    0    │ '0x042a63149117602129B6922ecFe3111168C2C323' │      5n       │ 10000000000000000000000n │
└─────────┴──────────────────────────────────────────────┴───────────────┴──────────────────────────┘
┌─────────┬──────────────────────────────────────────────┬───────────────┬──────────────────────────┐
│ (index) │                 arbitrator14                 │ token_balance │      wallet_balance      │
├─────────┼──────────────────────────────────────────────┼───────────────┼──────────────────────────┤
│    0    │ '0xa0EC9eE47802CeB56eb58ce80F3E41630B771b04' │      5n       │ 10000000000000000000000n │
└─────────┴──────────────────────────────────────────────┴───────────────┴──────────────────────────┘
┌─────────┬──────────────────────────────────────────────┬───────────────┬──────────────────────────┐
│ (index) │                 arbitrator15                 │ token_balance │      wallet_balance      │
├─────────┼──────────────────────────────────────────────┼───────────────┼──────────────────────────┤
│    0    │ '0xe8B1ff302A740fD2C6e76B620d45508dAEc2DDFf' │      10n      │ 10000000000000000000000n │
└─────────┴──────────────────────────────────────────────┴───────────────┴──────────────────────────┘
┌─────────┬──────────────────────────────────────────────┬───────────────┬──────────────────────────┐
│ (index) │                 arbitrator16                 │ token_balance │      wallet_balance      │
├─────────┼──────────────────────────────────────────────┼───────────────┼──────────────────────────┤
│    0    │ '0xAb707cb80e7de7C75d815B1A653433F3EEc44c74' │      7n       │ 10000000000000000000000n │
└─────────┴──────────────────────────────────────────────┴───────────────┴──────────────────────────┘
┌─────────┬──────────────────────────────────────────────┬───────────────┬──────────────────────────┐
│ (index) │                 arbitrator17                 │ token_balance │      wallet_balance      │
├─────────┼──────────────────────────────────────────────┼───────────────┼──────────────────────────┤
│    0    │ '0x0d803cdeEe5990f22C2a8DF10A695D2312dA26CC' │      6n       │ 10000000000000000000000n │
└─────────┴──────────────────────────────────────────────┴───────────────┴──────────────────────────┘
┌─────────┬──────────────────────────────────────────────┬───────────────┬──────────────────────────┐
│ (index) │                 arbitrator18                 │ token_balance │      wallet_balance      │
├─────────┼──────────────────────────────────────────────┼───────────────┼──────────────────────────┤
│    0    │ '0x1c87Bb9234aeC6aDc580EaE6C8B59558A4502220' │      4n       │ 10000000000000000000000n │
└─────────┴──────────────────────────────────────────────┴───────────────┴──────────────────────────┘
┌─────────┬──────────────────────────────────────────────┬───────────────┬──────────────────────────┐
│ (index) │                 arbitrator19                 │ token_balance │      wallet_balance      │
├─────────┼──────────────────────────────────────────────┼───────────────┼──────────────────────────┤
│    0    │ '0x4779d18931B35540F84b0cd0e9633855B84df7b8' │      2n       │ 10000000000000000000000n │
└─────────┴──────────────────────────────────────────────┴───────────────┴──────────────────────────┘
┌─────────┬──────────────────────────────────────────────┬───────────────┬──────────────────────────┐
│ (index) │                 arbitrator20                 │ token_balance │      wallet_balance      │
├─────────┼──────────────────────────────────────────────┼───────────────┼──────────────────────────┤
│    0    │ '0xC0543b0b980D8c834CBdF023b2d2A75b5f9D1909' │      5n       │ 10000000000000000000000n │
└─────────┴──────────────────────────────────────────────┴───────────────┴──────────────────────────┘
┌─────────┬──────────────────────────────────────────────┬───────────────┬──────────────────────────┐
│ (index) │                 arbitrator21                 │ token_balance │      wallet_balance      │
├─────────┼──────────────────────────────────────────────┼───────────────┼──────────────────────────┤
│    0    │ '0x73B3074ac649A8dc31c2C90a124469456301a30F' │      10n      │ 10000000000000000000000n │
└─────────┴──────────────────────────────────────────────┴───────────────┴──────────────────────────┘
┌─────────┬──────────────────────────────────────────────┬───────────────┬──────────────────────────┐
│ (index) │                 arbitrator22                 │ token_balance │      wallet_balance      │
├─────────┼──────────────────────────────────────────────┼───────────────┼──────────────────────────┤
│    0    │ '0x265188114EB5d5536BC8654d8e9710FE72C28c4d' │      4n       │ 10000000000000000000000n │
└─────────┴──────────────────────────────────────────────┴───────────────┴──────────────────────────┘
┌─────────┬──────────────────────────────────────────────┬───────────────┬──────────────────────────┐
│ (index) │                 arbitrator23                 │ token_balance │      wallet_balance      │
├─────────┼──────────────────────────────────────────────┼───────────────┼──────────────────────────┤
│    0    │ '0x924Ba5Ce9f91ddED37b4ebf8c0dc82A40202fc0A' │      10n      │ 10000000000000000000000n │
└─────────┴──────────────────────────────────────────────┴───────────────┴──────────────────────────┘
┌─────────┬──────────────────────────────────────────────┬───────────────┬──────────────────────────┐
│ (index) │                 arbitrator24                 │ token_balance │      wallet_balance      │
├─────────┼──────────────────────────────────────────────┼───────────────┼──────────────────────────┤
│    0    │ '0x64492E25C30031EDAD55E57cEA599CDB1F06dad1' │      4n       │ 10000000000000000000000n │
└─────────┴──────────────────────────────────────────────┴───────────────┴──────────────────────────┘
┌─────────┬──────────────────────────────────────────────┬───────────────┬──────────────────────────┐
│ (index) │                 arbitrator25                 │ token_balance │      wallet_balance      │
├─────────┼──────────────────────────────────────────────┼───────────────┼──────────────────────────┤
│    0    │ '0x262595fa2a3A86adACDe208589614d483e3eF1C0' │      6n       │ 10000000000000000000000n │
└─────────┴──────────────────────────────────────────────┴───────────────┴──────────────────────────┘
┌─────────┬──────────────────────────────────────────────┬───────────────┬──────────────────────────┐
│ (index) │                 arbitrator26                 │ token_balance │      wallet_balance      │
├─────────┼──────────────────────────────────────────────┼───────────────┼──────────────────────────┤
│    0    │ '0xDFd99099Fa13541a64AEe9AAd61c0dbf3D32D492' │      4n       │ 10000000000000000000000n │
└─────────┴──────────────────────────────────────────────┴───────────────┴──────────────────────────┘
┌─────────┬──────────────────────────────────────────────┬───────────────┬──────────────────────────┐
│ (index) │                 arbitrator27                 │ token_balance │      wallet_balance      │
├─────────┼──────────────────────────────────────────────┼───────────────┼──────────────────────────┤
│    0    │ '0x63c3686EF31C03a641e2Ea8993A91Ea351e5891a' │      7n       │ 10000000000000000000000n │
└─────────┴──────────────────────────────────────────────┴───────────────┴──────────────────────────┘
┌─────────┬──────────────────────────────────────────────┬───────────────┬──────────────────────────┐
│ (index) │                 arbitrator28                 │ token_balance │      wallet_balance      │
├─────────┼──────────────────────────────────────────────┼───────────────┼──────────────────────────┤
│    0    │ '0x9394cb5f737Bd3aCea7dcE90CA48DBd42801EE5d' │      7n       │ 10000000000000000000000n │
└─────────┴──────────────────────────────────────────────┴───────────────┴──────────────────────────┘
┌─────────┬──────────────────────────────────────────────┬───────────────┬──────────────────────────┐
│ (index) │                 arbitrator29                 │ token_balance │      wallet_balance      │
├─────────┼──────────────────────────────────────────────┼───────────────┼──────────────────────────┤
│    0    │ '0x344dca30F5c5f74F2f13Dc1d48Ad3A9069d13Ad9' │      7n       │ 10000000000000000000000n │
└─────────┴──────────────────────────────────────────────┴───────────────┴──────────────────────────┘
┌─────────┬──────────────────────────────────────────────┬───────────────┬──────────────────────────┐
│ (index) │                 arbitrator30                 │ token_balance │      wallet_balance      │
├─────────┼──────────────────────────────────────────────┼───────────────┼──────────────────────────┤
│    0    │ '0xF23E054D8b4D0BECFa22DeEF5632F27f781f8bf5' │      5n       │ 10000000000000000000000n │
└─────────┴──────────────────────────────────────────────┴───────────────┴──────────────────────────┘
┌─────────┬──────────────────────────────────────────────┬───────────────┬──────────────────────────┐
│ (index) │                 arbitrator31                 │ token_balance │      wallet_balance      │
├─────────┼──────────────────────────────────────────────┼───────────────┼──────────────────────────┤
│    0    │ '0x6d69F301d1Da5C7818B5e61EECc745b30179C68b' │      2n       │ 10000000000000000000000n │
└─────────┴──────────────────────────────────────────────┴───────────────┴──────────────────────────┘
┌─────────┬──────────────────────────────────────────────┬───────────────┬──────────────────────────┐
│ (index) │                 arbitrator32                 │ token_balance │      wallet_balance      │
├─────────┼──────────────────────────────────────────────┼───────────────┼──────────────────────────┤
│    0    │ '0xF0cE7BaB13C99bA0565f426508a7CD8f4C247E5a' │      3n       │ 10000000000000000000000n │
└─────────┴──────────────────────────────────────────────┴───────────────┴──────────────────────────┘
┌─────────┬──────────────────────────────────────────────┬───────────────┬──────────────────────────┐
│ (index) │                 arbitrator33                 │ token_balance │      wallet_balance      │
├─────────┼──────────────────────────────────────────────┼───────────────┼──────────────────────────┤
│    0    │ '0x011bD5423C5F77b5a0789E27f922535fd76B688F' │      9n       │ 10000000000000000000000n │
└─────────┴──────────────────────────────────────────────┴───────────────┴──────────────────────────┘
┌─────────┬──────────────────────────────────────────────┬───────────────┬──────────────────────────┐
│ (index) │                 arbitrator34                 │ token_balance │      wallet_balance      │
├─────────┼──────────────────────────────────────────────┼───────────────┼──────────────────────────┤
│    0    │ '0xD9065f27e9b706E5F7628e067cC00B288dddbF19' │      6n       │ 10000000000000000000000n │
└─────────┴──────────────────────────────────────────────┴───────────────┴──────────────────────────┘
┌─────────┬──────────────────────────────────────────────┬───────────────┬──────────────────────────┐
│ (index) │                 arbitrator35                 │ token_balance │      wallet_balance      │
├─────────┼──────────────────────────────────────────────┼───────────────┼──────────────────────────┤
│    0    │ '0x54ccCeB38251C29b628ef8B00b3cAB97e7cAc7D5' │      3n       │ 10000000000000000000000n │
└─────────┴──────────────────────────────────────────────┴───────────────┴──────────────────────────┘
┌─────────┬──────────────────────────────────────────────┬───────────────┬──────────────────────────┐
│ (index) │                 arbitrator36                 │ token_balance │      wallet_balance      │
├─────────┼──────────────────────────────────────────────┼───────────────┼──────────────────────────┤
│    0    │ '0xA1196426b41627ae75Ea7f7409E074BE97367da2' │      10n      │ 10000000000000000000000n │
└─────────┴──────────────────────────────────────────────┴───────────────┴──────────────────────────┘
┌─────────┬──────────────────────────────────────────────┬───────────────┬──────────────────────────┐
│ (index) │                 arbitrator37                 │ token_balance │      wallet_balance      │
├─────────┼──────────────────────────────────────────────┼───────────────┼──────────────────────────┤
│    0    │ '0xE74cEf90b6CF1a77FEfAd731713e6f53e575C183' │      1n       │ 10000000000000000000000n │
└─────────┴──────────────────────────────────────────────┴───────────────┴──────────────────────────┘
┌─────────┬──────────────────────────────────────────────┬───────────────┬──────────────────────────┐
│ (index) │                 arbitrator38                 │ token_balance │      wallet_balance      │
├─────────┼──────────────────────────────────────────────┼───────────────┼──────────────────────────┤
│    0    │ '0x7Df8Efa6d6F1CB5C4f36315e0AcB82b02Ae8BA40' │      6n       │ 10000000000000000000000n │
└─────────┴──────────────────────────────────────────────┴───────────────┴──────────────────────────┘
┌─────────┬──────────────────────────────────────────────┬───────────────┬──────────────────────────┐
│ (index) │                 arbitrator39                 │ token_balance │      wallet_balance      │
├─────────┼──────────────────────────────────────────────┼───────────────┼──────────────────────────┤
│    0    │ '0x9E126C57330FA71556628e0aabd6B6B6783d99fA' │      6n       │ 10000000000000000000000n │
└─────────┴──────────────────────────────────────────────┴───────────────┴──────────────────────────┘
┌─────────┬──────────────────────────────────────────────┬───────────────┬──────────────────────────┐
│ (index) │                 arbitrator40                 │ token_balance │      wallet_balance      │
├─────────┼──────────────────────────────────────────────┼───────────────┼──────────────────────────┤
│    0    │ '0x586BA39027A74e8D40E6626f89Ae97bA7f616644' │      5n       │ 10000000000000000000000n │
└─────────┴──────────────────────────────────────────────┴───────────────┴──────────────────────────┘
┌─────────┬──────────────────────────────────────────────┬───────────────┬──────────────────────────┐
│ (index) │                 arbitrator41                 │ token_balance │      wallet_balance      │
├─────────┼──────────────────────────────────────────────┼───────────────┼──────────────────────────┤
│    0    │ '0x9A50ed082Cf2fc003152580dcDB320B834fA379E' │      5n       │ 10000000000000000000000n │
└─────────┴──────────────────────────────────────────────┴───────────────┴──────────────────────────┘
┌─────────┬──────────────────────────────────────────────┬───────────────┬──────────────────────────┐
│ (index) │                 arbitrator42                 │ token_balance │      wallet_balance      │
├─────────┼──────────────────────────────────────────────┼───────────────┼──────────────────────────┤
│    0    │ '0xbc8183bac3E969042736f7af07f76223D11D2148' │      6n       │ 10000000000000000000000n │
└─────────┴──────────────────────────────────────────────┴───────────────┴──────────────────────────┘
┌─────────┬──────────────────────────────────────────────┬───────────────┬──────────────────────────┐
│ (index) │                 arbitrator43                 │ token_balance │      wallet_balance      │
├─────────┼──────────────────────────────────────────────┼───────────────┼──────────────────────────┤
│    0    │ '0x586aF62EAe7F447D14D25f53918814e04d3A5BA4' │      5n       │ 10000000000000000000000n │
└─────────┴──────────────────────────────────────────────┴───────────────┴──────────────────────────┘
┌─────────┬──────────────────────────────────────────────┬───────────────┬──────────────────────────┐
│ (index) │                 arbitrator44                 │ token_balance │      wallet_balance      │
├─────────┼──────────────────────────────────────────────┼───────────────┼──────────────────────────┤
│    0    │ '0xCcDd262f272Ee6C226266eEa13eE48D4d932Ce66' │      4n       │ 10000000000000000000000n │
└─────────┴──────────────────────────────────────────────┴───────────────┴──────────────────────────┘
┌─────────┬──────────────────────────────────────────────┬───────────────┬──────────────────────────┐
│ (index) │                 arbitrator45                 │ token_balance │      wallet_balance      │
├─────────┼──────────────────────────────────────────────┼───────────────┼──────────────────────────┤
│    0    │ '0xF0eeDDC5e015d4c459590E01Dcc2f2FD1d2baac7' │      10n      │ 10000000000000000000000n │
└─────────┴──────────────────────────────────────────────┴───────────────┴──────────────────────────┘
┌─────────┬──────────────────────────────────────────────┬───────────────┬──────────────────────────┐
│ (index) │                 arbitrator46                 │ token_balance │      wallet_balance      │
├─────────┼──────────────────────────────────────────────┼───────────────┼──────────────────────────┤
│    0    │ '0x4edFEDFf17ab9642F8464D6143900903dD21421a' │      3n       │ 10000000000000000000000n │
└─────────┴──────────────────────────────────────────────┴───────────────┴──────────────────────────┘
┌─────────┬──────────────────────────────────────────────┬───────────────┬──────────────────────────┐
│ (index) │                 arbitrator47                 │ token_balance │      wallet_balance      │
├─────────┼──────────────────────────────────────────────┼───────────────┼──────────────────────────┤
│    0    │ '0x492C973C16E8aeC46f4d71716E91b05B245377C9' │      3n       │ 10000000000000000000000n │
└─────────┴──────────────────────────────────────────────┴───────────────┴──────────────────────────┘
┌─────────┬──────────────────────────────────────────────┬───────────────┬──────────────────────────┐
│ (index) │                 arbitrator48                 │ token_balance │      wallet_balance      │
├─────────┼──────────────────────────────────────────────┼───────────────┼──────────────────────────┤
│    0    │ '0xE5D3ab6883b7e8c35c04675F28BB992Ca1129ee4' │      5n       │ 10000000000000000000000n │
└─────────┴──────────────────────────────────────────────┴───────────────┴──────────────────────────┘
┌─────────┬──────────────────────────────────────────────┬───────────────┬──────────────────────────┐
│ (index) │                 arbitrator49                 │ token_balance │      wallet_balance      │
├─────────┼──────────────────────────────────────────────┼───────────────┼──────────────────────────┤
│    0    │ '0x71F280DEA6FC5a03790941Ad72956f545FeB7a52' │      7n       │ 10000000000000000000000n │
└─────────┴──────────────────────────────────────────────┴───────────────┴──────────────────────────┘
┌─────────┬──────────────────────────────────────────────┬───────────────┬──────────────────────────┐
│ (index) │                 arbitrator50                 │ token_balance │      wallet_balance      │
├─────────┼──────────────────────────────────────────────┼───────────────┼──────────────────────────┤
│    0    │ '0xE77478D9E136D3643cFc6fef578Abf63F9Ab91B1' │      1n       │ 10000000000000000000000n │
└─────────┴──────────────────────────────────────────────┴───────────────┴──────────────────────────┘

===========================
  CONTRACT INFO 
===========================

┌─────────┬──────────────────────────────────────────────┬──────────────────────┬──────────────────────────────────────────────┬──────────────────────────────────────────────┬──────────────────────────────────────────────┬────────────────┬─────────────┐
│ (index) │                  contract1                   │    total_payment     │                   client1                    │                 freelancer1                  │                     corp                     │ milestoneCount │ description │
├─────────┼──────────────────────────────────────────────┼──────────────────────┼──────────────────────────────────────────────┼──────────────────────────────────────────────┼──────────────────────────────────────────────┼────────────────┼─────────────┤
│    0    │ '0x5067457698Fd6Fa1C6964e416b3f42713513B3dD' │ 3216500000000000000n │ '0x70997970C51812dc3A010C7d01b50e0d17dc79C8' │ '0x02484cb50AAC86Eae85610D6f4Bf026f30f6627D' │ '0x4F259744634C65F2e2cFe70bAF3C0EA04640631b' │       5        │ 'Project 1' │
└─────────┴──────────────────────────────────────────────┴──────────────────────┴──────────────────────────────────────────────┴──────────────────────────────────────────────┴──────────────────────────────────────────────┴────────────────┴─────────────┘
┌─────────┬──────────────────────────────────────────────┬──────────────────────┬──────────────────────────────────────────────┬──────────────────────────────────────────────┬──────────────────────────────────────────────┬────────────────┬─────────────┐
│ (index) │                  contract2                   │    total_payment     │                   client2                    │                 freelancer2                  │                     corp                     │ milestoneCount │ description │
├─────────┼──────────────────────────────────────────────┼──────────────────────┼──────────────────────────────────────────────┼──────────────────────────────────────────────┼──────────────────────────────────────────────┼────────────────┼─────────────┤
│    0    │ '0x18E317A7D70d8fBf8e6E893616b52390EbBdb629' │ 6131700000000000000n │ '0x3C44CdDdB6a900fa2b585dd299e03d12FA4293BC' │ '0x08135Da0A343E492FA2d4282F2AE34c6c5CC1BbE' │ '0x4F259744634C65F2e2cFe70bAF3C0EA04640631b' │       1        │ 'Project 2' │
└─────────┴──────────────────────────────────────────────┴──────────────────────┴──────────────────────────────────────────────┴──────────────────────────────────────────────┴──────────────────────────────────────────────┴────────────────┴─────────────┘
┌─────────┬──────────────────────────────────────────────┬─────────────────────┬──────────────────────────────────────────────┬──────────────────────────────────────────────┬──────────────────────────────────────────────┬────────────────┬─────────────┐
│ (index) │                  contract3                   │    total_payment    │                   client3                    │                 freelancer3                  │                     corp                     │ milestoneCount │ description │
├─────────┼──────────────────────────────────────────────┼─────────────────────┼──────────────────────────────────────────────┼──────────────────────────────────────────────┼──────────────────────────────────────────────┼────────────────┼─────────────┤
│    0    │ '0x4b6aB5F819A515382B0dEB6935D793817bB4af28' │ 527000000000000000n │ '0x90F79bf6EB2c4f870365E785982E1f101E93b906' │ '0x5E661B79FE2D3F6cE70F5AAC07d8Cd9abb2743F1' │ '0x4F259744634C65F2e2cFe70bAF3C0EA04640631b' │       1        │ 'Project 3' │
└─────────┴──────────────────────────────────────────────┴─────────────────────┴──────────────────────────────────────────────┴──────────────────────────────────────────────┴──────────────────────────────────────────────┴────────────────┴─────────────┘
┌─────────┬──────────────────────────────────────────────┬──────────────────────┬──────────────────────────────────────────────┬──────────────────────────────────────────────┬──────────────────────────────────────────────┬────────────────┬─────────────┐
│ (index) │                  contract4                   │    total_payment     │                   client4                    │                 freelancer4                  │                     corp                     │ milestoneCount │ description │
├─────────┼──────────────────────────────────────────────┼──────────────────────┼──────────────────────────────────────────────┼──────────────────────────────────────────────┼──────────────────────────────────────────────┼────────────────┼─────────────┤
│    0    │ '0xCace1b78160AE76398F486c8a18044da0d66d86D' │ 7279700000000000000n │ '0x15d34AAf54267DB7D7c367839AAf71A00a2C6A65' │ '0x61097BA76cD906d2ba4FD106E757f7Eb455fc295' │ '0x4F259744634C65F2e2cFe70bAF3C0EA04640631b' │       5        │ 'Project 4' │
└─────────┴──────────────────────────────────────────────┴──────────────────────┴──────────────────────────────────────────────┴──────────────────────────────────────────────┴──────────────────────────────────────────────┴────────────────┴─────────────┘
┌─────────┬──────────────────────────────────────────────┬──────────────────────┬──────────────────────────────────────────────┬──────────────────────────────────────────────┬──────────────────────────────────────────────┬────────────────┬─────────────┐
│ (index) │                  contract5                   │    total_payment     │                   client5                    │                 freelancer5                  │                     corp                     │ milestoneCount │ description │
├─────────┼──────────────────────────────────────────────┼──────────────────────┼──────────────────────────────────────────────┼──────────────────────────────────────────────┼──────────────────────────────────────────────┼────────────────┼─────────────┤
│    0    │ '0xD5ac451B0c50B9476107823Af206eD814a2e2580' │ 3060500000000000000n │ '0x9965507D1a55bcC2695C58ba16FB37d819B0A4dc' │ '0xDf37F81dAAD2b0327A0A50003740e1C935C70913' │ '0x4F259744634C65F2e2cFe70bAF3C0EA04640631b' │       4        │ 'Project 5' │
└─────────┴──────────────────────────────────────────────┴──────────────────────┴──────────────────────────────────────────────┴──────────────────────────────────────────────┴──────────────────────────────────────────────┴────────────────┴─────────────┘
┌─────────┬──────────────────────────────────────────────┬──────────────────────┬──────────────────────────────────────────────┬──────────────────────────────────────────────┬──────────────────────────────────────────────┬────────────────┬─────────────┐
│ (index) │                  contract6                   │    total_payment     │                   client6                    │                 freelancer6                  │                     corp                     │ milestoneCount │ description │
├─────────┼──────────────────────────────────────────────┼──────────────────────┼──────────────────────────────────────────────┼──────────────────────────────────────────────┼──────────────────────────────────────────────┼────────────────┼─────────────┤
│    0    │ '0xF8e31cb472bc70500f08Cd84917E5A1912Ec8397' │ 5187600000000000000n │ '0x976EA74026E726554dB657fA54763abd0C3a0aa9' │ '0x553BC17A05702530097c3677091C5BB47a3a7931' │ '0x4F259744634C65F2e2cFe70bAF3C0EA04640631b' │       5        │ 'Project 6' │
└─────────┴──────────────────────────────────────────────┴──────────────────────┴──────────────────────────────────────────────┴──────────────────────────────────────────────┴──────────────────────────────────────────────┴────────────────┴─────────────┘
┌─────────┬──────────────────────────────────────────────┬──────────────────────┬──────────────────────────────────────────────┬──────────────────────────────────────────────┬──────────────────────────────────────────────┬────────────────┬─────────────┐
│ (index) │                  contract7                   │    total_payment     │                   client7                    │                 freelancer7                  │                     corp                     │ milestoneCount │ description │
├─────────┼──────────────────────────────────────────────┼──────────────────────┼──────────────────────────────────────────────┼──────────────────────────────────────────────┼──────────────────────────────────────────────┼────────────────┼─────────────┤
│    0    │ '0xc0F115A19107322cFBf1cDBC7ea011C19EbDB4F8' │ 3464800000000000000n │ '0x14dC79964da2C08b23698B3D3cc7Ca32193d9955' │ '0x87BdCE72c06C21cd96219BD8521bDF1F42C78b5e' │ '0x4F259744634C65F2e2cFe70bAF3C0EA04640631b' │       5        │ 'Project 7' │
└─────────┴──────────────────────────────────────────────┴──────────────────────┴──────────────────────────────────────────────┴──────────────────────────────────────────────┴──────────────────────────────────────────────┴────────────────┴─────────────┘
┌─────────┬──────────────────────────────────────────────┬──────────────────────┬──────────────────────────────────────────────┬──────────────────────────────────────────────┬──────────────────────────────────────────────┬────────────────┬─────────────┐
│ (index) │                  contract8                   │    total_payment     │                   client8                    │                 freelancer8                  │                     corp                     │ milestoneCount │ description │
├─────────┼──────────────────────────────────────────────┼──────────────────────┼──────────────────────────────────────────────┼──────────────────────────────────────────────┼──────────────────────────────────────────────┼────────────────┼─────────────┤
│    0    │ '0xc96304e3c037f81dA488ed9dEa1D8F2a48278a75' │ 3117500000000000000n │ '0x23618e81E3f5cdF7f54C3d65f7FBc0aBf5B21E8f' │ '0x40Fc963A729c542424cD800349a7E4Ecc4896624' │ '0x4F259744634C65F2e2cFe70bAF3C0EA04640631b' │       1        │ 'Project 8' │
└─────────┴──────────────────────────────────────────────┴──────────────────────┴──────────────────────────────────────────────┴──────────────────────────────────────────────┴──────────────────────────────────────────────┴────────────────┴─────────────┘
┌─────────┬──────────────────────────────────────────────┬──────────────────────┬──────────────────────────────────────────────┬──────────────────────────────────────────────┬──────────────────────────────────────────────┬────────────────┬─────────────┐
│ (index) │                  contract9                   │    total_payment     │                   client9                    │                 freelancer9                  │                     corp                     │ milestoneCount │ description │
├─────────┼──────────────────────────────────────────────┼──────────────────────┼──────────────────────────────────────────────┼──────────────────────────────────────────────┼──────────────────────────────────────────────┼────────────────┼─────────────┤
│    0    │ '0x34B40BA116d5Dec75548a9e9A8f15411461E8c70' │ 4134700000000000000n │ '0xa0Ee7A142d267C1f36714E4a8F75612F20a79720' │ '0x9DCCe783B6464611f38631e6C851bf441907c710' │ '0x4F259744634C65F2e2cFe70bAF3C0EA04640631b' │       1        │ 'Project 9' │
└─────────┴──────────────────────────────────────────────┴──────────────────────┴──────────────────────────────────────────────┴──────────────────────────────────────────────┴──────────────────────────────────────────────┴────────────────┴─────────────┘
┌─────────┬──────────────────────────────────────────────┬──────────────────────┬──────────────────────────────────────────────┬──────────────────────────────────────────────┬──────────────────────────────────────────────┬────────────────┬──────────────┐
│ (index) │                  contract10                  │    total_payment     │                   client10                   │                 freelancer10                 │                     corp                     │ milestoneCount │ description  │
├─────────┼──────────────────────────────────────────────┼──────────────────────┼──────────────────────────────────────────────┼──────────────────────────────────────────────┼──────────────────────────────────────────────┼────────────────┼──────────────┤
│    0    │ '0xD0141E899a65C95a556fE2B27e5982A6DE7fDD7A' │ 8834900000000000000n │ '0xBcd4042DE499D14e55001CcbB24a551F3b954096' │ '0x1BcB8e569EedAb4668e55145Cfeaf190902d3CF2' │ '0x4F259744634C65F2e2cFe70bAF3C0EA04640631b' │       3        │ 'Project 10' │
└─────────┴──────────────────────────────────────────────┴──────────────────────┴──────────────────────────────────────────────┴──────────────────────────────────────────────┴──────────────────────────────────────────────┴────────────────┴──────────────┘
┌─────────┬──────────────────────────────────────────────┬──────────────────────┬──────────────────────────────────────────────┬──────────────────────────────────────────────┬──────────────────────────────────────────────┬────────────────┬──────────────┐
│ (index) │                  contract11                  │    total_payment     │                   client11                   │                 freelancer11                 │                     corp                     │ milestoneCount │ description  │
├─────────┼──────────────────────────────────────────────┼──────────────────────┼──────────────────────────────────────────────┼──────────────────────────────────────────────┼──────────────────────────────────────────────┼────────────────┼──────────────┤
│    0    │ '0x07882Ae1ecB7429a84f1D53048d35c4bB2056877' │ 1216900000000000000n │ '0x71bE63f3384f5fb98995898A86B02Fb2426c5788' │ '0x8263Fce86B1b78F95Ab4dae11907d8AF88f841e7' │ '0x4F259744634C65F2e2cFe70bAF3C0EA04640631b' │       2        │ 'Project 11' │
└─────────┴──────────────────────────────────────────────┴──────────────────────┴──────────────────────────────────────────────┴──────────────────────────────────────────────┴──────────────────────────────────────────────┴────────────────┴──────────────┘
┌─────────┬──────────────────────────────────────────────┬──────────────────────┬──────────────────────────────────────────────┬──────────────────────────────────────────────┬──────────────────────────────────────────────┬────────────────┬──────────────┐
│ (index) │                  contract12                  │    total_payment     │                   client12                   │                 freelancer12                 │                     corp                     │ milestoneCount │ description  │
├─────────┼──────────────────────────────────────────────┼──────────────────────┼──────────────────────────────────────────────┼──────────────────────────────────────────────┼──────────────────────────────────────────────┼────────────────┼──────────────┤
│    0    │ '0x22753E4264FDDc6181dc7cce468904A80a363E44' │ 9355400000000000000n │ '0xFABB0ac9d68B0B445fB7357272Ff202C5651694a' │ '0xcF2d5b3cBb4D7bF04e3F7bFa8e27081B52191f91' │ '0x4F259744634C65F2e2cFe70bAF3C0EA04640631b' │       3        │ 'Project 12' │
└─────────┴──────────────────────────────────────────────┴──────────────────────┴──────────────────────────────────────────────┴──────────────────────────────────────────────┴──────────────────────────────────────────────┴────────────────┴──────────────┘
┌─────────┬──────────────────────────────────────────────┬──────────────────────┬──────────────────────────────────────────────┬──────────────────────────────────────────────┬──────────────────────────────────────────────┬────────────────┬──────────────┐
│ (index) │                  contract13                  │    total_payment     │                   client13                   │                 freelancer13                 │                     corp                     │ milestoneCount │ description  │
├─────────┼──────────────────────────────────────────────┼──────────────────────┼──────────────────────────────────────────────┼──────────────────────────────────────────────┼──────────────────────────────────────────────┼────────────────┼──────────────┤
│    0    │ '0xA7c59f010700930003b33aB25a7a0679C860f29c' │ 4659800000000000000n │ '0x1CBd3b2770909D4e10f157cABC84C7264073C9Ec' │ '0x86c53Eb85D0B7548fea5C4B4F82b4205C8f6Ac18' │ '0x4F259744634C65F2e2cFe70bAF3C0EA04640631b' │       4        │ 'Project 13' │
└─────────┴──────────────────────────────────────────────┴──────────────────────┴──────────────────────────────────────────────┴──────────────────────────────────────────────┴──────────────────────────────────────────────┴────────────────┴──────────────┘
┌─────────┬──────────────────────────────────────────────┬──────────────────────┬──────────────────────────────────────────────┬──────────────────────────────────────────────┬──────────────────────────────────────────────┬────────────────┬──────────────┐
│ (index) │                  contract14                  │    total_payment     │                   client14                   │                 freelancer14                 │                     corp                     │ milestoneCount │ description  │
├─────────┼──────────────────────────────────────────────┼──────────────────────┼──────────────────────────────────────────────┼──────────────────────────────────────────────┼──────────────────────────────────────────────┼────────────────┼──────────────┤
│    0    │ '0xfaAddC93baf78e89DCf37bA67943E1bE8F37Bb8c' │ 7170500000000000000n │ '0xdF3e18d64BC6A983f673Ab319CCaE4f1a57C7097' │ '0x1aac82773CB722166D7dA0d5b0FA35B0307dD99D' │ '0x4F259744634C65F2e2cFe70bAF3C0EA04640631b' │       5        │ 'Project 14' │
└─────────┴──────────────────────────────────────────────┴──────────────────────┴──────────────────────────────────────────────┴──────────────────────────────────────────────┴──────────────────────────────────────────────┴────────────────┴──────────────┘
┌─────────┬──────────────────────────────────────────────┬──────────────────────┬──────────────────────────────────────────────┬──────────────────────────────────────────────┬──────────────────────────────────────────────┬────────────────┬──────────────┐
│ (index) │                  contract15                  │    total_payment     │                   client15                   │                 freelancer15                 │                     corp                     │ milestoneCount │ description  │
├─────────┼──────────────────────────────────────────────┼──────────────────────┼──────────────────────────────────────────────┼──────────────────────────────────────────────┼──────────────────────────────────────────────┼────────────────┼──────────────┤
│    0    │ '0x276C216D241856199A83bf27b2286659e5b877D3' │ 3386200000000000000n │ '0xcd3B766CCDd6AE721141F452C550Ca635964ce71' │ '0x2f4f06d218E426344CFE1A83D53dAd806994D325' │ '0x4F259744634C65F2e2cFe70bAF3C0EA04640631b' │       5        │ 'Project 15' │
└─────────┴──────────────────────────────────────────────┴──────────────────────┴──────────────────────────────────────────────┴──────────────────────────────────────────────┴──────────────────────────────────────────────┴────────────────┴──────────────┘
┌─────────┬──────────────────────────────────────────────┬──────────────────────┬──────────────────────────────────────────────┬──────────────────────────────────────────────┬──────────────────────────────────────────────┬────────────────┬──────────────┐
│ (index) │                  contract16                  │    total_payment     │                   client16                   │                 freelancer16                 │                     corp                     │ milestoneCount │ description  │
├─────────┼──────────────────────────────────────────────┼──────────────────────┼──────────────────────────────────────────────┼──────────────────────────────────────────────┼──────────────────────────────────────────────┼────────────────┼──────────────┤
│    0    │ '0x3347B4d90ebe72BeFb30444C9966B2B990aE9FcB' │ 6671100000000000000n │ '0x2546BcD3c84621e976D8185a91A922aE77ECEc30' │ '0x1003ff39d25F2Ab16dBCc18EcE05a9B6154f65F4' │ '0x4F259744634C65F2e2cFe70bAF3C0EA04640631b' │       5        │ 'Project 16' │
└─────────┴──────────────────────────────────────────────┴──────────────────────┴──────────────────────────────────────────────┴──────────────────────────────────────────────┴──────────────────────────────────────────────┴────────────────┴──────────────┘
┌─────────┬──────────────────────────────────────────────┬──────────────────────┬──────────────────────────────────────────────┬──────────────────────────────────────────────┬──────────────────────────────────────────────┬────────────────┬──────────────┐
│ (index) │                  contract17                  │    total_payment     │                   client17                   │                 freelancer17                 │                     corp                     │ milestoneCount │ description  │
├─────────┼──────────────────────────────────────────────┼──────────────────────┼──────────────────────────────────────────────┼──────────────────────────────────────────────┼──────────────────────────────────────────────┼────────────────┼──────────────┤
│    0    │ '0x3155755b79aA083bd953911C92705B7aA82a18F9' │ 2803200000000000000n │ '0xbDA5747bFD65F08deb54cb465eB87D40e51B197E' │ '0x9eAF5590f2c84912A08de97FA28d0529361Deb9E' │ '0x4F259744634C65F2e2cFe70bAF3C0EA04640631b' │       5        │ 'Project 17' │
└─────────┴──────────────────────────────────────────────┴──────────────────────┴──────────────────────────────────────────────┴──────────────────────────────────────────────┴──────────────────────────────────────────────┴────────────────┴──────────────┘
┌─────────┬──────────────────────────────────────────────┬──────────────────────┬──────────────────────────────────────────────┬──────────────────────────────────────────────┬──────────────────────────────────────────────┬────────────────┬──────────────┐
│ (index) │                  contract18                  │    total_payment     │                   client18                   │                 freelancer18                 │                     corp                     │ milestoneCount │ description  │
├─────────┼──────────────────────────────────────────────┼──────────────────────┼──────────────────────────────────────────────┼──────────────────────────────────────────────┼──────────────────────────────────────────────┼────────────────┼──────────────┤
│    0    │ '0x5bf5b11053e734690269C6B9D438F8C9d48F528A' │ 4783200000000000000n │ '0xdD2FD4581271e230360230F9337D5c0430Bf44C0' │ '0x11e8F3eA3C6FcF12EcfF2722d75CEFC539c51a1C' │ '0x4F259744634C65F2e2cFe70bAF3C0EA04640631b' │       1        │ 'Project 18' │
└─────────┴──────────────────────────────────────────────┴──────────────────────┴──────────────────────────────────────────────┴──────────────────────────────────────────────┴──────────────────────────────────────────────┴────────────────┴──────────────┘
┌─────────┬──────────────────────────────────────────────┬──────────────────────┬──────────────────────────────────────────────┬──────────────────────────────────────────────┬──────────────────────────────────────────────┬────────────────┬──────────────┐
│ (index) │                  contract19                  │    total_payment     │                   client19                   │                 freelancer19                 │                     corp                     │ milestoneCount │ description  │
├─────────┼──────────────────────────────────────────────┼──────────────────────┼──────────────────────────────────────────────┼──────────────────────────────────────────────┼──────────────────────────────────────────────┼────────────────┼──────────────┤
│    0    │ '0xffa7CA1AEEEbBc30C874d32C7e22F052BbEa0429' │ 4127800000000000000n │ '0x8626f6940E2eb28930eFb4CeF49B2d1F2C9C1199' │ '0x7D86687F980A56b832e9378952B738b614A99dc6' │ '0x4F259744634C65F2e2cFe70bAF3C0EA04640631b' │       3        │ 'Project 19' │
└─────────┴──────────────────────────────────────────────┴──────────────────────┴──────────────────────────────────────────────┴──────────────────────────────────────────────┴──────────────────────────────────────────────┴────────────────┴──────────────┘
┌─────────┬──────────────────────────────────────────────┬──────────────────────┬──────────────────────────────────────────────┬──────────────────────────────────────────────┬──────────────────────────────────────────────┬────────────────┬──────────────┐
│ (index) │                  contract20                  │    total_payment     │                   client20                   │                 freelancer20                 │                     corp                     │ milestoneCount │ description  │
├─────────┼──────────────────────────────────────────────┼──────────────────────┼──────────────────────────────────────────────┼──────────────────────────────────────────────┼──────────────────────────────────────────────┼────────────────┼──────────────┤
│    0    │ '0x3aAde2dCD2Df6a8cAc689EE797591b2913658659' │ 7921900000000000000n │ '0x09DB0a93B389bEF724429898f539AEB7ac2Dd55f' │ '0x9eF6c02FB2ECc446146E05F1fF687a788a8BF76d' │ '0x4F259744634C65F2e2cFe70bAF3C0EA04640631b' │       5        │ 'Project 20' │
└─────────┴──────────────────────────────────────────────┴──────────────────────┴──────────────────────────────────────────────┴──────────────────────────────────────────────┴──────────────────────────────────────────────┴────────────────┴──────────────┘
Client1 deposited 146924203450226560 Wei for milestone 1 of contract 1
Contracts1 balance: 154270413622737888 Wei and client1 balance: 9999845666783365266739 Wei
Milestone 1 Completed! of contract 1
Client1 confirmed milestone 1 of contract 1
Contracts1 balance: 0 Wei and freelancer1 balance: 10000146842160436443336 Wei
Client1 deposited 225385717237905888 Wei for milestone 2 of contract 1
Contracts1 balance: 236655003099801182 Wei and client1 balance: 9999608857919243516783 Wei
Freelancer1 raised a dispute for milestone 2 of contract 1

=======================================
 Contract1 ARBITRATORS VOTES INFO 
=======================================

Arbitrator40 could not vote on dispute for contract1 as the contract has been resolved
Arbitrator41 could not vote on dispute for contract1 as the contract has been resolved
Arbitrator42 could not vote on dispute for contract1 as the contract has been resolved
Arbitrator43 could not vote on dispute for contract1 as the contract has been resolved
Arbitrator44 could not vote on dispute for contract1 as the contract has been resolved
Arbitrator45 could not vote on dispute for contract1 as the contract has been resolved
Arbitrator46 could not vote on dispute for contract1 as the contract has been resolved
Arbitrator47 could not vote on dispute for contract1 as the contract has been resolved
Arbitrator48 could not vote on dispute for contract1 as the contract has been resolved
Arbitrator49 could not vote on dispute for contract1 as the contract has been resolved
Arbitrator50 could not vote on dispute for contract1 as the contract has been resolved
┌─────────┬──────────────────────────────────────────────┬──────────────────────────────────────────────┬─────────────────────┬──────────────────────────┬──────────────┬───────────────────┬─────────────────────────┐
│ (index) │                  Arbitrator                  │                   Contract                   │ InitialTokenBalance │      InitialBalance      │   VotedFor   │ FinalTokenBalance │      FinalBalance       │
├─────────┼──────────────────────────────────────────────┼──────────────────────────────────────────────┼─────────────────────┼──────────────────────────┼──────────────┼───────────────────┼─────────────────────────┤
│    0    │ '0x08A2DE6F3528319123b25935C92888B16db8913E' │ '0x5067457698Fd6Fa1C6964e416b3f42713513B3dD' │         1n          │ 10000000000000000000000n │   'Client'   │        2n         │ 9999999945601005408278n │
│    1    │ '0xe141C82D99D85098e03E1a1cC1CdE676556fDdE0' │ '0x5067457698Fd6Fa1C6964e416b3f42713513B3dD' │         5n          │ 10000000000000000000000n │ 'Freelancer' │        6n         │ 9999999975219011599889n │
│    2    │ '0x4b23D303D9e3719D6CDf8d172Ea030F80509ea15' │ '0x5067457698Fd6Fa1C6964e416b3f42713513B3dD' │         1n          │ 10000000000000000000000n │   'Client'   │        2n         │ 9999999994407015287988n │
│    3    │ '0xC004e69C5C04A223463Ff32042dd36DabF63A25a' │ '0x5067457698Fd6Fa1C6964e416b3f42713513B3dD' │         5n          │ 10000000000000000000000n │ 'Freelancer' │        6n         │ 9999999987025016818351n │
│    4    │ '0x5eb15C0992734B5e77c888D713b4FC67b3D679A2' │ '0x5067457698Fd6Fa1C6964e416b3f42713513B3dD' │         3n          │ 10000000000000000000000n │ 'Freelancer' │        4n         │ 9999999984378018239304n │
│    5    │ '0x7Ebb637fd68c523613bE51aad27C35C4DB199B9c' │ '0x5067457698Fd6Fa1C6964e416b3f42713513B3dD' │         6n          │ 10000000000000000000000n │   'Client'   │        7n         │ 9999999981666019333717n │
│    6    │ '0x3c3E2E178C69D4baD964568415a0f0c84fd6320A' │ '0x5067457698Fd6Fa1C6964e416b3f42713513B3dD' │         3n          │ 10000000000000000000000n │ 'Freelancer' │        4n         │ 9999999979084020137910n │
│    7    │ '0x35304262b9E87C00c430149f28dD154995d01207' │ '0x5067457698Fd6Fa1C6964e416b3f42713513B3dD' │         6n          │ 10000000000000000000000n │ 'Freelancer' │        7n         │ 9999999976437020751840n │
│    8    │ '0xD4A1E660C916855229e1712090CcfD8a424A2E33' │ '0x5067457698Fd6Fa1C6964e416b3f42713513B3dD' │         4n          │ 10000000000000000000000n │ 'Freelancer' │        5n         │ 9999999973790021263195n │
│    9    │ '0xEe7f6A930B29d7350498Af97f0F9672EaecbeeFf' │ '0x5067457698Fd6Fa1C6964e416b3f42713513B3dD' │         2n          │ 10000000000000000000000n │ 'Freelancer' │        3n         │ 9999999971143021570160n │
│   10    │ '0x145e2dc5C8238d1bE628F87076A37d4a26a78544' │ '0x5067457698Fd6Fa1C6964e416b3f42713513B3dD' │         5n          │ 10000000000000000000000n │   'Client'   │        6n         │ 9999999968431021886998n │
│   11    │ '0xD6A098EbCc5f8Bd4e174D915C54486B077a34A51' │ '0x5067457698Fd6Fa1C6964e416b3f42713513B3dD' │         1n          │ 10000000000000000000000n │ 'Freelancer' │        2n         │ 9999999970649022259054n │
│   12    │ '0x042a63149117602129B6922ecFe3111168C2C323' │ '0x5067457698Fd6Fa1C6964e416b3f42713513B3dD' │         5n          │ 10000000000000000000000n │   'Client'   │        6n         │ 9999999963137022419724n │
│   13    │ '0xa0EC9eE47802CeB56eb58ce80F3E41630B771b04' │ '0x5067457698Fd6Fa1C6964e416b3f42713513B3dD' │         5n          │ 10000000000000000000000n │   'Client'   │        6n         │ 9999999960490022398548n │
│   14    │ '0xe8B1ff302A740fD2C6e76B620d45508dAEc2DDFf' │ '0x5067457698Fd6Fa1C6964e416b3f42713513B3dD' │         10n         │ 10000000000000000000000n │ 'Freelancer' │        11n        │ 9999999957908022377892n │
│   15    │ '0xAb707cb80e7de7C75d815B1A653433F3EEc44c74' │ '0x5067457698Fd6Fa1C6964e416b3f42713513B3dD' │         7n          │ 10000000000000000000000n │ 'Freelancer' │        8n         │ 9999999955261022356716n │
│   16    │ '0x0d803cdeEe5990f22C2a8DF10A695D2312dA26CC' │ '0x5067457698Fd6Fa1C6964e416b3f42713513B3dD' │         6n          │ 10000000000000000000000n │   'Client'   │        7n         │ 9999999952549022335020n │
│   17    │ '0x1c87Bb9234aeC6aDc580EaE6C8B59558A4502220' │ '0x5067457698Fd6Fa1C6964e416b3f42713513B3dD' │         4n          │ 10000000000000000000000n │   'Client'   │        5n         │ 9999999949902022313844n │
│   18    │ '0x4779d18931B35540F84b0cd0e9633855B84df7b8' │ '0x5067457698Fd6Fa1C6964e416b3f42713513B3dD' │         2n          │ 10000000000000000000000n │ 'Freelancer' │        3n         │ 9999999947320022293188n │
│   19    │ '0xC0543b0b980D8c834CBdF023b2d2A75b5f9D1909' │ '0x5067457698Fd6Fa1C6964e416b3f42713513B3dD' │         5n          │ 10000000000000000000000n │   'Client'   │        6n         │ 9999999944608022271492n │
│   20    │ '0x73B3074ac649A8dc31c2C90a124469456301a30F' │ '0x5067457698Fd6Fa1C6964e416b3f42713513B3dD' │         10n         │ 10000000000000000000000n │   'Client'   │        11n        │ 9999999941961022250316n │
│   21    │ '0x265188114EB5d5536BC8654d8e9710FE72C28c4d' │ '0x5067457698Fd6Fa1C6964e416b3f42713513B3dD' │         4n          │ 10000000000000000000000n │ 'Freelancer' │        5n         │ 9999999939379022229660n │
│   22    │ '0x924Ba5Ce9f91ddED37b4ebf8c0dc82A40202fc0A' │ '0x5067457698Fd6Fa1C6964e416b3f42713513B3dD' │         10n         │ 10000000000000000000000n │ 'Freelancer' │        11n        │ 9999999936732022208484n │
│   23    │ '0x64492E25C30031EDAD55E57cEA599CDB1F06dad1' │ '0x5067457698Fd6Fa1C6964e416b3f42713513B3dD' │         4n          │ 10000000000000000000000n │ 'Freelancer' │        5n         │ 9999999934085022187308n │
│   24    │ '0x262595fa2a3A86adACDe208589614d483e3eF1C0' │ '0x5067457698Fd6Fa1C6964e416b3f42713513B3dD' │         6n          │ 10000000000000000000000n │ 'Freelancer' │        7n         │ 9999999931438022166132n │
│   25    │ '0xDFd99099Fa13541a64AEe9AAd61c0dbf3D32D492' │ '0x5067457698Fd6Fa1C6964e416b3f42713513B3dD' │         4n          │ 10000000000000000000000n │ 'Freelancer' │        5n         │ 9999999928791022144956n │
│   26    │ '0x63c3686EF31C03a641e2Ea8993A91Ea351e5891a' │ '0x5067457698Fd6Fa1C6964e416b3f42713513B3dD' │         7n          │ 10000000000000000000000n │ 'Freelancer' │        8n         │ 9999999926144022123780n │
│   27    │ '0x9394cb5f737Bd3aCea7dcE90CA48DBd42801EE5d' │ '0x5067457698Fd6Fa1C6964e416b3f42713513B3dD' │         7n          │ 10000000000000000000000n │ 'Freelancer' │        8n         │ 9999999923497022102604n │
│   28    │ '0x344dca30F5c5f74F2f13Dc1d48Ad3A9069d13Ad9' │ '0x5067457698Fd6Fa1C6964e416b3f42713513B3dD' │         7n          │ 10000000000000000000000n │ 'Freelancer' │        8n         │ 9999999920850022081428n │
│   29    │ '0xF23E054D8b4D0BECFa22DeEF5632F27f781f8bf5' │ '0x5067457698Fd6Fa1C6964e416b3f42713513B3dD' │         5n          │ 10000000000000000000000n │ 'Freelancer' │        6n         │ 9999999918203022060252n │
│   30    │ '0x6d69F301d1Da5C7818B5e61EECc745b30179C68b' │ '0x5067457698Fd6Fa1C6964e416b3f42713513B3dD' │         2n          │ 10000000000000000000000n │ 'Freelancer' │        3n         │ 9999999915556022039076n │
│   31    │ '0xF0cE7BaB13C99bA0565f426508a7CD8f4C247E5a' │ '0x5067457698Fd6Fa1C6964e416b3f42713513B3dD' │         3n          │ 10000000000000000000000n │   'Client'   │        4n         │ 9999999912844022017380n │
│   32    │ '0x011bD5423C5F77b5a0789E27f922535fd76B688F' │ '0x5067457698Fd6Fa1C6964e416b3f42713513B3dD' │         9n          │ 10000000000000000000000n │   'Client'   │        10n        │ 9999999910197021996204n │
│   33    │ '0xD9065f27e9b706E5F7628e067cC00B288dddbF19' │ '0x5067457698Fd6Fa1C6964e416b3f42713513B3dD' │         6n          │ 10000000000000000000000n │ 'Freelancer' │        7n         │ 9999999907615021975548n │
│   34    │ '0x54ccCeB38251C29b628ef8B00b3cAB97e7cAc7D5' │ '0x5067457698Fd6Fa1C6964e416b3f42713513B3dD' │         3n          │ 10000000000000000000000n │   'Client'   │        4n         │ 9999999904903021953852n │
│   35    │ '0xA1196426b41627ae75Ea7f7409E074BE97367da2' │ '0x5067457698Fd6Fa1C6964e416b3f42713513B3dD' │         10n         │ 10000000000000000000000n │ 'Freelancer' │        11n        │ 9999999902321021933196n │
│   36    │ '0xE74cEf90b6CF1a77FEfAd731713e6f53e575C183' │ '0x5067457698Fd6Fa1C6964e416b3f42713513B3dD' │         1n          │ 10000000000000000000000n │   'Client'   │        2n         │ 9999999904409021949900n │
│   37    │ '0x7Df8Efa6d6F1CB5C4f36315e0AcB82b02Ae8BA40' │ '0x5067457698Fd6Fa1C6964e416b3f42713513B3dD' │         6n          │ 10000000000000000000000n │ 'Freelancer' │        7n         │ 9999999897027021890844n │
│   38    │ '0x9E126C57330FA71556628e0aabd6B6B6783d99fA' │ '0x5067457698Fd6Fa1C6964e416b3f42713513B3dD' │         6n          │ 10000000000000000000000n │ 'Freelancer' │        7n         │ 9999998611005011602668n │
│   39    │ '0x586BA39027A74e8D40E6626f89Ae97bA7f616644' │ '0x5067457698Fd6Fa1C6964e416b3f42713513B3dD' │         5n          │ 10000000000000000000000n │ 'Freelancer' │        5n         │ 9999999925903999407232n │
│   40    │ '0x9A50ed082Cf2fc003152580dcDB320B834fA379E' │ '0x5067457698Fd6Fa1C6964e416b3f42713513B3dD' │         5n          │ 10000000000000000000000n │ 'Freelancer' │        5n         │ 9999999925903999407232n │
│   41    │ '0xbc8183bac3E969042736f7af07f76223D11D2148' │ '0x5067457698Fd6Fa1C6964e416b3f42713513B3dD' │         6n          │ 10000000000000000000000n │   'Client'   │        6n         │ 9999999925903999407232n │
│   42    │ '0x586aF62EAe7F447D14D25f53918814e04d3A5BA4' │ '0x5067457698Fd6Fa1C6964e416b3f42713513B3dD' │         5n          │ 10000000000000000000000n │ 'Freelancer' │        5n         │ 9999999925903999407232n │
│   43    │ '0xCcDd262f272Ee6C226266eEa13eE48D4d932Ce66' │ '0x5067457698Fd6Fa1C6964e416b3f42713513B3dD' │         4n          │ 10000000000000000000000n │   'Client'   │        4n         │ 9999999925903999407232n │
│   44    │ '0xF0eeDDC5e015d4c459590E01Dcc2f2FD1d2baac7' │ '0x5067457698Fd6Fa1C6964e416b3f42713513B3dD' │         10n         │ 10000000000000000000000n │   'Client'   │        10n        │ 9999999925903999407232n │
│   45    │ '0x4edFEDFf17ab9642F8464D6143900903dD21421a' │ '0x5067457698Fd6Fa1C6964e416b3f42713513B3dD' │         3n          │ 10000000000000000000000n │ 'Freelancer' │        3n         │ 9999999925903999407232n │
│   46    │ '0x492C973C16E8aeC46f4d71716E91b05B245377C9' │ '0x5067457698Fd6Fa1C6964e416b3f42713513B3dD' │         3n          │ 10000000000000000000000n │ 'Freelancer' │        3n         │ 9999999925903999407232n │
│   47    │ '0xE5D3ab6883b7e8c35c04675F28BB992Ca1129ee4' │ '0x5067457698Fd6Fa1C6964e416b3f42713513B3dD' │         5n          │ 10000000000000000000000n │   'Client'   │        5n         │ 9999999925903999407232n │
│   48    │ '0x71F280DEA6FC5a03790941Ad72956f545FeB7a52' │ '0x5067457698Fd6Fa1C6964e416b3f42713513B3dD' │         7n          │ 10000000000000000000000n │ 'Freelancer' │        7n         │ 9999999925903999407232n │
│   49    │ '0xE77478D9E136D3643cFc6fef578Abf63F9Ab91B1' │ '0x5067457698Fd6Fa1C6964e416b3f42713513B3dD' │         1n          │ 10000000000000000000000n │   'Client'   │        1n         │ 9999999925903999407232n │
└─────────┴──────────────────────────────────────────────┴──────────────────────────────────────────────┴─────────────────────┴──────────────────────────┴──────────────┴───────────────────┴─────────────────────────┘
Client2 deposited 1402122812460335104 Wei for milestone 1 of contract 2
Contracts2 balance: 6438285000000000000 Wei and client2 balance: 9993561647812999462504 Wei
Freelancer2 raised a dispute for milestone 1 of contract 2

=======================================
 Contract2 ARBITRATORS VOTES INFO 
=======================================

Arbitrator45 could not vote on dispute for contract2 as the contract has been resolved
Arbitrator46 could not vote on dispute for contract2 as the contract has been resolved
Arbitrator47 could not vote on dispute for contract2 as the contract has been resolved
Arbitrator48 could not vote on dispute for contract2 as the contract has been resolved
Arbitrator49 could not vote on dispute for contract2 as the contract has been resolved
Arbitrator50 could not vote on dispute for contract2 as the contract has been resolved
┌─────────┬──────────────────────────────────────────────┬──────────────────────────────────────────────┬─────────────────────┬─────────────────────────┬──────────────┬───────────────────┬──────────────────────────┐
│ (index) │                  Arbitrator                  │                   Contract                   │ InitialTokenBalance │     InitialBalance      │   VotedFor   │ FinalTokenBalance │       FinalBalance       │
├─────────┼──────────────────────────────────────────────┼──────────────────────────────────────────────┼─────────────────────┼─────────────────────────┼──────────────┼───────────────────┼──────────────────────────┤
│    0    │ '0x08A2DE6F3528319123b25935C92888B16db8913E' │ '0x18E317A7D70d8fBf8e6E893616b52390EbBdb629' │         2n          │ 9999999945601005408278n │   'Client'   │        3n         │ 10000003225844458324316n │
│    1    │ '0xe141C82D99D85098e03E1a1cC1CdE676556fDdE0' │ '0x18E317A7D70d8fBf8e6E893616b52390EbBdb629' │         6n          │ 9999999975219011599889n │ 'Freelancer' │        7n         │ 10000003289880464791271n │
│    2    │ '0x4b23D303D9e3719D6CDf8d172Ea030F80509ea15' │ '0x18E317A7D70d8fBf8e6E893616b52390EbBdb629' │         2n          │ 9999999994407015287988n │ 'Freelancer' │        3n         │ 10000003323521468594994n │
│    3    │ '0xC004e69C5C04A223463Ff32042dd36DabF63A25a' │ '0x18E317A7D70d8fBf8e6E893616b52390EbBdb629' │         6n          │ 9999999987025016818351n │ 'Freelancer' │        7n         │ 10000003313492470104181n │
│    4    │ '0x5eb15C0992734B5e77c888D713b4FC67b3D679A2' │ '0x18E317A7D70d8fBf8e6E893616b52390EbBdb629' │         4n          │ 9999999984378018239304n │ 'Freelancer' │        5n         │ 10000003308198471503958n │
│    5    │ '0x7Ebb637fd68c523613bE51aad27C35C4DB199B9c' │ '0x18E317A7D70d8fBf8e6E893616b52390EbBdb629' │         7n          │ 9999999981666019333717n │   'Client'   │        8n         │ 10000003302774472576675n │
│    6    │ '0x3c3E2E178C69D4baD964568415a0f0c84fd6320A' │ '0x18E317A7D70d8fBf8e6E893616b52390EbBdb629' │         4n          │ 9999999979084020137910n │ 'Freelancer' │        5n         │ 10000003297610473360212n │
│    7    │ '0x35304262b9E87C00c430149f28dD154995d01207' │ '0x18E317A7D70d8fBf8e6E893616b52390EbBdb629' │         7n          │ 9999999976437020751840n │   'Client'   │        8n         │ 10000003292251473952446n │
│    8    │ '0xD4A1E660C916855229e1712090CcfD8a424A2E33' │ '0x18E317A7D70d8fBf8e6E893616b52390EbBdb629' │         5n          │ 9999999973790021263195n │   'Client'   │        6n         │ 10000003286957474442625n │
│    9    │ '0xEe7f6A930B29d7350498Af97f0F9672EaecbeeFf' │ '0x18E317A7D70d8fBf8e6E893616b52390EbBdb629' │         3n          │ 9999999971143021570160n │ 'Freelancer' │        4n         │ 10000003281728474728934n │
│   10    │ '0x145e2dc5C8238d1bE628F87076A37d4a26a78544' │ '0x18E317A7D70d8fBf8e6E893616b52390EbBdb629' │         6n          │ 9999999968431021886998n │   'Client'   │        7n         │ 10000003276304475024076n │
│   11    │ '0xD6A098EbCc5f8Bd4e174D915C54486B077a34A51' │ '0x18E317A7D70d8fBf8e6E893616b52390EbBdb629' │         2n          │ 9999999970649022259054n │ 'Freelancer' │        3n         │ 10000003275940475375476n │
│   12    │ '0x042a63149117602129B6922ecFe3111168C2C323' │ '0x18E317A7D70d8fBf8e6E893616b52390EbBdb629' │         6n          │ 9999999963137022419724n │   'Client'   │        7n         │ 10000003265716475514450n │
│   13    │ '0xa0EC9eE47802CeB56eb58ce80F3E41630B771b04' │ '0x18E317A7D70d8fBf8e6E893616b52390EbBdb629' │         6n          │ 9999999960490022398548n │ 'Freelancer' │        7n         │ 10000003260487475472618n │
│   14    │ '0xe8B1ff302A740fD2C6e76B620d45508dAEc2DDFf' │ '0x18E317A7D70d8fBf8e6E893616b52390EbBdb629' │         11n         │ 9999999957908022377892n │ 'Freelancer' │        12n        │ 10000003255258475430786n │
│   15    │ '0xAb707cb80e7de7C75d815B1A653433F3EEc44c74' │ '0x18E317A7D70d8fBf8e6E893616b52390EbBdb629' │         8n          │ 9999999955261022356716n │   'Client'   │        9n         │ 10000003249899475387914n │
│   16    │ '0x0d803cdeEe5990f22C2a8DF10A695D2312dA26CC' │ '0x18E317A7D70d8fBf8e6E893616b52390EbBdb629' │         7n          │ 9999999952549022335020n │   'Client'   │        8n         │ 10000003244540475345042n │
│   17    │ '0x1c87Bb9234aeC6aDc580EaE6C8B59558A4502220' │ '0x18E317A7D70d8fBf8e6E893616b52390EbBdb629' │         5n          │ 9999999949902022313844n │ 'Freelancer' │        6n         │ 10000003239311475303210n │
│   18    │ '0x4779d18931B35540F84b0cd0e9633855B84df7b8' │ '0x18E317A7D70d8fBf8e6E893616b52390EbBdb629' │         3n          │ 9999999947320022293188n │   'Client'   │        4n         │ 10000003234017475260858n │
│   19    │ '0xC0543b0b980D8c834CBdF023b2d2A75b5f9D1909' │ '0x18E317A7D70d8fBf8e6E893616b52390EbBdb629' │         6n          │ 9999999944608022271492n │   'Client'   │        7n         │ 10000003228658475217986n │
│   20    │ '0x73B3074ac649A8dc31c2C90a124469456301a30F' │ '0x18E317A7D70d8fBf8e6E893616b52390EbBdb629' │         11n         │ 9999999941961022250316n │ 'Freelancer' │        12n        │ 10000003223429475176154n │
│   21    │ '0x265188114EB5d5536BC8654d8e9710FE72C28c4d' │ '0x18E317A7D70d8fBf8e6E893616b52390EbBdb629' │         5n          │ 9999999939379022229660n │ 'Freelancer' │        6n         │ 10000003218200475134322n │
│   22    │ '0x924Ba5Ce9f91ddED37b4ebf8c0dc82A40202fc0A' │ '0x18E317A7D70d8fBf8e6E893616b52390EbBdb629' │         11n         │ 9999999936732022208484n │   'Client'   │        12n        │ 10000003212841475091450n │
│   23    │ '0x64492E25C30031EDAD55E57cEA599CDB1F06dad1' │ '0x18E317A7D70d8fBf8e6E893616b52390EbBdb629' │         5n          │ 9999999934085022187308n │   'Client'   │        6n         │ 10000003207547475049098n │
│   24    │ '0x262595fa2a3A86adACDe208589614d483e3eF1C0' │ '0x18E317A7D70d8fBf8e6E893616b52390EbBdb629' │         7n          │ 9999999931438022166132n │ 'Freelancer' │        8n         │ 10000003202318475007266n │
│   25    │ '0xDFd99099Fa13541a64AEe9AAd61c0dbf3D32D492' │ '0x18E317A7D70d8fBf8e6E893616b52390EbBdb629' │         5n          │ 9999999928791022144956n │ 'Freelancer' │        6n         │ 10000003197024474964914n │
│   26    │ '0x63c3686EF31C03a641e2Ea8993A91Ea351e5891a' │ '0x18E317A7D70d8fBf8e6E893616b52390EbBdb629' │         8n          │ 9999999926144022123780n │ 'Freelancer' │        9n         │ 10000003191730474922562n │
│   27    │ '0x9394cb5f737Bd3aCea7dcE90CA48DBd42801EE5d' │ '0x18E317A7D70d8fBf8e6E893616b52390EbBdb629' │         8n          │ 9999999923497022102604n │ 'Freelancer' │        9n         │ 10000003186436474880210n │
│   28    │ '0x344dca30F5c5f74F2f13Dc1d48Ad3A9069d13Ad9' │ '0x18E317A7D70d8fBf8e6E893616b52390EbBdb629' │         8n          │ 9999999920850022081428n │   'Client'   │        9n         │ 10000003181077474837338n │
│   29    │ '0xF23E054D8b4D0BECFa22DeEF5632F27f781f8bf5' │ '0x18E317A7D70d8fBf8e6E893616b52390EbBdb629' │         6n          │ 9999999918203022060252n │   'Client'   │        7n         │ 10000003175783474794986n │
│   30    │ '0x6d69F301d1Da5C7818B5e61EECc745b30179C68b' │ '0x18E317A7D70d8fBf8e6E893616b52390EbBdb629' │         3n          │ 9999999915556022039076n │ 'Freelancer' │        4n         │ 10000003170554474753154n │
│   31    │ '0xF0cE7BaB13C99bA0565f426508a7CD8f4C247E5a' │ '0x18E317A7D70d8fBf8e6E893616b52390EbBdb629' │         4n          │ 9999999912844022017380n │ 'Freelancer' │        5n         │ 10000003165195474710282n │
│   32    │ '0x011bD5423C5F77b5a0789E27f922535fd76B688F' │ '0x18E317A7D70d8fBf8e6E893616b52390EbBdb629' │         10n         │ 9999999910197021996204n │ 'Freelancer' │        11n        │ 10000003159901474667930n │
│   33    │ '0xD9065f27e9b706E5F7628e067cC00B288dddbF19' │ '0x18E317A7D70d8fBf8e6E893616b52390EbBdb629' │         7n          │ 9999999907615021975548n │   'Client'   │        8n         │ 10000003154607474625578n │
│   34    │ '0x54ccCeB38251C29b628ef8B00b3cAB97e7cAc7D5' │ '0x18E317A7D70d8fBf8e6E893616b52390EbBdb629' │         4n          │ 9999999904903021953852n │ 'Freelancer' │        5n         │ 10000003149313474583226n │
│   35    │ '0xA1196426b41627ae75Ea7f7409E074BE97367da2' │ '0x18E317A7D70d8fBf8e6E893616b52390EbBdb629' │         11n         │ 9999999902321021933196n │ 'Freelancer' │        12n        │ 10000003144084474541394n │
│   36    │ '0xE74cEf90b6CF1a77FEfAd731713e6f53e575C183' │ '0x18E317A7D70d8fBf8e6E893616b52390EbBdb629' │         2n          │ 9999999904409021949900n │   'Client'   │        3n         │ 10000003143460474536402n │
│   37    │ '0x7Df8Efa6d6F1CB5C4f36315e0AcB82b02Ae8BA40' │ '0x18E317A7D70d8fBf8e6E893616b52390EbBdb629' │         7n          │ 9999999897027021890844n │   'Client'   │        8n         │ 10000003133431474456170n │
│   38    │ '0x9E126C57330FA71556628e0aabd6B6B6783d99fA' │ '0x18E317A7D70d8fBf8e6E893616b52390EbBdb629' │         7n          │ 9999998611005011602668n │ 'Freelancer' │        8n         │ 10000001844827464147338n │
│   39    │ '0x586BA39027A74e8D40E6626f89Ae97bA7f616644' │ '0x18E317A7D70d8fBf8e6E893616b52390EbBdb629' │         5n          │ 9999999925903999407232n │   'Client'   │        6n         │ 10000003157014451930206n │
│   40    │ '0x9A50ed082Cf2fc003152580dcDB320B834fA379E' │ '0x18E317A7D70d8fBf8e6E893616b52390EbBdb629' │         5n          │ 9999999925903999407232n │   'Client'   │        6n         │ 10000003154367451909030n │
│   41    │ '0xbc8183bac3E969042736f7af07f76223D11D2148' │ '0x18E317A7D70d8fBf8e6E893616b52390EbBdb629' │         6n          │ 9999999925903999407232n │ 'Freelancer' │        7n         │ 10000003151785451888374n │
│   42    │ '0x586aF62EAe7F447D14D25f53918814e04d3A5BA4' │ '0x18E317A7D70d8fBf8e6E893616b52390EbBdb629' │         5n          │ 9999999925903999407232n │ 'Freelancer' │        6n         │ 10000003149138451867198n │
│   43    │ '0xCcDd262f272Ee6C226266eEa13eE48D4d932Ce66' │ '0x18E317A7D70d8fBf8e6E893616b52390EbBdb629' │         4n          │ 9999999925903999407232n │ 'Freelancer' │        5n         │ 10000001816605441206934n │
│   44    │ '0xF0eeDDC5e015d4c459590E01Dcc2f2FD1d2baac7' │ '0x18E317A7D70d8fBf8e6E893616b52390EbBdb629' │         10n         │ 9999999925903999407232n │ 'Freelancer' │        10n        │ 9999999851807998814464n  │
│   45    │ '0x4edFEDFf17ab9642F8464D6143900903dD21421a' │ '0x18E317A7D70d8fBf8e6E893616b52390EbBdb629' │         3n          │ 9999999925903999407232n │ 'Freelancer' │        3n         │ 9999999851807998814464n  │
│   46    │ '0x492C973C16E8aeC46f4d71716E91b05B245377C9' │ '0x18E317A7D70d8fBf8e6E893616b52390EbBdb629' │         3n          │ 9999999925903999407232n │   'Client'   │        3n         │ 9999999851807998814464n  │
│   47    │ '0xE5D3ab6883b7e8c35c04675F28BB992Ca1129ee4' │ '0x18E317A7D70d8fBf8e6E893616b52390EbBdb629' │         5n          │ 9999999925903999407232n │   'Client'   │        5n         │ 9999999851807998814464n  │
│   48    │ '0x71F280DEA6FC5a03790941Ad72956f545FeB7a52' │ '0x18E317A7D70d8fBf8e6E893616b52390EbBdb629' │         7n          │ 9999999925903999407232n │   'Client'   │        7n         │ 9999999851807998814464n  │
│   49    │ '0xE77478D9E136D3643cFc6fef578Abf63F9Ab91B1' │ '0x18E317A7D70d8fBf8e6E893616b52390EbBdb629' │         1n          │ 9999999925903999407232n │ 'Freelancer' │        1n         │ 9999999851807998814464n  │
└─────────┴──────────────────────────────────────────────┴──────────────────────────────────────────────┴─────────────────────┴─────────────────────────┴──────────────┴───────────────────┴──────────────────────────┘
Client3 deposited 241241920799186400 Wei for milestone 1 of contract 3
Contracts3 balance: 553350000000000000 Wei and client3 balance: 9999446582800999462408 Wei
Milestone 1 Completed! of contract 3
Client3 confirmed milestone 1 of contract 3
Contracts3 balance: 0 Wei and freelancer3 balance: 10000526917946999343576 Wei
------------------------------------------
Contract 3 completed successfully
Final balance of contract3: 0 Wei
Final balance of client3: 9999446500389998803120 Wei
Final balance of freelancer3: 10000526917946999343576 Wei
------------------------------------------
Client4 deposited 23507011092951260 Wei for milestone 1 of contract 4
Contracts4 balance: 24682361647598823 Wei and client4 balance: 9999975254847351898849 Wei
Milestone 1 Completed! of contract 4
Client4 confirmed milestone 1 of contract 4
Contracts4 balance: 0 Wei and freelancer4 balance: 10000023424968092294916 Wei
Client4 deposited 530919859637088256 Wei for milestone 2 of contract 4
Contracts4 balance: 557465852618942668 Wei and client4 balance: 9999417660145731925389 Wei
Milestone 2 Completed! of contract 4
Client4 confirmed milestone 2 of contract 4
Contracts4 balance: 0 Wei and freelancer4 balance: 10000554296984729000428 Wei
Client4 deposited 579181345334670720 Wei for milestone 3 of contract 4
Contracts4 balance: 608140412601404256 Wei and client4 balance: 9998809407972129627045 Wei
Milestone 3 Completed! of contract 4
Client4 confirmed milestone 3 of contract 4
Contracts4 balance: 0 Wei and freelancer4 balance: 10001133430487063288404 Wei
Client4 deposited 40884380916816784 Wei for milestone 4 of contract 4
Contracts4 balance: 42928599962657623 Wei and client4 balance: 9998766367623166075430 Wei
Client4 raised a dispute for milestone 4 of contract 4

=======================================
 Contract4 ARBITRATORS VOTES INFO 
=======================================

Arbitrator50 could not vote on dispute for contract4 as the contract has been resolved
┌─────────┬──────────────────────────────────────────────┬──────────────────────────────────────────────┬─────────────────────┬──────────────────────────┬──────────────┬───────────────────┬──────────────────────────┐
│ (index) │                  Arbitrator                  │                   Contract                   │ InitialTokenBalance │      InitialBalance      │   VotedFor   │ FinalTokenBalance │       FinalBalance       │
├─────────┼──────────────────────────────────────────────┼──────────────────────────────────────────────┼─────────────────────┼──────────────────────────┼──────────────┼───────────────────┼──────────────────────────┤
│    0    │ '0x08A2DE6F3528319123b25935C92888B16db8913E' │ '0xCace1b78160AE76398F486c8a18044da0d66d86D' │         3n          │ 10000003225844458324316n │ 'Freelancer' │        4n         │ 10000003043091834714204n │
│    1    │ '0xe141C82D99D85098e03E1a1cC1CdE676556fDdE0' │ '0xCace1b78160AE76398F486c8a18044da0d66d86D' │         7n          │ 10000003289880464791271n │   'Client'   │        8n         │ 10000003141415841455463n │
│    2    │ '0x4b23D303D9e3719D6CDf8d172Ea030F80509ea15' │ '0xCace1b78160AE76398F486c8a18044da0d66d86D' │         3n          │ 10000003323521468594994n │ 'Freelancer' │        4n         │ 10000003189574845375330n │
│    3    │ '0xC004e69C5C04A223463Ff32042dd36DabF63A25a' │ '0xCace1b78160AE76398F486c8a18044da0d66d86D' │         7n          │ 10000003313492470104181n │   'Client'   │        8n         │ 10000003176833846862821n │
│    4    │ '0x5eb15C0992734B5e77c888D713b4FC67b3D679A2' │ '0xCace1b78160AE76398F486c8a18044da0d66d86D' │         5n          │ 10000003308198471503958n │   'Client'   │        6n         │ 10000003168892848241422n │
│    5    │ '0x7Ebb637fd68c523613bE51aad27C35C4DB199B9c' │ '0xCace1b78160AE76398F486c8a18044da0d66d86D' │         8n          │ 10000003302774472576675n │ 'Freelancer' │        9n         │ 10000003160886849293483n │
│    6    │ '0x3c3E2E178C69D4baD964568415a0f0c84fd6320A' │ '0xCace1b78160AE76398F486c8a18044da0d66d86D' │         5n          │ 10000003297610473360212n │ 'Freelancer' │        6n         │ 10000003153075850055844n │
│    7    │ '0x35304262b9E87C00c430149f28dD154995d01207' │ '0xCace1b78160AE76398F486c8a18044da0d66d86D' │         8n          │ 10000003292251473952446n │   'Client'   │        9n         │ 10000003145004850626382n │
│    8    │ '0xD4A1E660C916855229e1712090CcfD8a424A2E33' │ '0xCace1b78160AE76398F486c8a18044da0d66d86D' │         6n          │ 10000003286957474442625n │ 'Freelancer' │        7n         │ 10000003137128851095905n │
│    9    │ '0xEe7f6A930B29d7350498Af97f0F9672EaecbeeFf' │ '0xCace1b78160AE76398F486c8a18044da0d66d86D' │         4n          │ 10000003281728474728934n │   'Client'   │        5n         │ 10000003129187851360518n │
│   10    │ '0x145e2dc5C8238d1bE628F87076A37d4a26a78544' │ '0xCace1b78160AE76398F486c8a18044da0d66d86D' │         7n          │ 10000003276304475024076n │   'Client'   │        8n         │ 10000003121116851634484n │
│   11    │ '0xD6A098EbCc5f8Bd4e174D915C54486B077a34A51' │ '0xCace1b78160AE76398F486c8a18044da0d66d86D' │         3n          │ 10000003275940475375476n │   'Client'   │        4n         │ 10000003118105851964708n │
│   12    │ '0x042a63149117602129B6922ecFe3111168C2C323' │ '0xCace1b78160AE76398F486c8a18044da0d66d86D' │         7n          │ 10000003265716475514450n │ 'Freelancer' │        8n         │ 10000003105299852083026n │
│   13    │ '0xa0EC9eE47802CeB56eb58ce80F3E41630B771b04' │ '0xCace1b78160AE76398F486c8a18044da0d66d86D' │         7n          │ 10000003260487475472618n │ 'Freelancer' │        8n         │ 10000003097423852020018n │
│   14    │ '0xe8B1ff302A740fD2C6e76B620d45508dAEc2DDFf' │ '0xCace1b78160AE76398F486c8a18044da0d66d86D' │         12n         │ 10000003255258475430786n │   'Client'   │        13n        │ 10000003089482851956490n │
│   15    │ '0xAb707cb80e7de7C75d815B1A653433F3EEc44c74' │ '0xCace1b78160AE76398F486c8a18044da0d66d86D' │         9n          │ 10000003249899475387914n │ 'Freelancer' │        10n        │ 10000003081541851892962n │
│   16    │ '0x0d803cdeEe5990f22C2a8DF10A695D2312dA26CC' │ '0xCace1b78160AE76398F486c8a18044da0d66d86D' │         8n          │ 10000003244540475345042n │ 'Freelancer' │        9n         │ 10000003073535851828914n │
│   17    │ '0x1c87Bb9234aeC6aDc580EaE6C8B59558A4502220' │ '0xCace1b78160AE76398F486c8a18044da0d66d86D' │         6n          │ 10000003239311475303210n │ 'Freelancer' │        7n         │ 10000003065659851765906n │
│   18    │ '0x4779d18931B35540F84b0cd0e9633855B84df7b8' │ '0xCace1b78160AE76398F486c8a18044da0d66d86D' │         4n          │ 10000003234017475260858n │   'Client'   │        5n         │ 10000003057653851701858n │
│   19    │ '0xC0543b0b980D8c834CBdF023b2d2A75b5f9D1909' │ '0xCace1b78160AE76398F486c8a18044da0d66d86D' │         7n          │ 10000003228658475217986n │ 'Freelancer' │        8n         │ 10000003049712851638330n │
│   20    │ '0x73B3074ac649A8dc31c2C90a124469456301a30F' │ '0xCace1b78160AE76398F486c8a18044da0d66d86D' │         12n         │ 10000003223429475176154n │ 'Freelancer' │        13n        │ 10000003041836851575322n │
│   21    │ '0x265188114EB5d5536BC8654d8e9710FE72C28c4d' │ '0xCace1b78160AE76398F486c8a18044da0d66d86D' │         6n          │ 10000003218200475134322n │   'Client'   │        7n         │ 10000003033895851511794n │
│   22    │ '0x924Ba5Ce9f91ddED37b4ebf8c0dc82A40202fc0A' │ '0xCace1b78160AE76398F486c8a18044da0d66d86D' │         12n         │ 10000003212841475091450n │ 'Freelancer' │        13n        │ 10000003025954851448266n │
│   23    │ '0x64492E25C30031EDAD55E57cEA599CDB1F06dad1' │ '0xCace1b78160AE76398F486c8a18044da0d66d86D' │         6n          │ 10000003207547475049098n │ 'Freelancer' │        7n         │ 10000003018013851384738n │
│   24    │ '0x262595fa2a3A86adACDe208589614d483e3eF1C0' │ '0xCace1b78160AE76398F486c8a18044da0d66d86D' │         8n          │ 10000003202318475007266n │ 'Freelancer' │        9n         │ 10000003010137851321730n │
│   25    │ '0xDFd99099Fa13541a64AEe9AAd61c0dbf3D32D492' │ '0xCace1b78160AE76398F486c8a18044da0d66d86D' │         6n          │ 10000003197024474964914n │   'Client'   │        7n         │ 10000003002131851257682n │
│   26    │ '0x63c3686EF31C03a641e2Ea8993A91Ea351e5891a' │ '0xCace1b78160AE76398F486c8a18044da0d66d86D' │         9n          │ 10000003191730474922562n │ 'Freelancer' │        10n        │ 10000002994255851194674n │
│   27    │ '0x9394cb5f737Bd3aCea7dcE90CA48DBd42801EE5d' │ '0xCace1b78160AE76398F486c8a18044da0d66d86D' │         9n          │ 10000003186436474880210n │   'Client'   │        10n        │ 10000002986249851130626n │
│   28    │ '0x344dca30F5c5f74F2f13Dc1d48Ad3A9069d13Ad9' │ '0xCace1b78160AE76398F486c8a18044da0d66d86D' │         9n          │ 10000003181077474837338n │   'Client'   │        10n        │ 10000002978243851066578n │
│   29    │ '0xF23E054D8b4D0BECFa22DeEF5632F27f781f8bf5' │ '0xCace1b78160AE76398F486c8a18044da0d66d86D' │         7n          │ 10000003175783474794986n │ 'Freelancer' │        8n         │ 10000002970367851003570n │
│   30    │ '0x6d69F301d1Da5C7818B5e61EECc745b30179C68b' │ '0xCace1b78160AE76398F486c8a18044da0d66d86D' │         4n          │ 10000003170554474753154n │   'Client'   │        5n         │ 10000002962426850940042n │
│   31    │ '0xF0cE7BaB13C99bA0565f426508a7CD8f4C247E5a' │ '0xCace1b78160AE76398F486c8a18044da0d66d86D' │         5n          │ 10000003165195474710282n │ 'Freelancer' │        6n         │ 10000002954485850876514n │
│   32    │ '0x011bD5423C5F77b5a0789E27f922535fd76B688F' │ '0xCace1b78160AE76398F486c8a18044da0d66d86D' │         11n         │ 10000003159901474667930n │ 'Freelancer' │        12n        │ 10000002946544850812986n │
│   33    │ '0xD9065f27e9b706E5F7628e067cC00B288dddbF19' │ '0xCace1b78160AE76398F486c8a18044da0d66d86D' │         8n          │ 10000003154607474625578n │   'Client'   │        9n         │ 10000002938538850748938n │
│   34    │ '0x54ccCeB38251C29b628ef8B00b3cAB97e7cAc7D5' │ '0xCace1b78160AE76398F486c8a18044da0d66d86D' │         5n          │ 10000003149313474583226n │ 'Freelancer' │        6n         │ 10000002930662850685930n │
│   35    │ '0xA1196426b41627ae75Ea7f7409E074BE97367da2' │ '0xCace1b78160AE76398F486c8a18044da0d66d86D' │         12n         │ 10000003144084474541394n │   'Client'   │        13n        │ 10000002922721850622402n │
│   36    │ '0xE74cEf90b6CF1a77FEfAd731713e6f53e575C183' │ '0xCace1b78160AE76398F486c8a18044da0d66d86D' │         3n          │ 10000003143460474536402n │   'Client'   │        4n         │ 10000002919450850596234n │
│   37    │ '0x7Df8Efa6d6F1CB5C4f36315e0AcB82b02Ae8BA40' │ '0xCace1b78160AE76398F486c8a18044da0d66d86D' │         8n          │ 10000003133431474456170n │   'Client'   │        9n         │ 10000002906774850494826n │
│   38    │ '0x9E126C57330FA71556628e0aabd6B6B6783d99fA' │ '0xCace1b78160AE76398F486c8a18044da0d66d86D' │         8n          │ 10000001844827464147338n │ 'Freelancer' │        9n         │ 10000001615588840165338n │
│   39    │ '0x586BA39027A74e8D40E6626f89Ae97bA7f616644' │ '0xCace1b78160AE76398F486c8a18044da0d66d86D' │         6n          │ 10000003157014451930206n │ 'Freelancer' │        7n         │ 10000002925128827927030n │
│   40    │ '0x9A50ed082Cf2fc003152580dcDB320B834fA379E' │ '0xCace1b78160AE76398F486c8a18044da0d66d86D' │         6n          │ 10000003154367451909030n │   'Client'   │        7n         │ 10000002919769827884158n │
│   41    │ '0xbc8183bac3E969042736f7af07f76223D11D2148' │ '0xCace1b78160AE76398F486c8a18044da0d66d86D' │         7n          │ 10000003151785451888374n │   'Client'   │        8n         │ 10000002914540827842326n │
│   42    │ '0x586aF62EAe7F447D14D25f53918814e04d3A5BA4' │ '0xCace1b78160AE76398F486c8a18044da0d66d86D' │         6n          │ 10000003149138451867198n │   'Client'   │        7n         │ 10000002909246827799974n │
│   43    │ '0xCcDd262f272Ee6C226266eEa13eE48D4d932Ce66' │ '0xCace1b78160AE76398F486c8a18044da0d66d86D' │         5n          │ 10000001816605441206934n │   'Client'   │        6n         │ 10000001574066817118534n │
│   44    │ '0xF0eeDDC5e015d4c459590E01Dcc2f2FD1d2baac7' │ '0xCace1b78160AE76398F486c8a18044da0d66d86D' │         10n         │ 9999999851807998814464n  │   'Client'   │        11n        │ 9999999606622374704888n  │
│   45    │ '0x4edFEDFf17ab9642F8464D6143900903dD21421a' │ '0xCace1b78160AE76398F486c8a18044da0d66d86D' │         3n          │ 9999999851807998814464n  │ 'Freelancer' │        4n         │ 9999999604040374684232n  │
│   46    │ '0x492C973C16E8aeC46f4d71716E91b05B245377C9' │ '0xCace1b78160AE76398F486c8a18044da0d66d86D' │         3n          │ 9999999851807998814464n  │   'Client'   │        4n         │ 9999999601328374662536n  │
│   47    │ '0xE5D3ab6883b7e8c35c04675F28BB992Ca1129ee4' │ '0xCace1b78160AE76398F486c8a18044da0d66d86D' │         5n          │ 9999999851807998814464n  │ 'Freelancer' │        6n         │ 9999999598746374641880n  │
│   48    │ '0x71F280DEA6FC5a03790941Ad72956f545FeB7a52' │ '0xCace1b78160AE76398F486c8a18044da0d66d86D' │         7n          │ 9999999851807998814464n  │   'Client'   │        8n         │ 9999998148663363041216n  │
│   49    │ '0xE77478D9E136D3643cFc6fef578Abf63F9Ab91B1' │ '0xCace1b78160AE76398F486c8a18044da0d66d86D' │         1n          │ 9999999851807998814464n  │ 'Freelancer' │        1n         │ 9999999777711998221696n  │
└─────────┴──────────────────────────────────────────────┴──────────────────────────────────────────────┴─────────────────────┴──────────────────────────┴──────────────┴───────────────────┴──────────────────────────┘
Client5 deposited 298934047510794176 Wei for milestone 1 of contract 5
Contracts5 balance: 313880749886333884 Wei and client5 balance: 9999686056447113163692 Wei
Milestone 1 Completed! of contract 5
Client5 confirmed milestone 1 of contract 5
Contracts5 balance: 0 Wei and freelancer5 balance: 10000298852004510137832 Wei
Client5 deposited 187436279888432576 Wei for milestone 2 of contract 5
Contracts5 balance: 196808093882854204 Wei and client5 balance: 9999489119492229278600 Wei
Milestone 2 Completed! of contract 5
Client5 confirmed milestone 2 of contract 5
Contracts5 balance: 0 Wei and freelancer5 balance: 10000486240441398187664 Wei
Client5 deposited 99265217897069568 Wei for milestone 3 of contract 5
Contracts5 balance: 104228478791923046 Wei and client5 balance: 9999384779264436461562 Wei
Milestone 3 Completed! of contract 5
Client5 confirmed milestone 3 of contract 5
Contracts5 balance: 0 Wei and freelancer5 balance: 10000585457816294874488 Wei
Client5 deposited 352129361116826496 Wei for milestone 4 of contract 5
Contracts5 balance: 2598607677438888864 Wei and client5 balance: 9996786055429996643442 Wei
Milestone 4 Completed! of contract 5
Client5 confirmed milestone 4 of contract 5
Contracts5 balance: 0 Wei and freelancer5 balance: 10003060274417998195344 Wei
------------------------------------------
Contract 5 completed successfully
Final balance of contract5: 0 Wei
Final balance of client5: 9996785990118996120954 Wei
Final balance of freelancer5: 10003060274417998195344 Wei
------------------------------------------
Client6 deposited 213754354885550048 Wei for milestone 1 of contract 6
Contracts6 balance: 224442072629827550 Wei and client6 balance: 9999775495124369670026 Wei
Client6 raised a dispute for milestone 1 of contract 6

=======================================
 Contract6 ARBITRATORS VOTES INFO 
=======================================

Arbitrator40 could not vote on dispute for contract6 as the contract has been resolved
Arbitrator41 could not vote on dispute for contract6 as the contract has been resolved
Arbitrator42 could not vote on dispute for contract6 as the contract has been resolved
Arbitrator43 could not vote on dispute for contract6 as the contract has been resolved
Arbitrator44 could not vote on dispute for contract6 as the contract has been resolved
Arbitrator45 could not vote on dispute for contract6 as the contract has been resolved
Arbitrator46 could not vote on dispute for contract6 as the contract has been resolved
Arbitrator47 could not vote on dispute for contract6 as the contract has been resolved
Arbitrator48 could not vote on dispute for contract6 as the contract has been resolved
Arbitrator49 could not vote on dispute for contract6 as the contract has been resolved
Arbitrator50 could not vote on dispute for contract6 as the contract has been resolved
┌─────────┬──────────────────────────────────────────────┬──────────────────────────────────────────────┬─────────────────────┬──────────────────────────┬──────────────┬───────────────────┬──────────────────────────┐
│ (index) │                  Arbitrator                  │                   Contract                   │ InitialTokenBalance │      InitialBalance      │   VotedFor   │ FinalTokenBalance │       FinalBalance       │
├─────────┼──────────────────────────────────────────────┼──────────────────────────────────────────────┼─────────────────────┼──────────────────────────┼──────────────┼───────────────────┼──────────────────────────┤
│    0    │ '0x08A2DE6F3528319123b25935C92888B16db8913E' │ '0xF8e31cb472bc70500f08Cd84917E5A1912Ec8397' │         4n          │ 10000003043091834714204n │   'Client'   │        5n         │ 10000002976436855447320n │
│    1    │ '0xe141C82D99D85098e03E1a1cC1CdE676556fDdE0' │ '0xF8e31cb472bc70500f08Cd84917E5A1912Ec8397' │         8n          │ 10000003141415841455463n │   'Client'   │        9n         │ 10000003126213862600203n │
│    2    │ '0x4b23D303D9e3719D6CDf8d172Ea030F80509ea15' │ '0xF8e31cb472bc70500f08Cd84917E5A1912Ec8397' │         4n          │ 10000003189574845375330n │ 'Freelancer' │        5n         │ 10000003154690866362614n │
│    3    │ '0xC004e69C5C04A223463Ff32042dd36DabF63A25a' │ '0xF8e31cb472bc70500f08Cd84917E5A1912Ec8397' │         8n          │ 10000003176833846862821n │ 'Freelancer' │        9n         │ 10000003156402867965729n │
│    4    │ '0x5eb15C0992734B5e77c888D713b4FC67b3D679A2' │ '0xF8e31cb472bc70500f08Cd84917E5A1912Ec8397' │         6n          │ 10000003168892848241422n │ 'Freelancer' │        7n         │ 10000003145814869323154n │
│    5    │ '0x7Ebb637fd68c523613bE51aad27C35C4DB199B9c' │ '0xF8e31cb472bc70500f08Cd84917E5A1912Ec8397' │         9n          │ 10000003160886849293483n │ 'Freelancer' │        10n        │ 10000003135161870354039n │
│    6    │ '0x3c3E2E178C69D4baD964568415a0f0c84fd6320A' │ '0xF8e31cb472bc70500f08Cd84917E5A1912Ec8397' │         6n          │ 10000003153075850055844n │   'Client'   │        7n         │ 10000003124638871094704n │
│    7    │ '0x35304262b9E87C00c430149f28dD154995d01207' │ '0xF8e31cb472bc70500f08Cd84917E5A1912Ec8397' │         9n          │ 10000003145004850626382n │ 'Freelancer' │        10n        │ 10000003113985871644586n │
│    8    │ '0xD4A1E660C916855229e1712090CcfD8a424A2E33' │ '0xF8e31cb472bc70500f08Cd84917E5A1912Ec8397' │         7n          │ 10000003137128851095905n │ 'Freelancer' │        8n         │ 10000003103462872092933n │
│    9    │ '0xEe7f6A930B29d7350498Af97f0F9672EaecbeeFf' │ '0xF8e31cb472bc70500f08Cd84917E5A1912Ec8397' │         5n          │ 10000003129187851360518n │   'Client'   │        6n         │ 10000003092809872335850n │
│   10    │ '0x145e2dc5C8238d1bE628F87076A37d4a26a78544' │ '0xF8e31cb472bc70500f08Cd84917E5A1912Ec8397' │         8n          │ 10000003121116851634484n │   'Client'   │        9n         │ 10000003082091872588640n │
│   11    │ '0xD6A098EbCc5f8Bd4e174D915C54486B077a34A51' │ '0xF8e31cb472bc70500f08Cd84917E5A1912Ec8397' │         4n          │ 10000003118105851964708n │   'Client'   │        5n         │ 10000003076433872897688n │
│   12    │ '0x042a63149117602129B6922ecFe3111168C2C323' │ '0xF8e31cb472bc70500f08Cd84917E5A1912Ec8397' │         8n          │ 10000003105299852083026n │   'Client'   │        9n         │ 10000003060980872994830n │
│   13    │ '0xa0EC9eE47802CeB56eb58ce80F3E41630B771b04' │ '0xF8e31cb472bc70500f08Cd84917E5A1912Ec8397' │         8n          │ 10000003097423852020018n │   'Client'   │        9n         │ 10000003050457872910646n │
│   14    │ '0xe8B1ff302A740fD2C6e76B620d45508dAEc2DDFf' │ '0xF8e31cb472bc70500f08Cd84917E5A1912Ec8397' │         13n         │ 10000003089482851956490n │   'Client'   │        14n        │ 10000003039869872825942n │
│   15    │ '0xAb707cb80e7de7C75d815B1A653433F3EEc44c74' │ '0xF8e31cb472bc70500f08Cd84917E5A1912Ec8397' │         10n         │ 10000003081541851892962n │ 'Freelancer' │        11n        │ 10000003029346872741758n │
│   16    │ '0x0d803cdeEe5990f22C2a8DF10A695D2312dA26CC' │ '0xF8e31cb472bc70500f08Cd84917E5A1912Ec8397' │         9n          │ 10000003073535851828914n │ 'Freelancer' │        10n        │ 10000003018693872656534n │
│   17    │ '0x1c87Bb9234aeC6aDc580EaE6C8B59558A4502220' │ '0xF8e31cb472bc70500f08Cd84917E5A1912Ec8397' │         7n          │ 10000003065659851765906n │ 'Freelancer' │        8n         │ 10000003008170872572350n │
│   18    │ '0x4779d18931B35540F84b0cd0e9633855B84df7b8' │ '0xF8e31cb472bc70500f08Cd84917E5A1912Ec8397' │         5n          │ 10000003057653851701858n │ 'Freelancer' │        6n         │ 10000002997517872487126n │
│   19    │ '0xC0543b0b980D8c834CBdF023b2d2A75b5f9D1909' │ '0xF8e31cb472bc70500f08Cd84917E5A1912Ec8397' │         8n          │ 10000003049712851638330n │ 'Freelancer' │        9n         │ 10000002986929872402422n │
│   20    │ '0x73B3074ac649A8dc31c2C90a124469456301a30F' │ '0xF8e31cb472bc70500f08Cd84917E5A1912Ec8397' │         13n         │ 10000003041836851575322n │ 'Freelancer' │        14n        │ 10000002976406872318238n │
│   21    │ '0x265188114EB5d5536BC8654d8e9710FE72C28c4d' │ '0xF8e31cb472bc70500f08Cd84917E5A1912Ec8397' │         7n          │ 10000003033895851511794n │   'Client'   │        8n         │ 10000002965753872233014n │
│   22    │ '0x924Ba5Ce9f91ddED37b4ebf8c0dc82A40202fc0A' │ '0xF8e31cb472bc70500f08Cd84917E5A1912Ec8397' │         13n         │ 10000003025954851448266n │   'Client'   │        14n        │ 10000002955165872148310n │
│   23    │ '0x64492E25C30031EDAD55E57cEA599CDB1F06dad1' │ '0xF8e31cb472bc70500f08Cd84917E5A1912Ec8397' │         7n          │ 10000003018013851384738n │   'Client'   │        8n         │ 10000002944577872063606n │
│   24    │ '0x262595fa2a3A86adACDe208589614d483e3eF1C0' │ '0xF8e31cb472bc70500f08Cd84917E5A1912Ec8397' │         9n          │ 10000003010137851321730n │   'Client'   │        10n        │ 10000002934054871979422n │
│   25    │ '0xDFd99099Fa13541a64AEe9AAd61c0dbf3D32D492' │ '0xF8e31cb472bc70500f08Cd84917E5A1912Ec8397' │         7n          │ 10000003002131851257682n │   'Client'   │        8n         │ 10000002923401871894198n │
│   26    │ '0x63c3686EF31C03a641e2Ea8993A91Ea351e5891a' │ '0xF8e31cb472bc70500f08Cd84917E5A1912Ec8397' │         10n         │ 10000002994255851194674n │ 'Freelancer' │        11n        │ 10000002912943871810534n │
│   27    │ '0x9394cb5f737Bd3aCea7dcE90CA48DBd42801EE5d' │ '0xF8e31cb472bc70500f08Cd84917E5A1912Ec8397' │         10n         │ 10000002986249851130626n │   'Client'   │        11n        │ 10000002902225871724790n │
│   28    │ '0x344dca30F5c5f74F2f13Dc1d48Ad3A9069d13Ad9' │ '0xF8e31cb472bc70500f08Cd84917E5A1912Ec8397' │         10n         │ 10000002978243851066578n │   'Client'   │        11n        │ 10000002891572871639566n │
│   29    │ '0xF23E054D8b4D0BECFa22DeEF5632F27f781f8bf5' │ '0xF8e31cb472bc70500f08Cd84917E5A1912Ec8397' │         8n          │ 10000002970367851003570n │   'Client'   │        9n         │ 10000002881049871555382n │
│   30    │ '0x6d69F301d1Da5C7818B5e61EECc745b30179C68b' │ '0xF8e31cb472bc70500f08Cd84917E5A1912Ec8397' │         5n          │ 10000002962426850940042n │   'Client'   │        6n         │ 10000002870461871470678n │
│   31    │ '0xF0cE7BaB13C99bA0565f426508a7CD8f4C247E5a' │ '0xF8e31cb472bc70500f08Cd84917E5A1912Ec8397' │         6n          │ 10000002954485850876514n │   'Client'   │        7n         │ 10000002859873871385974n │
│   32    │ '0x011bD5423C5F77b5a0789E27f922535fd76B688F' │ '0xF8e31cb472bc70500f08Cd84917E5A1912Ec8397' │         12n         │ 10000002946544850812986n │   'Client'   │        13n        │ 10000002849285871301270n │
│   33    │ '0xD9065f27e9b706E5F7628e067cC00B288dddbF19' │ '0xF8e31cb472bc70500f08Cd84917E5A1912Ec8397' │         9n          │ 10000002938538850748938n │ 'Freelancer' │        10n        │ 10000002838697871216566n │
│   34    │ '0x54ccCeB38251C29b628ef8B00b3cAB97e7cAc7D5' │ '0xF8e31cb472bc70500f08Cd84917E5A1912Ec8397' │         6n          │ 10000002930662850685930n │   'Client'   │        7n         │ 10000002828109871131862n │
│   35    │ '0xA1196426b41627ae75Ea7f7409E074BE97367da2' │ '0xF8e31cb472bc70500f08Cd84917E5A1912Ec8397' │         13n         │ 10000002922721850622402n │   'Client'   │        14n        │ 10000002817521871047158n │
│   36    │ '0xE74cEf90b6CF1a77FEfAd731713e6f53e575C183' │ '0xF8e31cb472bc70500f08Cd84917E5A1912Ec8397' │         4n          │ 10000002919450850596234n │   'Client'   │        5n         │ 10000002811603870999814n │
│   37    │ '0x7Df8Efa6d6F1CB5C4f36315e0AcB82b02Ae8BA40' │ '0xF8e31cb472bc70500f08Cd84917E5A1912Ec8397' │         9n          │ 10000002906774850494826n │   'Client'   │        10n        │ 10000002796280870877230n │
│   38    │ '0x9E126C57330FA71556628e0aabd6B6B6783d99fA' │ '0xF8e31cb472bc70500f08Cd84917E5A1912Ec8397' │         9n          │ 10000001615588840165338n │   'Client'   │        10n        │ 10000000284898850786174n │
│   39    │ '0x586BA39027A74e8D40E6626f89Ae97bA7f616644' │ '0xF8e31cb472bc70500f08Cd84917E5A1912Ec8397' │         7n          │ 10000002925128827927030n │   'Client'   │        7n         │ 10000002851032827334262n │
│   40    │ '0x9A50ed082Cf2fc003152580dcDB320B834fA379E' │ '0xF8e31cb472bc70500f08Cd84917E5A1912Ec8397' │         7n          │ 10000002919769827884158n │   'Client'   │        7n         │ 10000002845673827291390n │
│   41    │ '0xbc8183bac3E969042736f7af07f76223D11D2148' │ '0xF8e31cb472bc70500f08Cd84917E5A1912Ec8397' │         8n          │ 10000002914540827842326n │   'Client'   │        8n         │ 10000002840444827249558n │
│   42    │ '0x586aF62EAe7F447D14D25f53918814e04d3A5BA4' │ '0xF8e31cb472bc70500f08Cd84917E5A1912Ec8397' │         7n          │ 10000002909246827799974n │ 'Freelancer' │        7n         │ 10000002835150827207206n │
│   43    │ '0xCcDd262f272Ee6C226266eEa13eE48D4d932Ce66' │ '0xF8e31cb472bc70500f08Cd84917E5A1912Ec8397' │         6n          │ 10000001574066817118534n │   'Client'   │        6n         │ 10000001499970816525766n │
│   44    │ '0xF0eeDDC5e015d4c459590E01Dcc2f2FD1d2baac7' │ '0xF8e31cb472bc70500f08Cd84917E5A1912Ec8397' │         11n         │ 9999999606622374704888n  │ 'Freelancer' │        11n        │ 9999999532526374112120n  │
│   45    │ '0x4edFEDFf17ab9642F8464D6143900903dD21421a' │ '0xF8e31cb472bc70500f08Cd84917E5A1912Ec8397' │         4n          │ 9999999604040374684232n  │   'Client'   │        4n         │ 9999999529944374091464n  │
│   46    │ '0x492C973C16E8aeC46f4d71716E91b05B245377C9' │ '0xF8e31cb472bc70500f08Cd84917E5A1912Ec8397' │         4n          │ 9999999601328374662536n  │ 'Freelancer' │        4n         │ 9999999527232374069768n  │
│   47    │ '0xE5D3ab6883b7e8c35c04675F28BB992Ca1129ee4' │ '0xF8e31cb472bc70500f08Cd84917E5A1912Ec8397' │         6n          │ 9999999598746374641880n  │   'Client'   │        6n         │ 9999999524650374049112n  │
│   48    │ '0x71F280DEA6FC5a03790941Ad72956f545FeB7a52' │ '0xF8e31cb472bc70500f08Cd84917E5A1912Ec8397' │         8n          │ 9999998148663363041216n  │ 'Freelancer' │        8n         │ 9999998074567362448448n  │
│   49    │ '0xE77478D9E136D3643cFc6fef578Abf63F9Ab91B1' │ '0xF8e31cb472bc70500f08Cd84917E5A1912Ec8397' │         1n          │ 9999999777711998221696n  │ 'Freelancer' │        1n         │ 9999999703615997628928n  │
└─────────┴──────────────────────────────────────────────┴──────────────────────────────────────────────┴─────────────────────┴──────────────────────────┴──────────────┴───────────────────┴──────────────────────────┘
Client7 deposited 170301142059438880 Wei for milestone 1 of contract 7
Contracts7 balance: 178816199162410824 Wei and client7 balance: 9999821120997837086752 Wei
Milestone 1 Completed! of contract 7
Client7 confirmed milestone 1 of contract 7
Contracts7 balance: 0 Wei and freelancer7 balance: 10000170219099058782536 Wei
Client7 deposited 70305853579735632 Wei for milestone 2 of contract 7
Contracts7 balance: 73821146258722413 Wei and client7 balance: 9999747171002577333547 Wei
Milestone 2 Completed! of contract 7
Client7 confirmed milestone 2 of contract 7
Contracts7 balance: 0 Wei and freelancer7 balance: 10000240477109638135424 Wei
Client7 deposited 80569490843539328 Wei for milestone 3 of contract 7
Contracts7 balance: 84597965385716294 Wei and client7 balance: 9999662461276190723165 Wei
Milestone 3 Completed! of contract 7
Client7 confirmed milestone 3 of contract 7
Contracts7 balance: 0 Wei and freelancer7 balance: 10000320998757481292008 Wei
Client7 deposited 24758641948796844 Wei for milestone 4 of contract 7
Contracts7 balance: 25996574046236686 Wei and client7 balance: 9999636352953143592487 Wei
Milestone 4 Completed! of contract 7
Client7 confirmed milestone 4 of contract 7
Contracts7 balance: 0 Wei and freelancer7 balance: 10000345709556429706108 Wei
Client7 deposited 257154636422656736 Wei for milestone 5 of contract 7
Contracts7 balance: 3274808115146913781 Wei and client7 balance: 9996361428680995749450 Wei
Milestone 5 Completed! of contract 7
Client7 confirmed milestone 5 of contract 7
Contracts7 balance: 0 Wei and freelancer7 balance: 10003464526574997812600 Wei
------------------------------------------
Contract 7 completed successfully
Final balance of contract7: 0 Wei
Final balance of client7: 9996361363369995226962 Wei
Final balance of freelancer7: 10003464526574997812600 Wei
------------------------------------------
Client8 deposited 1349564682086399744 Wei for milestone 1 of contract 8
Contracts8 balance: 3273375000000000000 Wei and client8 balance: 9996726557812999462504 Wei
Milestone 1 Completed! of contract 8
Client8 confirmed milestone 1 of contract 8
Contracts8 balance: 0 Wei and freelancer8 balance: 10003117417946999343576 Wei
------------------------------------------
Contract 8 completed successfully
Final balance of contract8: 0 Wei
Final balance of client8: 9996726475401998803216 Wei
Final balance of freelancer8: 10003117417946999343576 Wei
------------------------------------------
Client9 deposited 982756668447809792 Wei for milestone 1 of contract 9
Contracts9 balance: 4341435000000000000 Wei and client9 balance: 9995658497812999462504 Wei
Milestone 1 Completed! of contract 9
Client9 confirmed milestone 1 of contract 9
Contracts9 balance: 0 Wei and freelancer9 balance: 10004134617946999343576 Wei
------------------------------------------
Contract 9 completed successfully
Final balance of contract9: 0 Wei
Final balance of client9: 9995658415401998803216 Wei
Final balance of freelancer9: 10004134617946999343576 Wei
------------------------------------------
Client10 deposited 1407368051632462336 Wei for milestone 1 of contract 10
Contracts10 balance: 1477736454214085452 Wei and client10 balance: 9998522200754785412220 Wei
Milestone 1 Completed! of contract 10
Client10 confirmed milestone 1 of contract 10
Contracts10 balance: 0 Wei and freelancer10 balance: 10001407286008631805992 Wei
Client10 deposited 373600722101245056 Wei for milestone 2 of contract 10
Contracts10 balance: 392280758206307308 Wei and client10 balance: 9998129791135578074024 Wei
Milestone 2 Completed! of contract 10
Client10 confirmed milestone 2 of contract 10
Contracts10 balance: 0 Wei and freelancer10 balance: 10001780838887732668304 Wei
Client10 deposited 590559378934639232 Wei for milestone 3 of contract 10
Contracts10 balance: 7406627787579607238 Wei and client10 balance: 9990723047190997537530 Wei
Client10 raised a dispute for milestone 3 of contract 10

=======================================
 Contract10 ARBITRATORS VOTES INFO 
=======================================

Arbitrator47 could not vote on dispute for contract10 as the contract has been resolved
Arbitrator48 could not vote on dispute for contract10 as the contract has been resolved
Arbitrator49 could not vote on dispute for contract10 as the contract has been resolved
Arbitrator50 could not vote on dispute for contract10 as the contract has been resolved
┌─────────┬──────────────────────────────────────────────┬──────────────────────────────────────────────┬─────────────────────┬──────────────────────────┬──────────────┬───────────────────┬──────────────────────────┐
│ (index) │                  Arbitrator                  │                   Contract                   │ InitialTokenBalance │      InitialBalance      │   VotedFor   │ FinalTokenBalance │       FinalBalance       │
├─────────┼──────────────────────────────────────────────┼──────────────────────────────────────────────┼─────────────────────┼──────────────────────────┼──────────────┼───────────────────┼──────────────────────────┤
│    0    │ '0x08A2DE6F3528319123b25935C92888B16db8913E' │ '0xD0141E899a65C95a556fE2B27e5982A6DE7fDD7A' │         5n          │ 10000002976436855447320n │ 'Freelancer' │        6n         │ 10000006606483128963148n │
│    1    │ '0xe141C82D99D85098e03E1a1cC1CdE676556fDdE0' │ '0xD0141E899a65C95a556fE2B27e5982A6DE7fDD7A' │         9n          │ 10000003126213862600203n │ 'Freelancer' │        10n        │ 10000006807713136527655n │
│    2    │ '0x4b23D303D9e3719D6CDf8d172Ea030F80509ea15' │ '0xD0141E899a65C95a556fE2B27e5982A6DE7fDD7A' │         5n          │ 10000003154690866362614n │   'Client'   │        6n         │ 10000006816378140131570n │
│    3    │ '0xC004e69C5C04A223463Ff32042dd36DabF63A25a' │ '0xD0141E899a65C95a556fE2B27e5982A6DE7fDD7A' │         9n          │ 10000003156402867965729n │   'Client'   │        10n        │ 10000006832543141850309n │
│    4    │ '0x5eb15C0992734B5e77c888D713b4FC67b3D679A2' │ '0xD0141E899a65C95a556fE2B27e5982A6DE7fDD7A' │         7n          │ 10000003145814869323154n │   'Client'   │        8n         │ 10000006819308143186558n │
│    5    │ '0x7Ebb637fd68c523613bE51aad27C35C4DB199B9c' │ '0xD0141E899a65C95a556fE2B27e5982A6DE7fDD7A' │         10n         │ 10000003135161870354039n │   'Client'   │        11n        │ 10000006806008144196267n │
│    6    │ '0x3c3E2E178C69D4baD964568415a0f0c84fd6320A' │ '0xD0141E899a65C95a556fE2B27e5982A6DE7fDD7A' │         7n          │ 10000003124638871094704n │ 'Freelancer' │        8n         │ 10000006792903144916276n │
│    7    │ '0x35304262b9E87C00c430149f28dD154995d01207' │ '0xD0141E899a65C95a556fE2B27e5982A6DE7fDD7A' │         10n         │ 10000003113985871644586n │   'Client'   │        11n        │ 10000006779538145444462n │
│    8    │ '0xD4A1E660C916855229e1712090CcfD8a424A2E33' │ '0xD0141E899a65C95a556fE2B27e5982A6DE7fDD7A' │         8n          │ 10000003103462872092933n │ 'Freelancer' │        9n         │ 10000006766433145872153n │
│    9    │ '0xEe7f6A930B29d7350498Af97f0F9672EaecbeeFf' │ '0xD0141E899a65C95a556fE2B27e5982A6DE7fDD7A' │         6n          │ 10000003092809872335850n │ 'Freelancer' │        7n         │ 10000006753133146093894n │
│   10    │ '0x145e2dc5C8238d1bE628F87076A37d4a26a78544' │ '0xD0141E899a65C95a556fE2B27e5982A6DE7fDD7A' │         9n          │ 10000003082091872588640n │   'Client'   │        10n        │ 10000006739703146324988n │
│   11    │ '0xD6A098EbCc5f8Bd4e174D915C54486B077a34A51' │ '0xD0141E899a65C95a556fE2B27e5982A6DE7fDD7A' │         5n          │ 10000003076433872897688n │   'Client'   │        6n         │ 10000006731398146612860n │
│   12    │ '0x042a63149117602129B6922ecFe3111168C2C323' │ '0xD0141E899a65C95a556fE2B27e5982A6DE7fDD7A' │         9n          │ 10000003060980872994830n │   'Client'   │        10n        │ 10000006713298146688826n │
│   13    │ '0xa0EC9eE47802CeB56eb58ce80F3E41630B771b04' │ '0xD0141E899a65C95a556fE2B27e5982A6DE7fDD7A' │         9n          │ 10000003050457872910646n │ 'Freelancer' │        10n        │ 10000006700193146583986n │
│   14    │ '0xe8B1ff302A740fD2C6e76B620d45508dAEc2DDFf' │ '0xD0141E899a65C95a556fE2B27e5982A6DE7fDD7A' │         14n         │ 10000003039869872825942n │   'Client'   │        15n        │ 10000006686893146477586n │
│   15    │ '0xAb707cb80e7de7C75d815B1A653433F3EEc44c74' │ '0xD0141E899a65C95a556fE2B27e5982A6DE7fDD7A' │         11n         │ 10000003029346872741758n │ 'Freelancer' │        12n        │ 10000006673788146372746n │
│   16    │ '0x0d803cdeEe5990f22C2a8DF10A695D2312dA26CC' │ '0xD0141E899a65C95a556fE2B27e5982A6DE7fDD7A' │         10n         │ 10000003018693872656534n │ 'Freelancer' │        11n        │ 10000006660488146266346n │
│   17    │ '0x1c87Bb9234aeC6aDc580EaE6C8B59558A4502220' │ '0xD0141E899a65C95a556fE2B27e5982A6DE7fDD7A' │         8n          │ 10000003008170872572350n │   'Client'   │        9n         │ 10000006647253146160466n │
│   18    │ '0x4779d18931B35540F84b0cd0e9633855B84df7b8' │ '0xD0141E899a65C95a556fE2B27e5982A6DE7fDD7A' │         6n          │ 10000002997517872487126n │ 'Freelancer' │        7n         │ 10000006634018146054586n │
│   19    │ '0xC0543b0b980D8c834CBdF023b2d2A75b5f9D1909' │ '0xD0141E899a65C95a556fE2B27e5982A6DE7fDD7A' │         9n          │ 10000002986929872402422n │   'Client'   │        10n        │ 10000006620718145948186n │
│   20    │ '0x73B3074ac649A8dc31c2C90a124469456301a30F' │ '0xD0141E899a65C95a556fE2B27e5982A6DE7fDD7A' │         14n         │ 10000002976406872318238n │ 'Freelancer' │        15n        │ 10000006607613145843346n │
│   21    │ '0x265188114EB5d5536BC8654d8e9710FE72C28c4d' │ '0xD0141E899a65C95a556fE2B27e5982A6DE7fDD7A' │         8n          │ 10000002965753872233014n │ 'Freelancer' │        9n         │ 10000006594313145736946n │
│   22    │ '0x924Ba5Ce9f91ddED37b4ebf8c0dc82A40202fc0A' │ '0xD0141E899a65C95a556fE2B27e5982A6DE7fDD7A' │         14n         │ 10000002955165872148310n │ 'Freelancer' │        15n        │ 10000006581078145631066n │
│   23    │ '0x64492E25C30031EDAD55E57cEA599CDB1F06dad1' │ '0xD0141E899a65C95a556fE2B27e5982A6DE7fDD7A' │         8n          │ 10000002944577872063606n │ 'Freelancer' │        9n         │ 10000006567843145525186n │
│   24    │ '0x262595fa2a3A86adACDe208589614d483e3eF1C0' │ '0xD0141E899a65C95a556fE2B27e5982A6DE7fDD7A' │         10n         │ 10000002934054871979422n │ 'Freelancer' │        11n        │ 10000006554673145419826n │
│   25    │ '0xDFd99099Fa13541a64AEe9AAd61c0dbf3D32D492' │ '0xD0141E899a65C95a556fE2B27e5982A6DE7fDD7A' │         8n          │ 10000002923401871894198n │ 'Freelancer' │        9n         │ 10000006541373145313426n │
│   26    │ '0x63c3686EF31C03a641e2Ea8993A91Ea351e5891a' │ '0xD0141E899a65C95a556fE2B27e5982A6DE7fDD7A' │         11n         │ 10000002912943871810534n │ 'Freelancer' │        12n        │ 10000006528268145208586n │
│   27    │ '0x9394cb5f737Bd3aCea7dcE90CA48DBd42801EE5d' │ '0xD0141E899a65C95a556fE2B27e5982A6DE7fDD7A' │         11n         │ 10000002902225871724790n │ 'Freelancer' │        12n        │ 10000006514903145101666n │
│   28    │ '0x344dca30F5c5f74F2f13Dc1d48Ad3A9069d13Ad9' │ '0xD0141E899a65C95a556fE2B27e5982A6DE7fDD7A' │         11n         │ 10000002891572871639566n │ 'Freelancer' │        12n        │ 10000006501603144995266n │
│   29    │ '0xF23E054D8b4D0BECFa22DeEF5632F27f781f8bf5' │ '0xD0141E899a65C95a556fE2B27e5982A6DE7fDD7A' │         9n          │ 10000002881049871555382n │   'Client'   │        10n        │ 10000006488368144889386n │
│   30    │ '0x6d69F301d1Da5C7818B5e61EECc745b30179C68b' │ '0xD0141E899a65C95a556fE2B27e5982A6DE7fDD7A' │         6n          │ 10000002870461871470678n │   'Client'   │        7n         │ 10000006475133144783506n │
│   31    │ '0xF0cE7BaB13C99bA0565f426508a7CD8f4C247E5a' │ '0xD0141E899a65C95a556fE2B27e5982A6DE7fDD7A' │         7n          │ 10000002859873871385974n │   'Client'   │        8n         │ 10000006461898144677626n │
│   32    │ '0x011bD5423C5F77b5a0789E27f922535fd76B688F' │ '0xD0141E899a65C95a556fE2B27e5982A6DE7fDD7A' │         13n         │ 10000002849285871301270n │   'Client'   │        14n        │ 10000006448663144571746n │
│   33    │ '0xD9065f27e9b706E5F7628e067cC00B288dddbF19' │ '0xD0141E899a65C95a556fE2B27e5982A6DE7fDD7A' │         10n         │ 10000002838697871216566n │   'Client'   │        11n        │ 10000006435428144465866n │
│   34    │ '0x54ccCeB38251C29b628ef8B00b3cAB97e7cAc7D5' │ '0xD0141E899a65C95a556fE2B27e5982A6DE7fDD7A' │         7n          │ 10000002828109871131862n │   'Client'   │        8n         │ 10000006422193144359986n │
│   35    │ '0xA1196426b41627ae75Ea7f7409E074BE97367da2' │ '0xD0141E899a65C95a556fE2B27e5982A6DE7fDD7A' │         14n         │ 10000002817521871047158n │   'Client'   │        15n        │ 10000006408958144254106n │
│   36    │ '0xE74cEf90b6CF1a77FEfAd731713e6f53e575C183' │ '0xD0141E899a65C95a556fE2B27e5982A6DE7fDD7A' │         5n          │ 10000002811603870999814n │   'Client'   │        6n         │ 10000006400393144185586n │
│   37    │ '0x7Df8Efa6d6F1CB5C4f36315e0AcB82b02Ae8BA40' │ '0xD0141E899a65C95a556fE2B27e5982A6DE7fDD7A' │         10n         │ 10000002796280870877230n │   'Client'   │        11n        │ 10000006382423144041826n │
│   38    │ '0x9E126C57330FA71556628e0aabd6B6B6783d99fA' │ '0xD0141E899a65C95a556fE2B27e5982A6DE7fDD7A' │         10n         │ 10000000284898850786174n │ 'Freelancer' │        11n        │ 10000003868459123930114n │
│   39    │ '0x586BA39027A74e8D40E6626f89Ae97bA7f616644' │ '0xD0141E899a65C95a556fE2B27e5982A6DE7fDD7A' │         7n          │ 10000002851032827334262n │ 'Freelancer' │        8n         │ 10000006431946100457026n │
│   40    │ '0x9A50ed082Cf2fc003152580dcDB320B834fA379E' │ '0xD0141E899a65C95a556fE2B27e5982A6DE7fDD7A' │         7n          │ 10000002845673827291390n │   'Client'   │        8n         │ 10000006423875100392458n │
│   41    │ '0xbc8183bac3E969042736f7af07f76223D11D2148' │ '0xD0141E899a65C95a556fE2B27e5982A6DE7fDD7A' │         8n          │ 10000002840444827249558n │ 'Freelancer' │        9n         │ 10000006416064100329970n │
│   42    │ '0x586aF62EAe7F447D14D25f53918814e04d3A5BA4' │ '0xD0141E899a65C95a556fE2B27e5982A6DE7fDD7A' │         7n          │ 10000002835150827207206n │   'Client'   │        8n         │ 10000006408058100265922n │
│   43    │ '0xCcDd262f272Ee6C226266eEa13eE48D4d932Ce66' │ '0xD0141E899a65C95a556fE2B27e5982A6DE7fDD7A' │         6n          │ 10000001499970816525766n │   'Client'   │        7n         │ 10000005070231089563306n │
│   44    │ '0xF0eeDDC5e015d4c459590E01Dcc2f2FD1d2baac7' │ '0xD0141E899a65C95a556fE2B27e5982A6DE7fDD7A' │         11n         │ 9999999532526374112120n  │   'Client'   │        12n        │ 10000003100139647128484n │
│   45    │ '0x4edFEDFf17ab9642F8464D6143900903dD21421a' │ '0xD0141E899a65C95a556fE2B27e5982A6DE7fDD7A' │         4n          │ 9999999529944374091464n  │   'Client'   │        5n         │ 10000001716485636059252n │
│   46    │ '0x492C973C16E8aeC46f4d71716E91b05B245377C9' │ '0xD0141E899a65C95a556fE2B27e5982A6DE7fDD7A' │         4n          │ 9999999527232374069768n  │ 'Freelancer' │        4n         │ 9999999453136373477000n  │
│   47    │ '0xE5D3ab6883b7e8c35c04675F28BB992Ca1129ee4' │ '0xD0141E899a65C95a556fE2B27e5982A6DE7fDD7A' │         6n          │ 9999999524650374049112n  │ 'Freelancer' │        6n         │ 9999999450554373456344n  │
│   48    │ '0x71F280DEA6FC5a03790941Ad72956f545FeB7a52' │ '0xD0141E899a65C95a556fE2B27e5982A6DE7fDD7A' │         8n          │ 9999998074567362448448n  │   'Client'   │        8n         │ 9999998000471361855680n  │
│   49    │ '0xE77478D9E136D3643cFc6fef578Abf63F9Ab91B1' │ '0xD0141E899a65C95a556fE2B27e5982A6DE7fDD7A' │         1n          │ 9999999703615997628928n  │ 'Freelancer' │        1n         │ 9999999629519997036160n  │
└─────────┴──────────────────────────────────────────────┴──────────────────────────────────────────────┴─────────────────────┴──────────────────────────┴──────────────┴───────────────────┴──────────────────────────┘
Client11 deposited 185677808436336288 Wei for milestone 1 of contract 11
Contracts11 balance: 194961698858153102 Wei and client11 balance: 9999804975498141344474 Wei
Milestone 1 Completed! of contract 11
Client11 confirmed milestone 1 of contract 11
Contracts11 balance: 0 Wei and freelancer11 balance: 10000185595765435679944 Wei
Client11 deposited 131356006962057920 Wei for milestone 2 of contract 11
Contracts11 balance: 1082783301141846897 Wei and client11 balance: 9998722058939998431521 Wei
Milestone 2 Completed! of contract 11
Client11 confirmed milestone 2 of contract 11
Contracts11 balance: 0 Wei and freelancer11 balance: 10001216770103998960832 Wei
------------------------------------------
Contract 11 completed successfully
Final balance of contract11: 0 Wei
Final balance of client11: 9998721993628997909033 Wei
Final balance of freelancer11: 10001216770103998960832 Wei
------------------------------------------
Client12 deposited 863903364779360256 Wei for milestone 1 of contract 12
Contracts12 balance: 907098533018328268 Wei and client12 balance: 9999092838675981169404 Wei
Milestone 1 Completed! of contract 12
Client12 confirmed milestone 1 of contract 12
Contracts12 balance: 0 Wei and freelancer12 balance: 10000863821321778703912 Wei
Client12 deposited 201934895955740288 Wei for milestone 2 of contract 12
Contracts12 balance: 212031640753527302 Wei and client12 balance: 9998880678174226611214 Wei
Client12 raised a dispute for milestone 2 of contract 12

=======================================
 Contract12 ARBITRATORS VOTES INFO 
=======================================

Arbitrator47 could not vote on dispute for contract12 as the contract has been resolved
Arbitrator48 could not vote on dispute for contract12 as the contract has been resolved
Arbitrator49 could not vote on dispute for contract12 as the contract has been resolved
Arbitrator50 could not vote on dispute for contract12 as the contract has been resolved
┌─────────┬──────────────────────────────────────────────┬──────────────────────────────────────────────┬─────────────────────┬──────────────────────────┬──────────────┬───────────────────┬──────────────────────────┐
│ (index) │                  Arbitrator                  │                   Contract                   │ InitialTokenBalance │      InitialBalance      │   VotedFor   │ FinalTokenBalance │       FinalBalance       │
├─────────┼──────────────────────────────────────────────┼──────────────────────────────────────────────┼─────────────────────┼──────────────────────────┼──────────────┼───────────────────┼──────────────────────────┤
│    0    │ '0x08A2DE6F3528319123b25935C92888B16db8913E' │ '0x22753E4264FDDc6181dc7cce468904A80a363E44' │         6n          │ 10000006606483128963148n │   'Client'   │        7n         │ 10000006512553353396634n │
│    1    │ '0xe141C82D99D85098e03E1a1cC1CdE676556fDdE0' │ '0x22753E4264FDDc6181dc7cce468904A80a363E44' │         10n         │ 10000006807713136527655n │ 'Freelancer' │        11n        │ 10000006748201361236485n │
│    2    │ '0x4b23D303D9e3719D6CDf8d172Ea030F80509ea15' │ '0x22753E4264FDDc6181dc7cce468904A80a363E44' │         6n          │ 10000006816378140131570n │ 'Freelancer' │        7n         │ 10000006771319364956024n │
│    3    │ '0xC004e69C5C04A223463Ff32042dd36DabF63A25a' │ '0x22753E4264FDDc6181dc7cce468904A80a363E44' │         10n         │ 10000006832543141850309n │ 'Freelancer' │        11n        │ 10000006784837366653587n │
│    4    │ '0x5eb15C0992734B5e77c888D713b4FC67b3D679A2' │ '0x22753E4264FDDc6181dc7cce468904A80a363E44' │         8n          │ 10000006819308143186558n │   'Client'   │        9n         │ 10000006768890367968140n │
│    5    │ '0x7Ebb637fd68c523613bE51aad27C35C4DB199B9c' │ '0x22753E4264FDDc6181dc7cce468904A80a363E44' │         11n         │ 10000006806008144196267n │ 'Freelancer' │        12n        │ 10000006753008368957193n │
│    6    │ '0x3c3E2E178C69D4baD964568415a0f0c84fd6320A' │ '0x22753E4264FDDc6181dc7cce468904A80a363E44' │         8n          │ 10000006792903144916276n │   'Client'   │        9n         │ 10000006737191369655506n │
│    7    │ '0x35304262b9E87C00c430149f28dD154995d01207' │ '0x22753E4264FDDc6181dc7cce468904A80a363E44' │         11n         │ 10000006779538145444462n │   'Client'   │        12n        │ 10000006721179370162516n │
│    8    │ '0xD4A1E660C916855229e1712090CcfD8a424A2E33' │ '0x22753E4264FDDc6181dc7cce468904A80a363E44' │         9n          │ 10000006766433145872153n │ 'Freelancer' │        10n        │ 10000006705492370569551n │
│    9    │ '0xEe7f6A930B29d7350498Af97f0F9672EaecbeeFf' │ '0x22753E4264FDDc6181dc7cce468904A80a363E44' │         7n          │ 10000006753133146093894n │   'Client'   │        8n         │ 10000006689480370769596n │
│   10    │ '0x145e2dc5C8238d1bE628F87076A37d4a26a78544' │ '0x22753E4264FDDc6181dc7cce468904A80a363E44' │         10n         │ 10000006739703146324988n │ 'Freelancer' │        11n        │ 10000006673468370980034n │
│   11    │ '0xD6A098EbCc5f8Bd4e174D915C54486B077a34A51' │ '0x22753E4264FDDc6181dc7cce468904A80a363E44' │         6n          │ 10000006731398146612860n │ 'Freelancer' │        7n         │ 10000006662516371246730n │
│   12    │ '0x042a63149117602129B6922ecFe3111168C2C323' │ '0x22753E4264FDDc6181dc7cce468904A80a363E44' │         10n         │ 10000006713298146688826n │ 'Freelancer' │        11n        │ 10000006641769371301520n │
│   13    │ '0xa0EC9eE47802CeB56eb58ce80F3E41630B771b04' │ '0x22753E4264FDDc6181dc7cce468904A80a363E44' │         10n         │ 10000006700193146583986n │ 'Freelancer' │        11n        │ 10000006626017371175504n │
│   14    │ '0xe8B1ff302A740fD2C6e76B620d45508dAEc2DDFf' │ '0x22753E4264FDDc6181dc7cce468904A80a363E44' │         15n         │ 10000006686893146477586n │   'Client'   │        16n        │ 10000006610005371047408n │
│   15    │ '0xAb707cb80e7de7C75d815B1A653433F3EEc44c74' │ '0x22753E4264FDDc6181dc7cce468904A80a363E44' │         12n         │ 10000006673788146372746n │   'Client'   │        13n        │ 10000006594253370921392n │
│   16    │ '0x0d803cdeEe5990f22C2a8DF10A695D2312dA26CC' │ '0x22753E4264FDDc6181dc7cce468904A80a363E44' │         11n         │ 10000006660488146266346n │   'Client'   │        12n        │ 10000006578306370793816n │
│   17    │ '0x1c87Bb9234aeC6aDc580EaE6C8B59558A4502220' │ '0x22753E4264FDDc6181dc7cce468904A80a363E44' │         9n          │ 10000006647253146160466n │   'Client'   │        10n        │ 10000006562424370666760n │
│   18    │ '0x4779d18931B35540F84b0cd0e9633855B84df7b8' │ '0x22753E4264FDDc6181dc7cce468904A80a363E44' │         7n          │ 10000006634018146054586n │ 'Freelancer' │        8n         │ 10000006546607370540224n │
│   19    │ '0xC0543b0b980D8c834CBdF023b2d2A75b5f9D1909' │ '0x22753E4264FDDc6181dc7cce468904A80a363E44' │         10n         │ 10000006620718145948186n │ 'Freelancer' │        11n        │ 10000006530660370412648n │
│   20    │ '0x73B3074ac649A8dc31c2C90a124469456301a30F' │ '0x22753E4264FDDc6181dc7cce468904A80a363E44' │         15n         │ 10000006607613145843346n │   'Client'   │        16n        │ 10000006514843370286112n │
│   21    │ '0x265188114EB5d5536BC8654d8e9710FE72C28c4d' │ '0x22753E4264FDDc6181dc7cce468904A80a363E44' │         9n          │ 10000006594313145736946n │ 'Freelancer' │        10n        │ 10000006498961370159056n │
│   22    │ '0x924Ba5Ce9f91ddED37b4ebf8c0dc82A40202fc0A' │ '0x22753E4264FDDc6181dc7cce468904A80a363E44' │         15n         │ 10000006581078145631066n │ 'Freelancer' │        16n        │ 10000006483079370032000n │
│   23    │ '0x64492E25C30031EDAD55E57cEA599CDB1F06dad1' │ '0x22753E4264FDDc6181dc7cce468904A80a363E44' │         9n          │ 10000006567843145525186n │   'Client'   │        10n        │ 10000006467132369904424n │
│   24    │ '0x262595fa2a3A86adACDe208589614d483e3eF1C0' │ '0x22753E4264FDDc6181dc7cce468904A80a363E44' │         11n         │ 10000006554673145419826n │ 'Freelancer' │        12n        │ 10000006451380369778408n │
│   25    │ '0xDFd99099Fa13541a64AEe9AAd61c0dbf3D32D492' │ '0x22753E4264FDDc6181dc7cce468904A80a363E44' │         9n          │ 10000006541373145313426n │   'Client'   │        10n        │ 10000006435368369650312n │
│   26    │ '0x63c3686EF31C03a641e2Ea8993A91Ea351e5891a' │ '0x22753E4264FDDc6181dc7cce468904A80a363E44' │         12n         │ 10000006528268145208586n │ 'Freelancer' │        13n        │ 10000006419681369524816n │
│   27    │ '0x9394cb5f737Bd3aCea7dcE90CA48DBd42801EE5d' │ '0x22753E4264FDDc6181dc7cce468904A80a363E44' │         12n         │ 10000006514903145101666n │   'Client'   │        13n        │ 10000006403604369396200n │
│   28    │ '0x344dca30F5c5f74F2f13Dc1d48Ad3A9069d13Ad9' │ '0x22753E4264FDDc6181dc7cce468904A80a363E44' │         12n         │ 10000006501603144995266n │   'Client'   │        13n        │ 10000006387657369268624n │
│   29    │ '0xF23E054D8b4D0BECFa22DeEF5632F27f781f8bf5' │ '0x22753E4264FDDc6181dc7cce468904A80a363E44' │         10n         │ 10000006488368144889386n │ 'Freelancer' │        11n        │ 10000006371840369142088n │
│   30    │ '0x6d69F301d1Da5C7818B5e61EECc745b30179C68b' │ '0x22753E4264FDDc6181dc7cce468904A80a363E44' │         7n          │ 10000006475133144783506n │   'Client'   │        8n         │ 10000006355893369014512n │
│   31    │ '0xF0cE7BaB13C99bA0565f426508a7CD8f4C247E5a' │ '0x22753E4264FDDc6181dc7cce468904A80a363E44' │         8n          │ 10000006461898144677626n │ 'Freelancer' │        9n         │ 10000006340076368887976n │
│   32    │ '0x011bD5423C5F77b5a0789E27f922535fd76B688F' │ '0x22753E4264FDDc6181dc7cce468904A80a363E44' │         14n         │ 10000006448663144571746n │   'Client'   │        15n        │ 10000006324129368760400n │
│   33    │ '0xD9065f27e9b706E5F7628e067cC00B288dddbF19' │ '0x22753E4264FDDc6181dc7cce468904A80a363E44' │         11n         │ 10000006435428144465866n │ 'Freelancer' │        12n        │ 10000006308312368633864n │
│   34    │ '0x54ccCeB38251C29b628ef8B00b3cAB97e7cAc7D5' │ '0x22753E4264FDDc6181dc7cce468904A80a363E44' │         8n          │ 10000006422193144359986n │   'Client'   │        9n         │ 10000006292365368506288n │
│   35    │ '0xA1196426b41627ae75Ea7f7409E074BE97367da2' │ '0x22753E4264FDDc6181dc7cce468904A80a363E44' │         15n         │ 10000006408958144254106n │ 'Freelancer' │        16n        │ 10000006276548368379752n │
│   36    │ '0xE74cEf90b6CF1a77FEfAd731713e6f53e575C183' │ '0x22753E4264FDDc6181dc7cce468904A80a363E44' │         6n          │ 10000006400393144185586n │   'Client'   │        7n         │ 10000006265271368289536n │
│   37    │ '0x7Df8Efa6d6F1CB5C4f36315e0AcB82b02Ae8BA40' │ '0x22753E4264FDDc6181dc7cce468904A80a363E44' │         11n         │ 10000006382423144041826n │   'Client'   │        12n        │ 10000006244654368124600n │
│   38    │ '0x9E126C57330FA71556628e0aabd6B6B6783d99fA' │ '0x22753E4264FDDc6181dc7cce468904A80a363E44' │         11n         │ 10000003868459123930114n │ 'Freelancer' │        12n        │ 10000003728108347992232n │
│   39    │ '0x586BA39027A74e8D40E6626f89Ae97bA7f616644' │ '0x22753E4264FDDc6181dc7cce468904A80a363E44' │         8n          │ 10000006431946100457026n │ 'Freelancer' │        9n         │ 10000006288948324497968n │
│   40    │ '0x9A50ed082Cf2fc003152580dcDB320B834fA379E' │ '0x22753E4264FDDc6181dc7cce468904A80a363E44' │         8n          │ 10000006423875100392458n │ 'Freelancer' │        9n         │ 10000006278230324412224n │
│   41    │ '0xbc8183bac3E969042736f7af07f76223D11D2148' │ '0x22753E4264FDDc6181dc7cce468904A80a363E44' │         9n          │ 10000006416064100329970n │   'Client'   │        10n        │ 10000006267707324328040n │
│   42    │ '0x586aF62EAe7F447D14D25f53918814e04d3A5BA4' │ '0x22753E4264FDDc6181dc7cce468904A80a363E44' │         8n          │ 10000006408058100265922n │ 'Freelancer' │        9n         │ 10000006257119324243336n │
│   43    │ '0xCcDd262f272Ee6C226266eEa13eE48D4d932Ce66' │ '0x22753E4264FDDc6181dc7cce468904A80a363E44' │         7n          │ 10000005070231089563306n │   'Client'   │        8n         │ 10000004916580313519024n │
│   44    │ '0xF0eeDDC5e015d4c459590E01Dcc2f2FD1d2baac7' │ '0x22753E4264FDDc6181dc7cce468904A80a363E44' │         12n         │ 10000003100139647128484n │ 'Freelancer' │        13n        │ 10000002943906871063546n │
│   45    │ '0x4edFEDFf17ab9642F8464D6143900903dD21421a' │ '0x22753E4264FDDc6181dc7cce468904A80a363E44' │         5n          │ 10000001716485636059252n │ 'Freelancer' │        6n         │ 10000000181754848966330n │
│   46    │ '0x492C973C16E8aeC46f4d71716E91b05B245377C9' │ '0x22753E4264FDDc6181dc7cce468904A80a363E44' │         4n          │ 9999999453136373477000n  │   'Client'   │        4n         │ 9999999379040372884232n  │
│   47    │ '0xE5D3ab6883b7e8c35c04675F28BB992Ca1129ee4' │ '0x22753E4264FDDc6181dc7cce468904A80a363E44' │         6n          │ 9999999450554373456344n  │ 'Freelancer' │        6n         │ 9999999376458372863576n  │
│   48    │ '0x71F280DEA6FC5a03790941Ad72956f545FeB7a52' │ '0x22753E4264FDDc6181dc7cce468904A80a363E44' │         8n          │ 9999998000471361855680n  │ 'Freelancer' │        8n         │ 9999997926375361262912n  │
│   49    │ '0xE77478D9E136D3643cFc6fef578Abf63F9Ab91B1' │ '0x22753E4264FDDc6181dc7cce468904A80a363E44' │         1n          │ 9999999629519997036160n  │   'Client'   │        1n         │ 9999999555423996443392n  │
└─────────┴──────────────────────────────────────────────┴──────────────────────────────────────────────┴─────────────────────┴──────────────────────────┴──────────────┴───────────────────┴──────────────────────────┘
Client13 deposited 285141735810407392 Wei for milestone 1 of contract 13
Contracts13 balance: 299398822600927761 Wei and client13 balance: 9999700538374398569815 Wei
Milestone 1 Completed! of contract 13
Client13 confirmed milestone 1 of contract 13
Contracts13 balance: 0 Wei and freelancer13 balance: 10000285059692809751048 Wei
Client13 deposited 359136952260732160 Wei for milestone 2 of contract 13
Contracts13 balance: 377093799873768768 Wei and client13 balance: 9999323315725523770255 Wei
Milestone 2 Completed! of contract 13
Client13 confirmed milestone 2 of contract 13
Contracts13 balance: 0 Wei and freelancer13 balance: 10000644148802070100464 Wei
Client13 deposited 198293206877106400 Wei for milestone 3 of contract 13
Contracts13 balance: 208207867220961720 Wei and client13 balance: 9999114996097301914447 Wei
Milestone 3 Completed! of contract 13
Client13 confirmed milestone 3 of contract 13
Contracts13 balance: 0 Wei and freelancer13 balance: 10000842394165946824120 Wei
Client13 deposited 309891337532858368 Wei for milestone 4 of contract 13
Contracts13 balance: 4008089510304341750 Wei and client13 balance: 9995106790441996643537 Wei
Milestone 4 Completed! of contract 13
Client13 confirmed milestone 4 of contract 13
Contracts13 balance: 0 Wei and freelancer13 balance: 10004659574417998195344 Wei
------------------------------------------
Contract 13 completed successfully
Final balance of contract13: 0 Wei
Final balance of client13: 9995106725130996121049 Wei
Final balance of freelancer13: 10004659574417998195344 Wei
------------------------------------------
Client14 deposited 420636826894168256 Wei for milestone 1 of contract 14
Contracts14 balance: 441668668238876668 Wei and client14 balance: 9999558268528760620908 Wei
Milestone 1 Completed! of contract 14
Client14 confirmed milestone 1 of contract 14
Contracts14 balance: 0 Wei and freelancer14 balance: 10000420554783893511912 Wei
Client14 deposited 191796429152618656 Wei for milestone 2 of contract 14
Contracts14 balance: 201386250610249588 Wei and client14 balance: 9999356753417149340432 Wei
Milestone 2 Completed! of contract 14
Client14 confirmed milestone 2 of contract 14
Contracts14 balance: 0 Wei and freelancer14 balance: 10000612303370045747824 Wei
Client14 deposited 292099058432349824 Wei for milestone 3 of contract 14
Contracts14 balance: 306704011353967315 Wei and client14 balance: 9999049937644794479029 Wei
Milestone 3 Completed! of contract 14
Client14 confirmed milestone 3 of contract 14
Contracts14 balance: 0 Wei and freelancer14 balance: 10000904354585477714904 Wei
Client14 deposited 236868989553763648 Wei for milestone 4 of contract 14
Contracts14 balance: 248712439031451830 Wei and client14 balance: 9998801113444762133111 Wei
Milestone 4 Completed! of contract 14
Client14 confirmed milestone 4 of contract 14
Contracts14 balance: 0 Wei and freelancer14 balance: 10001141175732031095808 Wei
Client14 deposited 328658483641613312 Wei for milestone 5 of contract 14
Contracts14 balance: 6330553630765454596 Wei and client14 balance: 9992470443668995749355 Wei
Milestone 5 Completed! of contract 14
Client14 confirmed milestone 5 of contract 14
Contracts14 balance: 0 Wei and freelancer14 balance: 10007170226574997812600 Wei
------------------------------------------
Contract 14 completed successfully
Final balance of contract14: 0 Wei
Final balance of client14: 9992470378357995226867 Wei
Final balance of freelancer14: 10007170226574997812600 Wei
------------------------------------------
Client15 deposited 239810615383404672 Wei for milestone 1 of contract 15
Contracts15 balance: 251801146152574905 Wei and client15 balance: 9999748136050846922671 Wei
Client15 raised a dispute for milestone 1 of contract 15

=======================================
 Contract15 ARBITRATORS VOTES INFO 
=======================================

Arbitrator45 could not vote on dispute for contract15 as the contract has been resolved
Arbitrator46 could not vote on dispute for contract15 as the contract has been resolved
Arbitrator47 could not vote on dispute for contract15 as the contract has been resolved
Arbitrator48 could not vote on dispute for contract15 as the contract has been resolved
Arbitrator49 could not vote on dispute for contract15 as the contract has been resolved
Arbitrator50 could not vote on dispute for contract15 as the contract has been resolved
┌─────────┬──────────────────────────────────────────────┬──────────────────────────────────────────────┬─────────────────────┬──────────────────────────┬──────────────┬───────────────────┬──────────────────────────┐
│ (index) │                  Arbitrator                  │                   Contract                   │ InitialTokenBalance │      InitialBalance      │   VotedFor   │ FinalTokenBalance │       FinalBalance       │
├─────────┼──────────────────────────────────────────────┼──────────────────────────────────────────────┼─────────────────────┼──────────────────────────┼──────────────┼───────────────────┼──────────────────────────┤
│    0    │ '0x08A2DE6F3528319123b25935C92888B16db8913E' │ '0x276C216D241856199A83bf27b2286659e5b877D3' │         7n          │ 10000006512553353396634n │ 'Freelancer' │        8n         │ 10000006445197383235581n │
│    1    │ '0xe141C82D99D85098e03E1a1cC1CdE676556fDdE0' │ '0x276C216D241856199A83bf27b2286659e5b877D3' │         11n         │ 10000006748201361236485n │ 'Freelancer' │        12n        │ 10000006732298391487056n │
│    2    │ '0x4b23D303D9e3719D6CDf8d172Ea030F80509ea15' │ '0x276C216D241856199A83bf27b2286659e5b877D3' │         7n          │ 10000006771319364956024n │ 'Freelancer' │        8n         │ 10000006752769395185419n │
│    3    │ '0xC004e69C5C04A223463Ff32042dd36DabF63A25a' │ '0x276C216D241856199A83bf27b2286659e5b877D3' │         11n         │ 10000006784837366653587n │ 'Freelancer' │        12n        │ 10000006763640396861806n │
│    4    │ '0x5eb15C0992734B5e77c888D713b4FC67b3D679A2' │ '0x276C216D241856199A83bf27b2286659e5b877D3' │         9n          │ 10000006768890367968140n │ 'Freelancer' │        10n        │ 10000006745046398155183n │
│    5    │ '0x7Ebb637fd68c523613bE51aad27C35C4DB199B9c' │ '0x276C216D241856199A83bf27b2286659e5b877D3' │         12n         │ 10000006753008368957193n │ 'Freelancer' │        13n        │ 10000006726517399123060n │
│    6    │ '0x3c3E2E178C69D4baD964568415a0f0c84fd6320A' │ '0x276C216D241856199A83bf27b2286659e5b877D3' │         9n          │ 10000006737191369655506n │   'Client'   │        10n        │ 10000006690888399662877n │
│    7    │ '0x35304262b9E87C00c430149f28dD154995d01207' │ '0x276C216D241856199A83bf27b2286659e5b877D3' │         12n         │ 10000006721179370162516n │   'Client'   │        13n        │ 10000006689329400285511n │
│    8    │ '0xD4A1E660C916855229e1712090CcfD8a424A2E33' │ '0x276C216D241856199A83bf27b2286659e5b877D3' │         10n         │ 10000006705492370569551n │ 'Freelancer' │        11n        │ 10000006671060400671890n │
│    9    │ '0xEe7f6A930B29d7350498Af97f0F9672EaecbeeFf' │ '0x276C216D241856199A83bf27b2286659e5b877D3' │         8n          │ 10000006689480370769596n │   'Client'   │        9n         │ 10000006652336400850239n │
│   10    │ '0x145e2dc5C8238d1bE628F87076A37d4a26a78544' │ '0x276C216D241856199A83bf27b2286659e5b877D3' │         11n         │ 10000006673468370980034n │ 'Freelancer' │        12n        │ 10000006633742401040021n │
│   11    │ '0xD6A098EbCc5f8Bd4e174D915C54486B077a34A51' │ '0x276C216D241856199A83bf27b2286659e5b877D3' │         7n          │ 10000006662516371246730n │   'Client'   │        8n         │ 10000006620078401285021n │
│   12    │ '0x042a63149117602129B6922ecFe3111168C2C323' │ '0x276C216D241856199A83bf27b2286659e5b877D3' │         11n         │ 10000006641769371301520n │   'Client'   │        12n        │ 10000006596684401318635n │
│   13    │ '0xa0EC9eE47802CeB56eb58ce80F3E41630B771b04' │ '0x276C216D241856199A83bf27b2286659e5b877D3' │         11n         │ 10000006626017371175504n │ 'Freelancer' │        12n        │ 10000006578350401171963n │
│   14    │ '0xe8B1ff302A740fD2C6e76B620d45508dAEc2DDFf' │ '0x276C216D241856199A83bf27b2286659e5b877D3' │         16n         │ 10000006610005371047408n │ 'Freelancer' │        17n        │ 10000006559691401022691n │
│   15    │ '0xAb707cb80e7de7C75d815B1A653433F3EEc44c74' │ '0x276C216D241856199A83bf27b2286659e5b877D3' │         13n         │ 10000006594253370921392n │ 'Freelancer' │        14n        │ 10000006541292400875499n │
│   16    │ '0x0d803cdeEe5990f22C2a8DF10A695D2312dA26CC' │ '0x276C216D241856199A83bf27b2286659e5b877D3' │         12n         │ 10000006578306370793816n │   'Client'   │        13n        │ 10000006522633400726227n │
│   17    │ '0x1c87Bb9234aeC6aDc580EaE6C8B59558A4502220' │ '0x276C216D241856199A83bf27b2286659e5b877D3' │         10n         │ 10000006562424370666760n │ 'Freelancer' │        11n        │ 10000006504169400578515n │
│   18    │ '0x4779d18931B35540F84b0cd0e9633855B84df7b8' │ '0x276C216D241856199A83bf27b2286659e5b877D3' │         8n          │ 10000006546607370540224n │ 'Freelancer' │        9n         │ 10000006485705400430803n │
│   19    │ '0xC0543b0b980D8c834CBdF023b2d2A75b5f9D1909' │ '0x276C216D241856199A83bf27b2286659e5b877D3' │         11n         │ 10000006530660370412648n │   'Client'   │        12n        │ 10000006467046400281531n │
│   20    │ '0x73B3074ac649A8dc31c2C90a124469456301a30F' │ '0x276C216D241856199A83bf27b2286659e5b877D3' │         16n         │ 10000006514843370286112n │ 'Freelancer' │        17n        │ 10000006448647400134339n │
│   21    │ '0x265188114EB5d5536BC8654d8e9710FE72C28c4d' │ '0x276C216D241856199A83bf27b2286659e5b877D3' │         10n         │ 10000006498961370159056n │   'Client'   │        11n        │ 10000006430053399985587n │
│   22    │ '0x924Ba5Ce9f91ddED37b4ebf8c0dc82A40202fc0A' │ '0x276C216D241856199A83bf27b2286659e5b877D3' │         16n         │ 10000006483079370032000n │ 'Freelancer' │        17n        │ 10000006411589399837875n │
│   23    │ '0x64492E25C30031EDAD55E57cEA599CDB1F06dad1' │ '0x276C216D241856199A83bf27b2286659e5b877D3' │         10n         │ 10000006467132369904424n │   'Client'   │        11n        │ 10000006392930399688603n │
│   24    │ '0x262595fa2a3A86adACDe208589614d483e3eF1C0' │ '0x276C216D241856199A83bf27b2286659e5b877D3' │         12n         │ 10000006451380369778408n │ 'Freelancer' │        13n        │ 10000006374596399541931n │
│   25    │ '0xDFd99099Fa13541a64AEe9AAd61c0dbf3D32D492' │ '0x276C216D241856199A83bf27b2286659e5b877D3' │         10n         │ 10000006435368369650312n │   'Client'   │        11n        │ 10000006355872399392139n │
│   26    │ '0x63c3686EF31C03a641e2Ea8993A91Ea351e5891a' │ '0x276C216D241856199A83bf27b2286659e5b877D3' │         13n         │ 10000006419681369524816n │ 'Freelancer' │        14n        │ 10000006337603399245987n │
│   27    │ '0x9394cb5f737Bd3aCea7dcE90CA48DBd42801EE5d' │ '0x276C216D241856199A83bf27b2286659e5b877D3' │         13n         │ 10000006403604369396200n │   'Client'   │        14n        │ 10000006318814399095675n │
│   28    │ '0x344dca30F5c5f74F2f13Dc1d48Ad3A9069d13Ad9' │ '0x276C216D241856199A83bf27b2286659e5b877D3' │         13n         │ 10000006387657369268624n │ 'Freelancer' │        14n        │ 10000006300285398947443n │
│   29    │ '0xF23E054D8b4D0BECFa22DeEF5632F27f781f8bf5' │ '0x276C216D241856199A83bf27b2286659e5b877D3' │         11n         │ 10000006371840369142088n │ 'Freelancer' │        12n        │ 10000006281821398799731n │
│   30    │ '0x6d69F301d1Da5C7818B5e61EECc745b30179C68b' │ '0x276C216D241856199A83bf27b2286659e5b877D3' │         8n          │ 10000006355893369014512n │   'Client'   │        9n         │ 10000006263162398650459n │
│   31    │ '0xF0cE7BaB13C99bA0565f426508a7CD8f4C247E5a' │ '0x276C216D241856199A83bf27b2286659e5b877D3' │         9n          │ 10000006340076368887976n │ 'Freelancer' │        10n        │ 10000006244763398503267n │
│   32    │ '0x011bD5423C5F77b5a0789E27f922535fd76B688F' │ '0x276C216D241856199A83bf27b2286659e5b877D3' │         15n         │ 10000006324129368760400n │   'Client'   │        16n        │ 10000006226104398353995n │
│   33    │ '0xD9065f27e9b706E5F7628e067cC00B288dddbF19' │ '0x276C216D241856199A83bf27b2286659e5b877D3' │         12n         │ 10000006308312368633864n │ 'Freelancer' │        13n        │ 10000006207705398206803n │
│   34    │ '0x54ccCeB38251C29b628ef8B00b3cAB97e7cAc7D5' │ '0x276C216D241856199A83bf27b2286659e5b877D3' │         9n          │ 10000006292365368506288n │ 'Freelancer' │        10n        │ 10000006189111398058051n │
│   35    │ '0xA1196426b41627ae75Ea7f7409E074BE97367da2' │ '0x276C216D241856199A83bf27b2286659e5b877D3' │         16n         │ 10000006276548368379752n │   'Client'   │        17n        │ 10000006170582397909819n │
│   36    │ '0xE74cEf90b6CF1a77FEfAd731713e6f53e575C183' │ '0x276C216D241856199A83bf27b2286659e5b877D3' │         7n          │ 10000006265271368289536n │   'Client'   │        8n         │ 10000006156658397798427n │
│   37    │ '0x7Df8Efa6d6F1CB5C4f36315e0AcB82b02Ae8BA40' │ '0x276C216D241856199A83bf27b2286659e5b877D3' │         12n         │ 10000006244654368124600n │ 'Freelancer' │        13n        │ 10000006133459397612835n │
│   38    │ '0x9E126C57330FA71556628e0aabd6B6B6783d99fA' │ '0x276C216D241856199A83bf27b2286659e5b877D3' │         12n         │ 10000003728108347992232n │ 'Freelancer' │        13n        │ 10000003614266377459291n │
│   39    │ '0x586BA39027A74e8D40E6626f89Ae97bA7f616644' │ '0x276C216D241856199A83bf27b2286659e5b877D3' │         9n          │ 10000006288948324497968n │   'Client'   │        10n        │ 10000006172394353943331n │
│   40    │ '0x9A50ed082Cf2fc003152580dcDB320B834fA379E' │ '0x276C216D241856199A83bf27b2286659e5b877D3' │         9n          │ 10000006278230324412224n │   'Client'   │        10n        │ 10000006159029353836411n │
│   41    │ '0xbc8183bac3E969042736f7af07f76223D11D2148' │ '0x276C216D241856199A83bf27b2286659e5b877D3' │         10n         │ 10000006267707324328040n │   'Client'   │        11n        │ 10000006145859353731051n │
│   42    │ '0x586aF62EAe7F447D14D25f53918814e04d3A5BA4' │ '0x276C216D241856199A83bf27b2286659e5b877D3' │         9n          │ 10000006257119324243336n │   'Client'   │        10n        │ 10000006132624353625171n │
│   43    │ '0xCcDd262f272Ee6C226266eEa13eE48D4d932Ce66' │ '0x276C216D241856199A83bf27b2286659e5b877D3' │         8n          │ 10000004916580313519024n │ 'Freelancer' │        9n         │ 10000003459617332241115n │
│   44    │ '0xF0eeDDC5e015d4c459590E01Dcc2f2FD1d2baac7' │ '0x276C216D241856199A83bf27b2286659e5b877D3' │         13n         │ 10000002943906871063546n │ 'Freelancer' │        13n        │ 10000002869810870470778n │
│   45    │ '0x4edFEDFf17ab9642F8464D6143900903dD21421a' │ '0x276C216D241856199A83bf27b2286659e5b877D3' │         6n          │ 10000000181754848966330n │ 'Freelancer' │        6n         │ 10000000107658848373562n │
│   46    │ '0x492C973C16E8aeC46f4d71716E91b05B245377C9' │ '0x276C216D241856199A83bf27b2286659e5b877D3' │         4n          │ 9999999379040372884232n  │ 'Freelancer' │        4n         │ 9999999304944372291464n  │
│   47    │ '0xE5D3ab6883b7e8c35c04675F28BB992Ca1129ee4' │ '0x276C216D241856199A83bf27b2286659e5b877D3' │         6n          │ 9999999376458372863576n  │   'Client'   │        6n         │ 9999999302362372270808n  │
│   48    │ '0x71F280DEA6FC5a03790941Ad72956f545FeB7a52' │ '0x276C216D241856199A83bf27b2286659e5b877D3' │         8n          │ 9999997926375361262912n  │   'Client'   │        8n         │ 9999997852279360670144n  │
│   49    │ '0xE77478D9E136D3643cFc6fef578Abf63F9Ab91B1' │ '0x276C216D241856199A83bf27b2286659e5b877D3' │         1n          │ 9999999555423996443392n  │   'Client'   │        1n         │ 9999999481327995850624n  │
└─────────┴──────────────────────────────────────────────┴──────────────────────────────────────────────┴─────────────────────┴──────────────────────────┴──────────────┴───────────────────┴──────────────────────────┘
Client16 deposited 596895268304670720 Wei for milestone 1 of contract 16
Contracts16 balance: 626740031719904256 Wei and client16 balance: 9999373197177279593416 Wei
Milestone 1 Completed! of contract 16
Client16 confirmed milestone 1 of contract 16
Contracts16 balance: 0 Wei and freelancer16 balance: 10000596813225304014376 Wei
Client16 deposited 330822463954064064 Wei for milestone 2 of contract 16
Contracts16 balance: 347363587151767267 Wei and client16 balance: 9999025704729126795261 Wei
Milestone 2 Completed! of contract 16
Client16 confirmed milestone 2 of contract 16
Contracts16 balance: 0 Wei and freelancer16 balance: 10000927587846257695696 Wei
Client16 deposited 419113945454704128 Wei for milestone 3 of contract 16
Contracts16 balance: 440069642727439334 Wei and client16 balance: 9998585523337398461935 Wei
Milestone 3 Completed! of contract 16
Client16 confirmed milestone 3 of contract 16
Contracts16 balance: 0 Wei and freelancer16 balance: 10001346653948712017080 Wei
Client16 deposited 143416020590591424 Wei for milestone 4 of contract 16
Contracts16 balance: 150586821620120995 Wei and client16 balance: 9998434824754777446852 Wei
Milestone 4 Completed! of contract 16
Client16 confirmed milestone 4 of contract 16
Contracts16 balance: 0 Wei and freelancer16 balance: 10001490022126302225760 Wei
Client16 deposited 305123277494111040 Wei for milestone 5 of contract 16
Contracts16 balance: 5439894916780768147 Wei and client16 balance: 9992994813680995749449 Wei
Milestone 5 Completed! of contract 16
Client16 confirmed milestone 5 of contract 16
Contracts16 balance: 0 Wei and freelancer16 balance: 10006670826574997812600 Wei
------------------------------------------
Contract 16 completed successfully
Final balance of contract16: 0 Wei
Final balance of client16: 9992994748369995226961 Wei
Final balance of freelancer16: 10006670826574997812600 Wei
------------------------------------------
Client17 deposited 218249882322976288 Wei for milestone 1 of contract 17
Contracts17 balance: 229162376439125102 Wei and client17 balance: 9999770774820560372474 Wei
Milestone 1 Completed! of contract 17
Client17 confirmed milestone 1 of contract 17
Contracts17 balance: 0 Wei and freelancer17 balance: 10000218167839322319944 Wei
Client17 deposited 136802274377170608 Wei for milestone 2 of contract 17
Contracts17 balance: 143642388096029138 Wei and client17 balance: 9999627003571463312448 Wei
Milestone 2 Completed! of contract 17
Client17 confirmed milestone 2 of contract 17
Contracts17 balance: 0 Wei and freelancer17 balance: 10000354922270699107808 Wei
Client17 deposited 29278037985262136 Wei for milestone 3 of contract 17
Contracts17 balance: 30741939884525242 Wei and client17 balance: 9999596149882577893214 Wei
Milestone 3 Completed! of contract 17
Client17 confirmed milestone 3 of contract 17
Contracts17 balance: 0 Wei and freelancer17 balance: 10000384152465683987200 Wei
Client17 deposited 254359749993856960 Wei for milestone 4 of contract 17
Contracts17 balance: 267077737493549808 Wei and client17 balance: 9999328960384083449318 Wei
Milestone 4 Completed! of contract 17
Client17 confirmed milestone 4 of contract 17
Contracts17 balance: 0 Wei and freelancer17 balance: 10000638464372677461416 Wei
Client17 deposited 228003813137622976 Wei for milestone 5 of contract 17
Contracts17 balance: 2272735558086770708 Wei and client17 balance: 9997056108668995749354 Wei
Milestone 5 Completed! of contract 17
Client17 confirmed milestone 5 of contract 17
Contracts17 balance: 0 Wei and freelancer17 balance: 10002802926574997812600 Wei
------------------------------------------
Contract 17 completed successfully
Final balance of contract17: 0 Wei
Final balance of client17: 9997056043357995226866 Wei
Final balance of freelancer17: 10002802926574997812600 Wei
------------------------------------------
Client18 deposited 372182682302415168 Wei for milestone 1 of contract 18
Contracts18 balance: 5022360000000000000 Wei and client18 balance: 9994977572800999462408 Wei
Client18 raised a dispute for milestone 1 of contract 18

=======================================
 Contract18 ARBITRATORS VOTES INFO 
=======================================

Arbitrator49 could not vote on dispute for contract18 as the contract has been resolved
Arbitrator50 could not vote on dispute for contract18 as the contract has been resolved
┌─────────┬──────────────────────────────────────────────┬──────────────────────────────────────────────┬─────────────────────┬──────────────────────────┬──────────────┬───────────────────┬──────────────────────────┐
│ (index) │                  Arbitrator                  │                   Contract                   │ InitialTokenBalance │      InitialBalance      │   VotedFor   │ FinalTokenBalance │       FinalBalance       │
├─────────┼──────────────────────────────────────────────┼──────────────────────────────────────────────┼─────────────────────┼──────────────────────────┼──────────────┼───────────────────┼──────────────────────────┤
│    0    │ '0x08A2DE6F3528319123b25935C92888B16db8913E' │ '0x5bf5b11053e734690269C6B9D438F8C9d48F528A' │         8n          │ 10000006445197383235581n │ 'Freelancer' │        9n         │ 10000008732835381606685n │
│    1    │ '0xe141C82D99D85098e03E1a1cC1CdE676556fDdE0' │ '0x5bf5b11053e734690269C6B9D438F8C9d48F528A' │         12n         │ 10000006732298391487056n │   'Client'   │        13n        │ 10000009054224390132464n │
│    2    │ '0x4b23D303D9e3719D6CDf8d172Ea030F80509ea15' │ '0x5bf5b11053e734690269C6B9D438F8C9d48F528A' │         8n          │ 10000006752769395185419n │   'Client'   │        9n         │ 10000009089148393946451n │
│    3    │ '0xC004e69C5C04A223463Ff32042dd36DabF63A25a' │ '0x5bf5b11053e734690269C6B9D438F8C9d48F528A' │         12n         │ 10000006763640396861806n │   'Client'   │        13n        │ 10000009097372395601662n │
│    4    │ '0x5eb15C0992734B5e77c888D713b4FC67b3D679A2' │ '0x5bf5b11053e734690269C6B9D438F8C9d48F528A' │         10n         │ 10000006745046398155183n │   'Client'   │        11n        │ 10000009076131396873863n │
│    5    │ '0x7Ebb637fd68c523613bE51aad27C35C4DB199B9c' │ '0x5bf5b11053e734690269C6B9D438F8C9d48F528A' │         13n         │ 10000006726517399123060n │ 'Freelancer' │        14n        │ 10000009055020397821084n │
│    6    │ '0x3c3E2E178C69D4baD964568415a0f0c84fd6320A' │ '0x5bf5b11053e734690269C6B9D438F8C9d48F528A' │         10n         │ 10000006690888399662877n │   'Client'   │        11n        │ 10000009016679398339205n │
│    7    │ '0x35304262b9E87C00c430149f28dD154995d01207' │ '0x5bf5b11053e734690269C6B9D438F8C9d48F528A' │         13n         │ 10000006689329400285511n │ 'Freelancer' │        14n        │ 10000009012538398941183n │
│    8    │ '0xD4A1E660C916855229e1712090CcfD8a424A2E33' │ '0x5bf5b11053e734690269C6B9D438F8C9d48F528A' │         11n         │ 10000006671060400671890n │   'Client'   │        12n        │ 10000008991557399305866n │
│    9    │ '0xEe7f6A930B29d7350498Af97f0F9672EaecbeeFf' │ '0x5bf5b11053e734690269C6B9D438F8C9d48F528A' │         9n          │ 10000006652336400850239n │   'Client'   │        10n        │ 10000008970186399463039n │
│   10    │ '0x145e2dc5C8238d1bE628F87076A37d4a26a78544' │ '0x5bf5b11053e734690269C6B9D438F8C9d48F528A' │         12n         │ 10000006633742401040021n │ 'Freelancer' │        13n        │ 10000008949010399632165n │
│   11    │ '0xD6A098EbCc5f8Bd4e174D915C54486B077a34A51' │ '0x5bf5b11053e734690269C6B9D438F8C9d48F528A' │         8n          │ 10000006620078401285021n │ 'Freelancer' │        9n         │ 10000008932699399855989n │
│   12    │ '0x042a63149117602129B6922ecFe3111168C2C323' │ '0x5bf5b11053e734690269C6B9D438F8C9d48F528A' │         12n         │ 10000006596684401318635n │ 'Freelancer' │        13n        │ 10000008906658399868427n │
│   13    │ '0xa0EC9eE47802CeB56eb58ce80F3E41630B771b04' │ '0x5bf5b11053e734690269C6B9D438F8C9d48F528A' │         12n         │ 10000006578350401171963n │ 'Freelancer' │        13n        │ 10000008885677399700579n │
│   14    │ '0xe8B1ff302A740fD2C6e76B620d45508dAEc2DDFf' │ '0x5bf5b11053e734690269C6B9D438F8C9d48F528A' │         17n         │ 10000006559691401022691n │   'Client'   │        18n        │ 10000008864306399529611n │
│   15    │ '0xAb707cb80e7de7C75d815B1A653433F3EEc44c74' │ '0x5bf5b11053e734690269C6B9D438F8C9d48F528A' │         14n         │ 10000006541292400875499n │ 'Freelancer' │        15n        │ 10000008843325399361763n │
│   16    │ '0x0d803cdeEe5990f22C2a8DF10A695D2312dA26CC' │ '0x5bf5b11053e734690269C6B9D438F8C9d48F528A' │         13n         │ 10000006522633400726227n │   'Client'   │        14n        │ 10000008821954399190795n │
│   17    │ '0x1c87Bb9234aeC6aDc580EaE6C8B59558A4502220' │ '0x5bf5b11053e734690269C6B9D438F8C9d48F528A' │         11n         │ 10000006504169400578515n │ 'Freelancer' │        12n        │ 10000008800908399022427n │
│   18    │ '0x4779d18931B35540F84b0cd0e9633855B84df7b8' │ '0x5bf5b11053e734690269C6B9D438F8C9d48F528A' │         9n          │ 10000006485705400430803n │ 'Freelancer' │        10n        │ 10000008779797398853539n │
│   19    │ '0xC0543b0b980D8c834CBdF023b2d2A75b5f9D1909' │ '0x5bf5b11053e734690269C6B9D438F8C9d48F528A' │         12n         │ 10000006467046400281531n │ 'Freelancer' │        13n        │ 10000008758491398683091n │
│   20    │ '0x73B3074ac649A8dc31c2C90a124469456301a30F' │ '0x5bf5b11053e734690269C6B9D438F8C9d48F528A' │         17n         │ 10000006448647400134339n │   'Client'   │        18n        │ 10000008737380398514203n │
│   21    │ '0x265188114EB5d5536BC8654d8e9710FE72C28c4d' │ '0x5bf5b11053e734690269C6B9D438F8C9d48F528A' │         11n         │ 10000006430053399985587n │ 'Freelancer' │        12n        │ 10000008716204398344795n │
│   22    │ '0x924Ba5Ce9f91ddED37b4ebf8c0dc82A40202fc0A' │ '0x5bf5b11053e734690269C6B9D438F8C9d48F528A' │         17n         │ 10000006411589399837875n │   'Client'   │        18n        │ 10000008695028398175387n │
│   23    │ '0x64492E25C30031EDAD55E57cEA599CDB1F06dad1' │ '0x5bf5b11053e734690269C6B9D438F8C9d48F528A' │         11n         │ 10000006392930399688603n │   'Client'   │        12n        │ 10000008673722398004939n │
│   24    │ '0x262595fa2a3A86adACDe208589614d483e3eF1C0' │ '0x5bf5b11053e734690269C6B9D438F8C9d48F528A' │         13n         │ 10000006374596399541931n │ 'Freelancer' │        14n        │ 10000008652806397837611n │
│   25    │ '0xDFd99099Fa13541a64AEe9AAd61c0dbf3D32D492' │ '0x5bf5b11053e734690269C6B9D438F8C9d48F528A' │         11n         │ 10000006355872399392139n │   'Client'   │        12n        │ 10000008631370397666123n │
│   26    │ '0x63c3686EF31C03a641e2Ea8993A91Ea351e5891a' │ '0x5bf5b11053e734690269C6B9D438F8C9d48F528A' │         14n         │ 10000006337603399245987n │   'Client'   │        15n        │ 10000008610454397498795n │
│   27    │ '0x9394cb5f737Bd3aCea7dcE90CA48DBd42801EE5d' │ '0x5bf5b11053e734690269C6B9D438F8C9d48F528A' │         14n         │ 10000006318814399095675n │ 'Freelancer' │        15n        │ 10000008589083397327827n │
│   28    │ '0x344dca30F5c5f74F2f13Dc1d48Ad3A9069d13Ad9' │ '0x5bf5b11053e734690269C6B9D438F8C9d48F528A' │         14n         │ 10000006300285398947443n │ 'Freelancer' │        15n        │ 10000008567907397158419n │
│   29    │ '0xF23E054D8b4D0BECFa22DeEF5632F27f781f8bf5' │ '0x5bf5b11053e734690269C6B9D438F8C9d48F528A' │         12n         │ 10000006281821398799731n │   'Client'   │        13n        │ 10000008546731396989011n │
│   30    │ '0x6d69F301d1Da5C7818B5e61EECc745b30179C68b' │ '0x5bf5b11053e734690269C6B9D438F8C9d48F528A' │         9n          │ 10000006263162398650459n │ 'Freelancer' │        10n        │ 10000008525490396819083n │
│   31    │ '0xF0cE7BaB13C99bA0565f426508a7CD8f4C247E5a' │ '0x5bf5b11053e734690269C6B9D438F8C9d48F528A' │         10n         │ 10000006244763398503267n │   'Client'   │        11n        │ 10000008504379396650195n │
│   32    │ '0x011bD5423C5F77b5a0789E27f922535fd76B688F' │ '0x5bf5b11053e734690269C6B9D438F8C9d48F528A' │         16n         │ 10000006226104398353995n │   'Client'   │        17n        │ 10000008483073396479747n │
│   33    │ '0xD9065f27e9b706E5F7628e067cC00B288dddbF19' │ '0x5bf5b11053e734690269C6B9D438F8C9d48F528A' │         13n         │ 10000006207705398206803n │   'Client'   │        14n        │ 10000008462027396311379n │
│   34    │ '0x54ccCeB38251C29b628ef8B00b3cAB97e7cAc7D5' │ '0x5bf5b11053e734690269C6B9D438F8C9d48F528A' │         10n         │ 10000006189111398058051n │ 'Freelancer' │        11n        │ 10000008440851396141971n │
│   35    │ '0xA1196426b41627ae75Ea7f7409E074BE97367da2' │ '0x5bf5b11053e734690269C6B9D438F8C9d48F528A' │         17n         │ 10000006170582397909819n │ 'Freelancer' │        18n        │ 10000008419675395972563n │
│   36    │ '0xE74cEf90b6CF1a77FEfAd731713e6f53e575C183' │ '0x5bf5b11053e734690269C6B9D438F8C9d48F528A' │         8n          │ 10000006156658397798427n │   'Client'   │        9n         │ 10000008403039395839475n │
│   37    │ '0x7Df8Efa6d6F1CB5C4f36315e0AcB82b02Ae8BA40' │ '0x5bf5b11053e734690269C6B9D438F8C9d48F528A' │         13n         │ 10000006133459397612835n │   'Client'   │        14n        │ 10000008377193395632707n │
│   38    │ '0x9E126C57330FA71556628e0aabd6B6B6783d99fA' │ '0x5bf5b11053e734690269C6B9D438F8C9d48F528A' │         13n         │ 10000003614266377459291n │ 'Freelancer' │        14n        │ 10000005855418375458507n │
│   39    │ '0x586BA39027A74e8D40E6626f89Ae97bA7f616644' │ '0x5bf5b11053e734690269C6B9D438F8C9d48F528A' │         10n         │ 10000006172394353943331n │ 'Freelancer' │        11n        │ 10000008410899351921371n │
│   40    │ '0x9A50ed082Cf2fc003152580dcDB320B834fA379E' │ '0x5bf5b11053e734690269C6B9D438F8C9d48F528A' │         10n         │ 10000006159029353836411n │   'Client'   │        11n        │ 10000008394822351792755n │
│   41    │ '0xbc8183bac3E969042736f7af07f76223D11D2148' │ '0x5bf5b11053e734690269C6B9D438F8C9d48F528A' │         11n         │ 10000006145859353731051n │ 'Freelancer' │        12n        │ 10000008379070351666739n │
│   42    │ '0x586aF62EAe7F447D14D25f53918814e04d3A5BA4' │ '0x5bf5b11053e734690269C6B9D438F8C9d48F528A' │         10n         │ 10000006132624353625171n │   'Client'   │        11n        │ 10000008363123351539163n │
│   43    │ '0xCcDd262f272Ee6C226266eEa13eE48D4d932Ce66' │ '0x5bf5b11053e734690269C6B9D438F8C9d48F528A' │         9n          │ 10000003459617332241115n │ 'Freelancer' │        10n        │ 10000005687534330134451n │
│   44    │ '0xF0eeDDC5e015d4c459590E01Dcc2f2FD1d2baac7' │ '0x5bf5b11053e734690269C6B9D438F8C9d48F528A' │         13n         │ 10000002869810870470778n │   'Client'   │        14n        │ 10000005095015868342418n │
│   45    │ '0x4edFEDFf17ab9642F8464D6143900903dD21421a' │ '0x5bf5b11053e734690269C6B9D438F8C9d48F528A' │         6n          │ 10000000107658848373562n │ 'Freelancer' │        7n         │ 10000002330281846224546n │
│   46    │ '0x492C973C16E8aeC46f4d71716E91b05B245377C9' │ '0x5bf5b11053e734690269C6B9D438F8C9d48F528A' │         4n          │ 9999999304944372291464n  │ 'Freelancer' │        5n         │ 10000001524920370121272n │
│   47    │ '0xE5D3ab6883b7e8c35c04675F28BB992Ca1129ee4' │ '0x5bf5b11053e734690269C6B9D438F8C9d48F528A' │         6n          │ 9999999302362372270808n  │ 'Freelancer' │        7n         │ 10000000097876358704920n │
│   48    │ '0x71F280DEA6FC5a03790941Ad72956f545FeB7a52' │ '0x5bf5b11053e734690269C6B9D438F8C9d48F528A' │         8n          │ 9999997852279360670144n  │ 'Freelancer' │        8n         │ 9999997778183360077376n  │
│   49    │ '0xE77478D9E136D3643cFc6fef578Abf63F9Ab91B1' │ '0x5bf5b11053e734690269C6B9D438F8C9d48F528A' │         1n          │ 9999999481327995850624n  │   'Client'   │        1n         │ 9999999407231995257856n  │
└─────────┴──────────────────────────────────────────────┴──────────────────────────────────────────────┴─────────────────────┴──────────────────────────┴──────────────┴───────────────────┴──────────────────────────┘
Client19 deposited 252146428842499264 Wei for milestone 1 of contract 19
Contracts19 balance: 264753750284624227 Wei and client19 balance: 9999735183446714873349 Wei
Milestone 1 Completed! of contract 19
Client19 confirmed milestone 1 of contract 19
Contracts19 balance: 0 Wei and freelancer19 balance: 10000252064385841842920 Wei
Client19 deposited 380155108300964544 Wei for milestone 2 of contract 19
Contracts19 balance: 399162863716012771 Wei and client19 balance: 9999335891721997829690 Wei
Milestone 2 Completed! of contract 19
Client19 confirmed milestone 2 of contract 19
Contracts19 balance: 0 Wei and freelancer19 balance: 10000632171651142424720 Wei
Client19 deposited 202782472486661952 Wei for milestone 3 of contract 19
Contracts19 balance: 3670273385999363001 Wei and client19 balance: 9995665502178997537433 Wei
Milestone 3 Completed! of contract 19
Client19 confirmed milestone 3 of contract 19
Contracts19 balance: 0 Wei and freelancer19 balance: 10004127622260998578088 Wei
------------------------------------------
Contract 19 completed successfully
Final balance of contract19: 0 Wei
Final balance of client19: 9995665436867997014945 Wei
Final balance of freelancer19: 10004127622260998578088 Wei
------------------------------------------
Client20 deposited 444956227076944704 Wei for milestone 1 of contract 20
Contracts20 balance: 467204038430791939 Wei and client20 balance: 9999532733158568705637 Wei
Milestone 1 Completed! of contract 20
Client20 confirmed milestone 1 of contract 20
Contracts20 balance: 0 Wei and freelancer20 balance: 10000444874184076288360 Wei
Client20 deposited 220542228355287104 Wei for milestone 2 of contract 20
Contracts20 balance: 231569339773051459 Wei and client20 balance: 9999301034957794623290 Wei
Milestone 2 Completed! of contract 20
Client20 confirmed milestone 2 of contract 20
Contracts20 balance: 0 Wei and freelancer20 balance: 10000665368569431192720 Wei
Client20 deposited 615637081525186944 Wei for milestone 3 of contract 20
Contracts20 balance: 646418935601446291 Wei and client20 balance: 9998654504261192282911 Wei
Freelancer20 raised a dispute for milestone 3 of contract 20

=======================================
 Contract20 ARBITRATORS VOTES INFO 
=======================================

Arbitrator42 could not vote on dispute for contract20 as the contract has been resolved
Arbitrator43 could not vote on dispute for contract20 as the contract has been resolved
Arbitrator44 could not vote on dispute for contract20 as the contract has been resolved
Arbitrator45 could not vote on dispute for contract20 as the contract has been resolved
Arbitrator46 could not vote on dispute for contract20 as the contract has been resolved
Arbitrator47 could not vote on dispute for contract20 as the contract has been resolved
Arbitrator48 could not vote on dispute for contract20 as the contract has been resolved
Arbitrator49 could not vote on dispute for contract20 as the contract has been resolved
Arbitrator50 could not vote on dispute for contract20 as the contract has been resolved
┌─────────┬──────────────────────────────────────────────┬──────────────────────────────────────────────┬─────────────────────┬──────────────────────────┬──────────────┬───────────────────┬──────────────────────────┐
│ (index) │                  Arbitrator                  │                   Contract                   │ InitialTokenBalance │      InitialBalance      │   VotedFor   │ FinalTokenBalance │       FinalBalance       │
├─────────┼──────────────────────────────────────────────┼──────────────────────────────────────────────┼─────────────────────┼──────────────────────────┼──────────────┼───────────────────┼──────────────────────────┤
│    0    │ '0x08A2DE6F3528319123b25935C92888B16db8913E' │ '0x3aAde2dCD2Df6a8cAc689EE797591b2913658659' │         9n          │ 10000008732835381606685n │ 'Freelancer' │        10n        │ 10000008904611844322415n │
│    1    │ '0xe141C82D99D85098e03E1a1cC1CdE676556fDdE0' │ '0x3aAde2dCD2Df6a8cAc689EE797591b2913658659' │         13n         │ 10000009054224390132464n │   'Client'   │        14n        │ 10000009260288853122498n │
│    2    │ '0x4b23D303D9e3719D6CDf8d172Ea030F80509ea15' │ '0x3aAde2dCD2Df6a8cAc689EE797591b2913658659' │         9n          │ 10000009089148393946451n │   'Client'   │        10n        │ 10000009309665857052109n │
│    3    │ '0xC004e69C5C04A223463Ff32042dd36DabF63A25a' │ '0x3aAde2dCD2Df6a8cAc689EE797591b2913658659' │         13n         │ 10000009097372395601662n │   'Client'   │        14n        │ 10000009315242858686144n │
│    4    │ '0x5eb15C0992734B5e77c888D713b4FC67b3D679A2' │ '0x3aAde2dCD2Df6a8cAc689EE797591b2913658659' │         11n         │ 10000009076131396873863n │ 'Freelancer' │        12n        │ 10000009291419859937689n │
│    5    │ '0x7Ebb637fd68c523613bE51aad27C35C4DB199B9c' │ '0x3aAde2dCD2Df6a8cAc689EE797591b2913658659' │         14n         │ 10000009055020397821084n │   'Client'   │        15n        │ 10000009267596860863214n │
│    6    │ '0x3c3E2E178C69D4baD964568415a0f0c84fd6320A' │ '0x3aAde2dCD2Df6a8cAc689EE797591b2913658659' │         11n         │ 10000009016679398339205n │ 'Freelancer' │        12n        │ 10000009226673861360679n │
│    7    │ '0x35304262b9E87C00c430149f28dD154995d01207' │ '0x3aAde2dCD2Df6a8cAc689EE797591b2913658659' │         14n         │ 10000009012538398941183n │ 'Freelancer' │        15n        │ 10000009219885861941481n │
│    8    │ '0xD4A1E660C916855229e1712090CcfD8a424A2E33' │ '0x3aAde2dCD2Df6a8cAc689EE797591b2913658659' │         12n         │ 10000008991557399305866n │   'Client'   │        13n        │ 10000009196192862284468n │
│    9    │ '0xEe7f6A930B29d7350498Af97f0F9672EaecbeeFf' │ '0x3aAde2dCD2Df6a8cAc689EE797591b2913658659' │         10n         │ 10000008970186399463039n │   'Client'   │        11n        │ 10000009172174862420465n │
│   10    │ '0x145e2dc5C8238d1bE628F87076A37d4a26a78544' │ '0x3aAde2dCD2Df6a8cAc689EE797591b2913658659' │         13n         │ 10000008949010399632165n │ 'Freelancer' │        14n        │ 10000009148416862568935n │
│   11    │ '0xD6A098EbCc5f8Bd4e174D915C54486B077a34A51' │ '0x3aAde2dCD2Df6a8cAc689EE797591b2913658659' │         9n          │ 10000008932699399855989n │   'Client'   │        10n        │ 10000009129393862771063n │
│   12    │ '0x042a63149117602129B6922ecFe3111168C2C323' │ '0x3aAde2dCD2Df6a8cAc689EE797591b2913658659' │         13n         │ 10000008906658399868427n │   'Client'   │        14n        │ 10000009100705862762325n │
│   13    │ '0xa0EC9eE47802CeB56eb58ce80F3E41630B771b04' │ '0x3aAde2dCD2Df6a8cAc689EE797591b2913658659' │         13n         │ 10000008885677399700579n │   'Client'   │        14n        │ 10000009077077862573301n │
│   14    │ '0xe8B1ff302A740fD2C6e76B620d45508dAEc2DDFf' │ '0x3aAde2dCD2Df6a8cAc689EE797591b2913658659' │         18n         │ 10000008864306399529611n │   'Client'   │        19n        │ 10000009053059862381157n │
│   15    │ '0xAb707cb80e7de7C75d815B1A653433F3EEc44c74' │ '0x3aAde2dCD2Df6a8cAc689EE797591b2913658659' │         15n         │ 10000008843325399361763n │ 'Freelancer' │        16n        │ 10000009029496862192653n │
│   16    │ '0x0d803cdeEe5990f22C2a8DF10A695D2312dA26CC' │ '0x3aAde2dCD2Df6a8cAc689EE797591b2913658659' │         14n         │ 10000008821954399190795n │   'Client'   │        15n        │ 10000009005413861999989n │
│   17    │ '0x1c87Bb9234aeC6aDc580EaE6C8B59558A4502220' │ '0x3aAde2dCD2Df6a8cAc689EE797591b2913658659' │         12n         │ 10000008800908399022427n │   'Client'   │        13n        │ 10000008981720861810445n │
│   18    │ '0x4779d18931B35540F84b0cd0e9633855B84df7b8' │ '0x3aAde2dCD2Df6a8cAc689EE797591b2913658659' │         10n         │ 10000008779797398853539n │   'Client'   │        11n        │ 10000008957962861620381n │
│   19    │ '0xC0543b0b980D8c834CBdF023b2d2A75b5f9D1909' │ '0x3aAde2dCD2Df6a8cAc689EE797591b2913658659' │         13n         │ 10000008758491398683091n │ 'Freelancer' │        14n        │ 10000008934074861429277n │
│   20    │ '0x73B3074ac649A8dc31c2C90a124469456301a30F' │ '0x3aAde2dCD2Df6a8cAc689EE797591b2913658659' │         18n         │ 10000008737380398514203n │   'Client'   │        19n        │ 10000008910251861238693n │
│   21    │ '0x265188114EB5d5536BC8654d8e9710FE72C28c4d' │ '0x3aAde2dCD2Df6a8cAc689EE797591b2913658659' │         12n         │ 10000008716204398344795n │   'Client'   │        13n        │ 10000008886428861048109n │
│   22    │ '0x924Ba5Ce9f91ddED37b4ebf8c0dc82A40202fc0A' │ '0x3aAde2dCD2Df6a8cAc689EE797591b2913658659' │         18n         │ 10000008695028398175387n │   'Client'   │        19n        │ 10000008862605860857525n │
│   23    │ '0x64492E25C30031EDAD55E57cEA599CDB1F06dad1' │ '0x3aAde2dCD2Df6a8cAc689EE797591b2913658659' │         12n         │ 10000008673722398004939n │   'Client'   │        13n        │ 10000008838652860665901n │
│   24    │ '0x262595fa2a3A86adACDe208589614d483e3eF1C0' │ '0x3aAde2dCD2Df6a8cAc689EE797591b2913658659' │         14n         │ 10000008652806397837611n │ 'Freelancer' │        15n        │ 10000008815154860477917n │
│   25    │ '0xDFd99099Fa13541a64AEe9AAd61c0dbf3D32D492' │ '0x3aAde2dCD2Df6a8cAc689EE797591b2913658659' │         12n         │ 10000008631370397666123n │ 'Freelancer' │        13n        │ 10000008791071860285253n │
│   26    │ '0x63c3686EF31C03a641e2Ea8993A91Ea351e5891a' │ '0x3aAde2dCD2Df6a8cAc689EE797591b2913658659' │         15n         │ 10000008610454397498795n │   'Client'   │        16n        │ 10000008767443860096229n │
│   27    │ '0x9394cb5f737Bd3aCea7dcE90CA48DBd42801EE5d' │ '0x3aAde2dCD2Df6a8cAc689EE797591b2913658659' │         15n         │ 10000008589083397327827n │ 'Freelancer' │        16n        │ 10000008743490859904605n │
│   28    │ '0x344dca30F5c5f74F2f13Dc1d48Ad3A9069d13Ad9' │ '0x3aAde2dCD2Df6a8cAc689EE797591b2913658659' │         15n         │ 10000008567907397158419n │ 'Freelancer' │        16n        │ 10000008719667859714021n │
│   29    │ '0xF23E054D8b4D0BECFa22DeEF5632F27f781f8bf5' │ '0x3aAde2dCD2Df6a8cAc689EE797591b2913658659' │         13n         │ 10000008546731396989011n │ 'Freelancer' │        14n        │ 10000008695844859523437n │
│   30    │ '0x6d69F301d1Da5C7818B5e61EECc745b30179C68b' │ '0x3aAde2dCD2Df6a8cAc689EE797591b2913658659' │         10n         │ 10000008525490396819083n │   'Client'   │        11n        │ 10000008671891859331813n │
│   31    │ '0xF0cE7BaB13C99bA0565f426508a7CD8f4C247E5a' │ '0x3aAde2dCD2Df6a8cAc689EE797591b2913658659' │         11n         │ 10000008504379396650195n │   'Client'   │        12n        │ 10000008648133859141749n │
│   32    │ '0x011bD5423C5F77b5a0789E27f922535fd76B688F' │ '0x3aAde2dCD2Df6a8cAc689EE797591b2913658659' │         17n         │ 10000008483073396479747n │   'Client'   │        18n        │ 10000008624180858950125n │
│   33    │ '0xD9065f27e9b706E5F7628e067cC00B288dddbF19' │ '0x3aAde2dCD2Df6a8cAc689EE797591b2913658659' │         14n         │ 10000008462027396311379n │   'Client'   │        15n        │ 10000008600487858760581n │
│   34    │ '0x54ccCeB38251C29b628ef8B00b3cAB97e7cAc7D5' │ '0x3aAde2dCD2Df6a8cAc689EE797591b2913658659' │         11n         │ 10000008440851396141971n │ 'Freelancer' │        12n        │ 10000008576729858570517n │
│   35    │ '0xA1196426b41627ae75Ea7f7409E074BE97367da2' │ '0x3aAde2dCD2Df6a8cAc689EE797591b2913658659' │         18n         │ 10000008419675395972563n │ 'Freelancer' │        19n        │ 10000008552906858379933n │
│   36    │ '0xE74cEf90b6CF1a77FEfAd731713e6f53e575C183' │ '0x3aAde2dCD2Df6a8cAc689EE797591b2913658659' │         9n          │ 10000008403039395839475n │   'Client'   │        10n        │ 10000008533558858225149n │
│   37    │ '0x7Df8Efa6d6F1CB5C4f36315e0AcB82b02Ae8BA40' │ '0x3aAde2dCD2Df6a8cAc689EE797591b2913658659' │         14n         │ 10000008377193395632707n │   'Client'   │        15n        │ 10000008505065857997205n │
│   38    │ '0x9E126C57330FA71556628e0aabd6B6B6783d99fA' │ '0x3aAde2dCD2Df6a8cAc689EE797591b2913658659' │         14n         │ 10000005855418375458507n │ 'Freelancer' │        15n        │ 10000005980708837802349n │
│   39    │ '0x586BA39027A74e8D40E6626f89Ae97bA7f616644' │ '0x3aAde2dCD2Df6a8cAc689EE797591b2913658659' │         11n         │ 10000008410899351921371n │ 'Freelancer' │        12n        │ 10000008533542814244037n │
│   40    │ '0x9A50ed082Cf2fc003152580dcDB320B834fA379E' │ '0x3aAde2dCD2Df6a8cAc689EE797591b2913658659' │         11n         │ 10000008394822351792755n │   'Client'   │        12n        │ 10000007251239803985613n │
│   41    │ '0xbc8183bac3E969042736f7af07f76223D11D2148' │ '0x3aAde2dCD2Df6a8cAc689EE797591b2913658659' │         12n         │ 10000008379070351666739n │   'Client'   │        12n        │ 10000008304974351073971n │
│   42    │ '0x586aF62EAe7F447D14D25f53918814e04d3A5BA4' │ '0x3aAde2dCD2Df6a8cAc689EE797591b2913658659' │         11n         │ 10000008363123351539163n │ 'Freelancer' │        11n        │ 10000008289027350946395n │
│   43    │ '0xCcDd262f272Ee6C226266eEa13eE48D4d932Ce66' │ '0x3aAde2dCD2Df6a8cAc689EE797591b2913658659' │         10n         │ 10000005687534330134451n │ 'Freelancer' │        10n        │ 10000005613438329541683n │
│   44    │ '0xF0eeDDC5e015d4c459590E01Dcc2f2FD1d2baac7' │ '0x3aAde2dCD2Df6a8cAc689EE797591b2913658659' │         14n         │ 10000005095015868342418n │   'Client'   │        14n        │ 10000005020919867749650n │
│   45    │ '0x4edFEDFf17ab9642F8464D6143900903dD21421a' │ '0x3aAde2dCD2Df6a8cAc689EE797591b2913658659' │         7n          │ 10000002330281846224546n │ 'Freelancer' │        7n         │ 10000002256185845631778n │
│   46    │ '0x492C973C16E8aeC46f4d71716E91b05B245377C9' │ '0x3aAde2dCD2Df6a8cAc689EE797591b2913658659' │         5n          │ 10000001524920370121272n │   'Client'   │        5n         │ 10000001450824369528504n │
│   47    │ '0xE5D3ab6883b7e8c35c04675F28BB992Ca1129ee4' │ '0x3aAde2dCD2Df6a8cAc689EE797591b2913658659' │         7n          │ 10000000097876358704920n │   'Client'   │        7n         │ 10000000023780358112152n │
│   48    │ '0x71F280DEA6FC5a03790941Ad72956f545FeB7a52' │ '0x3aAde2dCD2Df6a8cAc689EE797591b2913658659' │         8n          │ 9999997778183360077376n  │   'Client'   │        8n         │ 9999997704087359484608n  │
│   49    │ '0xE77478D9E136D3643cFc6fef578Abf63F9Ab91B1' │ '0x3aAde2dCD2Df6a8cAc689EE797591b2913658659' │         1n          │ 9999999407231995257856n  │   'Client'   │        1n         │ 9999999333135994665088n  │
└─────────┴──────────────────────────────────────────────┴──────────────────────────────────────────────┴─────────────────────┴──────────────────────────┴──────────────┴───────────────────┴──────────────────────────┘
    ✔ Should allow successful completion of multiple contracts including ones with disputes (1482ms)

===========================
CONCURRENT CONTRACTS
===========================


===========================
  ARBITRATOR INITIAL INFO 
===========================

┌─────────┬──────────────────────────────────────────────┬───────────────┬──────────────────────────┐
│ (index) │                 arbitrator1                  │ token_balance │      wallet_balance      │
├─────────┼──────────────────────────────────────────────┼───────────────┼──────────────────────────┤
│    0    │ '0x08A2DE6F3528319123b25935C92888B16db8913E' │      10n      │ 10000008904611844322415n │
└─────────┴──────────────────────────────────────────────┴───────────────┴──────────────────────────┘
┌─────────┬──────────────────────────────────────────────┬───────────────┬──────────────────────────┐
│ (index) │                 arbitrator2                  │ token_balance │      wallet_balance      │
├─────────┼──────────────────────────────────────────────┼───────────────┼──────────────────────────┤
│    0    │ '0xe141C82D99D85098e03E1a1cC1CdE676556fDdE0' │      3n       │ 10000009260288853122498n │
└─────────┴──────────────────────────────────────────────┴───────────────┴──────────────────────────┘
┌─────────┬──────────────────────────────────────────────┬───────────────┬──────────────────────────┐
│ (index) │                 arbitrator3                  │ token_balance │      wallet_balance      │
├─────────┼──────────────────────────────────────────────┼───────────────┼──────────────────────────┤
│    0    │ '0x4b23D303D9e3719D6CDf8d172Ea030F80509ea15' │      8n       │ 10000009309665857052109n │
└─────────┴──────────────────────────────────────────────┴───────────────┴──────────────────────────┘
┌─────────┬──────────────────────────────────────────────┬───────────────┬──────────────────────────┐
│ (index) │                 arbitrator4                  │ token_balance │      wallet_balance      │
├─────────┼──────────────────────────────────────────────┼───────────────┼──────────────────────────┤
│    0    │ '0xC004e69C5C04A223463Ff32042dd36DabF63A25a' │      3n       │ 10000009315242858686144n │
└─────────┴──────────────────────────────────────────────┴───────────────┴──────────────────────────┘
┌─────────┬──────────────────────────────────────────────┬───────────────┬──────────────────────────┐
│ (index) │                 arbitrator5                  │ token_balance │      wallet_balance      │
├─────────┼──────────────────────────────────────────────┼───────────────┼──────────────────────────┤
│    0    │ '0x5eb15C0992734B5e77c888D713b4FC67b3D679A2' │      7n       │ 10000009291419859937689n │
└─────────┴──────────────────────────────────────────────┴───────────────┴──────────────────────────┘
┌─────────┬──────────────────────────────────────────────┬───────────────┬──────────────────────────┐
│ (index) │                 arbitrator6                  │ token_balance │      wallet_balance      │
├─────────┼──────────────────────────────────────────────┼───────────────┼──────────────────────────┤
│    0    │ '0x7Ebb637fd68c523613bE51aad27C35C4DB199B9c' │      6n       │ 10000009267596860863214n │
└─────────┴──────────────────────────────────────────────┴───────────────┴──────────────────────────┘
┌─────────┬──────────────────────────────────────────────┬───────────────┬──────────────────────────┐
│ (index) │                 arbitrator7                  │ token_balance │      wallet_balance      │
├─────────┼──────────────────────────────────────────────┼───────────────┼──────────────────────────┤
│    0    │ '0x3c3E2E178C69D4baD964568415a0f0c84fd6320A' │      6n       │ 10000009226673861360679n │
└─────────┴──────────────────────────────────────────────┴───────────────┴──────────────────────────┘
┌─────────┬──────────────────────────────────────────────┬───────────────┬──────────────────────────┐
│ (index) │                 arbitrator8                  │ token_balance │      wallet_balance      │
├─────────┼──────────────────────────────────────────────┼───────────────┼──────────────────────────┤
│    0    │ '0x35304262b9E87C00c430149f28dD154995d01207' │      3n       │ 10000009219885861941481n │
└─────────┴──────────────────────────────────────────────┴───────────────┴──────────────────────────┘
┌─────────┬──────────────────────────────────────────────┬───────────────┬──────────────────────────┐
│ (index) │                 arbitrator9                  │ token_balance │      wallet_balance      │
├─────────┼──────────────────────────────────────────────┼───────────────┼──────────────────────────┤
│    0    │ '0xD4A1E660C916855229e1712090CcfD8a424A2E33' │      5n       │ 10000009196192862284468n │
└─────────┴──────────────────────────────────────────────┴───────────────┴──────────────────────────┘
┌─────────┬──────────────────────────────────────────────┬───────────────┬──────────────────────────┐
│ (index) │                 arbitrator10                 │ token_balance │      wallet_balance      │
├─────────┼──────────────────────────────────────────────┼───────────────┼──────────────────────────┤
│    0    │ '0xEe7f6A930B29d7350498Af97f0F9672EaecbeeFf' │      5n       │ 10000009172174862420465n │
└─────────┴──────────────────────────────────────────────┴───────────────┴──────────────────────────┘
┌─────────┬──────────────────────────────────────────────┬───────────────┬──────────────────────────┐
│ (index) │                 arbitrator11                 │ token_balance │      wallet_balance      │
├─────────┼──────────────────────────────────────────────┼───────────────┼──────────────────────────┤
│    0    │ '0x145e2dc5C8238d1bE628F87076A37d4a26a78544' │      3n       │ 10000009148416862568935n │
└─────────┴──────────────────────────────────────────────┴───────────────┴──────────────────────────┘
┌─────────┬──────────────────────────────────────────────┬───────────────┬──────────────────────────┐
│ (index) │                 arbitrator12                 │ token_balance │      wallet_balance      │
├─────────┼──────────────────────────────────────────────┼───────────────┼──────────────────────────┤
│    0    │ '0xD6A098EbCc5f8Bd4e174D915C54486B077a34A51' │      10n      │ 10000009129393862771063n │
└─────────┴──────────────────────────────────────────────┴───────────────┴──────────────────────────┘
┌─────────┬──────────────────────────────────────────────┬───────────────┬──────────────────────────┐
│ (index) │                 arbitrator13                 │ token_balance │      wallet_balance      │
├─────────┼──────────────────────────────────────────────┼───────────────┼──────────────────────────┤
│    0    │ '0x042a63149117602129B6922ecFe3111168C2C323' │      5n       │ 10000009100705862762325n │
└─────────┴──────────────────────────────────────────────┴───────────────┴──────────────────────────┘
┌─────────┬──────────────────────────────────────────────┬───────────────┬──────────────────────────┐
│ (index) │                 arbitrator14                 │ token_balance │      wallet_balance      │
├─────────┼──────────────────────────────────────────────┼───────────────┼──────────────────────────┤
│    0    │ '0xa0EC9eE47802CeB56eb58ce80F3E41630B771b04' │      2n       │ 10000009077077862573301n │
└─────────┴──────────────────────────────────────────────┴───────────────┴──────────────────────────┘
┌─────────┬──────────────────────────────────────────────┬───────────────┬──────────────────────────┐
│ (index) │                 arbitrator15                 │ token_balance │      wallet_balance      │
├─────────┼──────────────────────────────────────────────┼───────────────┼──────────────────────────┤
│    0    │ '0xe8B1ff302A740fD2C6e76B620d45508dAEc2DDFf' │      6n       │ 10000009053059862381157n │
└─────────┴──────────────────────────────────────────────┴───────────────┴──────────────────────────┘
┌─────────┬──────────────────────────────────────────────┬───────────────┬──────────────────────────┐
│ (index) │                 arbitrator16                 │ token_balance │      wallet_balance      │
├─────────┼──────────────────────────────────────────────┼───────────────┼──────────────────────────┤
│    0    │ '0xAb707cb80e7de7C75d815B1A653433F3EEc44c74' │      9n       │ 10000009029496862192653n │
└─────────┴──────────────────────────────────────────────┴───────────────┴──────────────────────────┘
┌─────────┬──────────────────────────────────────────────┬───────────────┬──────────────────────────┐
│ (index) │                 arbitrator17                 │ token_balance │      wallet_balance      │
├─────────┼──────────────────────────────────────────────┼───────────────┼──────────────────────────┤
│    0    │ '0x0d803cdeEe5990f22C2a8DF10A695D2312dA26CC' │      6n       │ 10000009005413861999989n │
└─────────┴──────────────────────────────────────────────┴───────────────┴──────────────────────────┘
┌─────────┬──────────────────────────────────────────────┬───────────────┬──────────────────────────┐
│ (index) │                 arbitrator18                 │ token_balance │      wallet_balance      │
├─────────┼──────────────────────────────────────────────┼───────────────┼──────────────────────────┤
│    0    │ '0x1c87Bb9234aeC6aDc580EaE6C8B59558A4502220' │      4n       │ 10000008981720861810445n │
└─────────┴──────────────────────────────────────────────┴───────────────┴──────────────────────────┘
┌─────────┬──────────────────────────────────────────────┬───────────────┬──────────────────────────┐
│ (index) │                 arbitrator19                 │ token_balance │      wallet_balance      │
├─────────┼──────────────────────────────────────────────┼───────────────┼──────────────────────────┤
│    0    │ '0x4779d18931B35540F84b0cd0e9633855B84df7b8' │      7n       │ 10000008957962861620381n │
└─────────┴──────────────────────────────────────────────┴───────────────┴──────────────────────────┘
┌─────────┬──────────────────────────────────────────────┬───────────────┬──────────────────────────┐
│ (index) │                 arbitrator20                 │ token_balance │      wallet_balance      │
├─────────┼──────────────────────────────────────────────┼───────────────┼──────────────────────────┤
│    0    │ '0xC0543b0b980D8c834CBdF023b2d2A75b5f9D1909' │      8n       │ 10000008934074861429277n │
└─────────┴──────────────────────────────────────────────┴───────────────┴──────────────────────────┘
┌─────────┬──────────────────────────────────────────────┬───────────────┬──────────────────────────┐
│ (index) │                 arbitrator21                 │ token_balance │      wallet_balance      │
├─────────┼──────────────────────────────────────────────┼───────────────┼──────────────────────────┤
│    0    │ '0x73B3074ac649A8dc31c2C90a124469456301a30F' │      6n       │ 10000008910251861238693n │
└─────────┴──────────────────────────────────────────────┴───────────────┴──────────────────────────┘
┌─────────┬──────────────────────────────────────────────┬───────────────┬──────────────────────────┐
│ (index) │                 arbitrator22                 │ token_balance │      wallet_balance      │
├─────────┼──────────────────────────────────────────────┼───────────────┼──────────────────────────┤
│    0    │ '0x265188114EB5d5536BC8654d8e9710FE72C28c4d' │      7n       │ 10000008886428861048109n │
└─────────┴──────────────────────────────────────────────┴───────────────┴──────────────────────────┘
┌─────────┬──────────────────────────────────────────────┬───────────────┬──────────────────────────┐
│ (index) │                 arbitrator23                 │ token_balance │      wallet_balance      │
├─────────┼──────────────────────────────────────────────┼───────────────┼──────────────────────────┤
│    0    │ '0x924Ba5Ce9f91ddED37b4ebf8c0dc82A40202fc0A' │      7n       │ 10000008862605860857525n │
└─────────┴──────────────────────────────────────────────┴───────────────┴──────────────────────────┘
┌─────────┬──────────────────────────────────────────────┬───────────────┬──────────────────────────┐
│ (index) │                 arbitrator24                 │ token_balance │      wallet_balance      │
├─────────┼──────────────────────────────────────────────┼───────────────┼──────────────────────────┤
│    0    │ '0x64492E25C30031EDAD55E57cEA599CDB1F06dad1' │      4n       │ 10000008838652860665901n │
└─────────┴──────────────────────────────────────────────┴───────────────┴──────────────────────────┘
┌─────────┬──────────────────────────────────────────────┬───────────────┬──────────────────────────┐
│ (index) │                 arbitrator25                 │ token_balance │      wallet_balance      │
├─────────┼──────────────────────────────────────────────┼───────────────┼──────────────────────────┤
│    0    │ '0x262595fa2a3A86adACDe208589614d483e3eF1C0' │      6n       │ 10000008815154860477917n │
└─────────┴──────────────────────────────────────────────┴───────────────┴──────────────────────────┘
┌─────────┬──────────────────────────────────────────────┬───────────────┬──────────────────────────┐
│ (index) │                 arbitrator26                 │ token_balance │      wallet_balance      │
├─────────┼──────────────────────────────────────────────┼───────────────┼──────────────────────────┤
│    0    │ '0xDFd99099Fa13541a64AEe9AAd61c0dbf3D32D492' │      6n       │ 10000008791071860285253n │
└─────────┴──────────────────────────────────────────────┴───────────────┴──────────────────────────┘
┌─────────┬──────────────────────────────────────────────┬───────────────┬──────────────────────────┐
│ (index) │                 arbitrator27                 │ token_balance │      wallet_balance      │
├─────────┼──────────────────────────────────────────────┼───────────────┼──────────────────────────┤
│    0    │ '0x63c3686EF31C03a641e2Ea8993A91Ea351e5891a' │      2n       │ 10000008767443860096229n │
└─────────┴──────────────────────────────────────────────┴───────────────┴──────────────────────────┘
┌─────────┬──────────────────────────────────────────────┬───────────────┬──────────────────────────┐
│ (index) │                 arbitrator28                 │ token_balance │      wallet_balance      │
├─────────┼──────────────────────────────────────────────┼───────────────┼──────────────────────────┤
│    0    │ '0x9394cb5f737Bd3aCea7dcE90CA48DBd42801EE5d' │      3n       │ 10000008743490859904605n │
└─────────┴──────────────────────────────────────────────┴───────────────┴──────────────────────────┘
┌─────────┬──────────────────────────────────────────────┬───────────────┬──────────────────────────┐
│ (index) │                 arbitrator29                 │ token_balance │      wallet_balance      │
├─────────┼──────────────────────────────────────────────┼───────────────┼──────────────────────────┤
│    0    │ '0x344dca30F5c5f74F2f13Dc1d48Ad3A9069d13Ad9' │      2n       │ 10000008719667859714021n │
└─────────┴──────────────────────────────────────────────┴───────────────┴──────────────────────────┘
┌─────────┬──────────────────────────────────────────────┬───────────────┬──────────────────────────┐
│ (index) │                 arbitrator30                 │ token_balance │      wallet_balance      │
├─────────┼──────────────────────────────────────────────┼───────────────┼──────────────────────────┤
│    0    │ '0xF23E054D8b4D0BECFa22DeEF5632F27f781f8bf5' │      4n       │ 10000008695844859523437n │
└─────────┴──────────────────────────────────────────────┴───────────────┴──────────────────────────┘
┌─────────┬──────────────────────────────────────────────┬───────────────┬──────────────────────────┐
│ (index) │                 arbitrator31                 │ token_balance │      wallet_balance      │
├─────────┼──────────────────────────────────────────────┼───────────────┼──────────────────────────┤
│    0    │ '0x6d69F301d1Da5C7818B5e61EECc745b30179C68b' │      8n       │ 10000008671891859331813n │
└─────────┴──────────────────────────────────────────────┴───────────────┴──────────────────────────┘
┌─────────┬──────────────────────────────────────────────┬───────────────┬──────────────────────────┐
│ (index) │                 arbitrator32                 │ token_balance │      wallet_balance      │
├─────────┼──────────────────────────────────────────────┼───────────────┼──────────────────────────┤
│    0    │ '0xF0cE7BaB13C99bA0565f426508a7CD8f4C247E5a' │      9n       │ 10000008648133859141749n │
└─────────┴──────────────────────────────────────────────┴───────────────┴──────────────────────────┘
┌─────────┬──────────────────────────────────────────────┬───────────────┬──────────────────────────┐
│ (index) │                 arbitrator33                 │ token_balance │      wallet_balance      │
├─────────┼──────────────────────────────────────────────┼───────────────┼──────────────────────────┤
│    0    │ '0x011bD5423C5F77b5a0789E27f922535fd76B688F' │      4n       │ 10000008624180858950125n │
└─────────┴──────────────────────────────────────────────┴───────────────┴──────────────────────────┘
┌─────────┬──────────────────────────────────────────────┬───────────────┬──────────────────────────┐
│ (index) │                 arbitrator34                 │ token_balance │      wallet_balance      │
├─────────┼──────────────────────────────────────────────┼───────────────┼──────────────────────────┤
│    0    │ '0xD9065f27e9b706E5F7628e067cC00B288dddbF19' │      4n       │ 10000008600487858760581n │
└─────────┴──────────────────────────────────────────────┴───────────────┴──────────────────────────┘
┌─────────┬──────────────────────────────────────────────┬───────────────┬──────────────────────────┐
│ (index) │                 arbitrator35                 │ token_balance │      wallet_balance      │
├─────────┼──────────────────────────────────────────────┼───────────────┼──────────────────────────┤
│    0    │ '0x54ccCeB38251C29b628ef8B00b3cAB97e7cAc7D5' │      10n      │ 10000008576729858570517n │
└─────────┴──────────────────────────────────────────────┴───────────────┴──────────────────────────┘
┌─────────┬──────────────────────────────────────────────┬───────────────┬──────────────────────────┐
│ (index) │                 arbitrator36                 │ token_balance │      wallet_balance      │
├─────────┼──────────────────────────────────────────────┼───────────────┼──────────────────────────┤
│    0    │ '0xA1196426b41627ae75Ea7f7409E074BE97367da2' │      5n       │ 10000008552906858379933n │
└─────────┴──────────────────────────────────────────────┴───────────────┴──────────────────────────┘
┌─────────┬──────────────────────────────────────────────┬───────────────┬──────────────────────────┐
│ (index) │                 arbitrator37                 │ token_balance │      wallet_balance      │
├─────────┼──────────────────────────────────────────────┼───────────────┼──────────────────────────┤
│    0    │ '0xE74cEf90b6CF1a77FEfAd731713e6f53e575C183' │      4n       │ 10000008533558858225149n │
└─────────┴──────────────────────────────────────────────┴───────────────┴──────────────────────────┘
┌─────────┬──────────────────────────────────────────────┬───────────────┬──────────────────────────┐
│ (index) │                 arbitrator38                 │ token_balance │      wallet_balance      │
├─────────┼──────────────────────────────────────────────┼───────────────┼──────────────────────────┤
│    0    │ '0x7Df8Efa6d6F1CB5C4f36315e0AcB82b02Ae8BA40' │      6n       │ 10000008505065857997205n │
└─────────┴──────────────────────────────────────────────┴───────────────┴──────────────────────────┘
┌─────────┬──────────────────────────────────────────────┬───────────────┬──────────────────────────┐
│ (index) │                 arbitrator39                 │ token_balance │      wallet_balance      │
├─────────┼──────────────────────────────────────────────┼───────────────┼──────────────────────────┤
│    0    │ '0x9E126C57330FA71556628e0aabd6B6B6783d99fA' │      9n       │ 10000005980708837802349n │
└─────────┴──────────────────────────────────────────────┴───────────────┴──────────────────────────┘
┌─────────┬──────────────────────────────────────────────┬───────────────┬──────────────────────────┐
│ (index) │                 arbitrator40                 │ token_balance │      wallet_balance      │
├─────────┼──────────────────────────────────────────────┼───────────────┼──────────────────────────┤
│    0    │ '0x586BA39027A74e8D40E6626f89Ae97bA7f616644' │      7n       │ 10000008533542814244037n │
└─────────┴──────────────────────────────────────────────┴───────────────┴──────────────────────────┘
┌─────────┬──────────────────────────────────────────────┬───────────────┬──────────────────────────┐
│ (index) │                 arbitrator41                 │ token_balance │      wallet_balance      │
├─────────┼──────────────────────────────────────────────┼───────────────┼──────────────────────────┤
│    0    │ '0x9A50ed082Cf2fc003152580dcDB320B834fA379E' │      5n       │ 10000007251239803985613n │
└─────────┴──────────────────────────────────────────────┴───────────────┴──────────────────────────┘
┌─────────┬──────────────────────────────────────────────┬───────────────┬──────────────────────────┐
│ (index) │                 arbitrator42                 │ token_balance │      wallet_balance      │
├─────────┼──────────────────────────────────────────────┼───────────────┼──────────────────────────┤
│    0    │ '0xbc8183bac3E969042736f7af07f76223D11D2148' │      9n       │ 10000008304974351073971n │
└─────────┴──────────────────────────────────────────────┴───────────────┴──────────────────────────┘
┌─────────┬──────────────────────────────────────────────┬───────────────┬──────────────────────────┐
│ (index) │                 arbitrator43                 │ token_balance │      wallet_balance      │
├─────────┼──────────────────────────────────────────────┼───────────────┼──────────────────────────┤
│    0    │ '0x586aF62EAe7F447D14D25f53918814e04d3A5BA4' │      10n      │ 10000008289027350946395n │
└─────────┴──────────────────────────────────────────────┴───────────────┴──────────────────────────┘
┌─────────┬──────────────────────────────────────────────┬───────────────┬──────────────────────────┐
│ (index) │                 arbitrator44                 │ token_balance │      wallet_balance      │
├─────────┼──────────────────────────────────────────────┼───────────────┼──────────────────────────┤
│    0    │ '0xCcDd262f272Ee6C226266eEa13eE48D4d932Ce66' │      4n       │ 10000005613438329541683n │
└─────────┴──────────────────────────────────────────────┴───────────────┴──────────────────────────┘
┌─────────┬──────────────────────────────────────────────┬───────────────┬──────────────────────────┐
│ (index) │                 arbitrator45                 │ token_balance │      wallet_balance      │
├─────────┼──────────────────────────────────────────────┼───────────────┼──────────────────────────┤
│    0    │ '0xF0eeDDC5e015d4c459590E01Dcc2f2FD1d2baac7' │      10n      │ 10000005020919867749650n │
└─────────┴──────────────────────────────────────────────┴───────────────┴──────────────────────────┘
┌─────────┬──────────────────────────────────────────────┬───────────────┬──────────────────────────┐
│ (index) │                 arbitrator46                 │ token_balance │      wallet_balance      │
├─────────┼──────────────────────────────────────────────┼───────────────┼──────────────────────────┤
│    0    │ '0x4edFEDFf17ab9642F8464D6143900903dD21421a' │      7n       │ 10000002256185845631778n │
└─────────┴──────────────────────────────────────────────┴───────────────┴──────────────────────────┘
┌─────────┬──────────────────────────────────────────────┬───────────────┬──────────────────────────┐
│ (index) │                 arbitrator47                 │ token_balance │      wallet_balance      │
├─────────┼──────────────────────────────────────────────┼───────────────┼──────────────────────────┤
│    0    │ '0x492C973C16E8aeC46f4d71716E91b05B245377C9' │      9n       │ 10000001450824369528504n │
└─────────┴──────────────────────────────────────────────┴───────────────┴──────────────────────────┘
┌─────────┬──────────────────────────────────────────────┬───────────────┬──────────────────────────┐
│ (index) │                 arbitrator48                 │ token_balance │      wallet_balance      │
├─────────┼──────────────────────────────────────────────┼───────────────┼──────────────────────────┤
│    0    │ '0xE5D3ab6883b7e8c35c04675F28BB992Ca1129ee4' │      9n       │ 10000000023780358112152n │
└─────────┴──────────────────────────────────────────────┴───────────────┴──────────────────────────┘
┌─────────┬──────────────────────────────────────────────┬───────────────┬─────────────────────────┐
│ (index) │                 arbitrator49                 │ token_balance │     wallet_balance      │
├─────────┼──────────────────────────────────────────────┼───────────────┼─────────────────────────┤
│    0    │ '0x71F280DEA6FC5a03790941Ad72956f545FeB7a52' │      7n       │ 9999997704087359484608n │
└─────────┴──────────────────────────────────────────────┴───────────────┴─────────────────────────┘
┌─────────┬──────────────────────────────────────────────┬───────────────┬─────────────────────────┐
│ (index) │                 arbitrator50                 │ token_balance │     wallet_balance      │
├─────────┼──────────────────────────────────────────────┼───────────────┼─────────────────────────┤
│    0    │ '0xE77478D9E136D3643cFc6fef578Abf63F9Ab91B1' │      1n       │ 9999999333135994665088n │
└─────────┴──────────────────────────────────────────────┴───────────────┴─────────────────────────┘

===========================
  CONTRACT INFO 
===========================

┌─────────┬──────────────────────────────────────────────┬──────────────────────┬──────────────────────────────────────────────┬──────────────────────────────────────────────┬──────────────────────────────────────────────┬────────────────┬─────────────┐
│ (index) │                  contract1                   │    total_payment     │                   client1                    │                 freelancer1                  │                     corp                     │ milestoneCount │ description │
├─────────┼──────────────────────────────────────────────┼──────────────────────┼──────────────────────────────────────────────┼──────────────────────────────────────────────┼──────────────────────────────────────────────┼────────────────┼─────────────┤
│    0    │ '0x359570B3a0437805D0a71457D61AD26a28cAC9A2' │ 6083900000000000000n │ '0x70997970C51812dc3A010C7d01b50e0d17dc79C8' │ '0x02484cb50AAC86Eae85610D6f4Bf026f30f6627D' │ '0x4F259744634C65F2e2cFe70bAF3C0EA04640631b' │       4        │ 'Project 1' │
└─────────┴──────────────────────────────────────────────┴──────────────────────┴──────────────────────────────────────────────┴──────────────────────────────────────────────┴──────────────────────────────────────────────┴────────────────┴─────────────┘
┌─────────┬──────────────────────────────────────────────┬──────────────────────┬──────────────────────────────────────────────┬──────────────────────────────────────────────┬──────────────────────────────────────────────┬────────────────┬─────────────┐
│ (index) │                  contract2                   │    total_payment     │                   client2                    │                 freelancer2                  │                     corp                     │ milestoneCount │ description │
├─────────┼──────────────────────────────────────────────┼──────────────────────┼──────────────────────────────────────────────┼──────────────────────────────────────────────┼──────────────────────────────────────────────┼────────────────┼─────────────┤
│    0    │ '0xc9952Fc93Fa9bE383ccB39008c786b9f94eAc95d' │ 6620700000000000000n │ '0x3C44CdDdB6a900fa2b585dd299e03d12FA4293BC' │ '0x08135Da0A343E492FA2d4282F2AE34c6c5CC1BbE' │ '0x4F259744634C65F2e2cFe70bAF3C0EA04640631b' │       2        │ 'Project 2' │
└─────────┴──────────────────────────────────────────────┴──────────────────────┴──────────────────────────────────────────────┴──────────────────────────────────────────────┴──────────────────────────────────────────────┴────────────────┴─────────────┘
┌─────────┬──────────────────────────────────────────────┬──────────────────────┬──────────────────────────────────────────────┬──────────────────────────────────────────────┬──────────────────────────────────────────────┬────────────────┬─────────────┐
│ (index) │                  contract3                   │    total_payment     │                   client3                    │                 freelancer3                  │                     corp                     │ milestoneCount │ description │
├─────────┼──────────────────────────────────────────────┼──────────────────────┼──────────────────────────────────────────────┼──────────────────────────────────────────────┼──────────────────────────────────────────────┼────────────────┼─────────────┤
│    0    │ '0xDde063eBe8E85D666AD99f731B4Dbf8C98F29708' │ 7612200000000000000n │ '0x90F79bf6EB2c4f870365E785982E1f101E93b906' │ '0x5E661B79FE2D3F6cE70F5AAC07d8Cd9abb2743F1' │ '0x4F259744634C65F2e2cFe70bAF3C0EA04640631b' │       3        │ 'Project 3' │
└─────────┴──────────────────────────────────────────────┴──────────────────────┴──────────────────────────────────────────────┴──────────────────────────────────────────────┴──────────────────────────────────────────────┴────────────────┴─────────────┘
┌─────────┬──────────────────────────────────────────────┬─────────────────────┬──────────────────────────────────────────────┬──────────────────────────────────────────────┬──────────────────────────────────────────────┬────────────────┬─────────────┐
│ (index) │                  contract4                   │    total_payment    │                   client4                    │                 freelancer4                  │                     corp                     │ milestoneCount │ description │
├─────────┼──────────────────────────────────────────────┼─────────────────────┼──────────────────────────────────────────────┼──────────────────────────────────────────────┼──────────────────────────────────────────────┼────────────────┼─────────────┤
│    0    │ '0xD5724171C2b7f0AA717a324626050BD05767e2C6' │ 926400000000000000n │ '0x15d34AAf54267DB7D7c367839AAf71A00a2C6A65' │ '0x61097BA76cD906d2ba4FD106E757f7Eb455fc295' │ '0x4F259744634C65F2e2cFe70bAF3C0EA04640631b' │       5        │ 'Project 4' │
└─────────┴──────────────────────────────────────────────┴─────────────────────┴──────────────────────────────────────────────┴──────────────────────────────────────────────┴──────────────────────────────────────────────┴────────────────┴─────────────┘
┌─────────┬──────────────────────────────────────────────┬──────────────────────┬──────────────────────────────────────────────┬──────────────────────────────────────────────┬──────────────────────────────────────────────┬────────────────┬─────────────┐
│ (index) │                  contract5                   │    total_payment     │                   client5                    │                 freelancer5                  │                     corp                     │ milestoneCount │ description │
├─────────┼──────────────────────────────────────────────┼──────────────────────┼──────────────────────────────────────────────┼──────────────────────────────────────────────┼──────────────────────────────────────────────┼────────────────┼─────────────┤
│    0    │ '0x70eE76691Bdd9696552AF8d4fd634b3cF79DD529' │ 8792500000000000000n │ '0x9965507D1a55bcC2695C58ba16FB37d819B0A4dc' │ '0xDf37F81dAAD2b0327A0A50003740e1C935C70913' │ '0x4F259744634C65F2e2cFe70bAF3C0EA04640631b' │       5        │ 'Project 5' │
└─────────┴──────────────────────────────────────────────┴──────────────────────┴──────────────────────────────────────────────┴──────────────────────────────────────────────┴──────────────────────────────────────────────┴────────────────┴─────────────┘
┌─────────┬──────────────────────────────────────────────┬──────────────────────┬──────────────────────────────────────────────┬──────────────────────────────────────────────┬──────────────────────────────────────────────┬────────────────┬─────────────┐
│ (index) │                  contract6                   │    total_payment     │                   client6                    │                 freelancer6                  │                     corp                     │ milestoneCount │ description │
├─────────┼──────────────────────────────────────────────┼──────────────────────┼──────────────────────────────────────────────┼──────────────────────────────────────────────┼──────────────────────────────────────────────┼────────────────┼─────────────┤
│    0    │ '0x8B190573374637f144AC8D37375d97fd84cBD3a0' │ 5191000000000000000n │ '0x976EA74026E726554dB657fA54763abd0C3a0aa9' │ '0x553BC17A05702530097c3677091C5BB47a3a7931' │ '0x4F259744634C65F2e2cFe70bAF3C0EA04640631b' │       1        │ 'Project 6' │
└─────────┴──────────────────────────────────────────────┴──────────────────────┴──────────────────────────────────────────────┴──────────────────────────────────────────────┴──────────────────────────────────────────────┴────────────────┴─────────────┘
┌─────────┬──────────────────────────────────────────────┬──────────────────────┬──────────────────────────────────────────────┬──────────────────────────────────────────────┬──────────────────────────────────────────────┬────────────────┬─────────────┐
│ (index) │                  contract7                   │    total_payment     │                   client7                    │                 freelancer7                  │                     corp                     │ milestoneCount │ description │
├─────────┼──────────────────────────────────────────────┼──────────────────────┼──────────────────────────────────────────────┼──────────────────────────────────────────────┼──────────────────────────────────────────────┼────────────────┼─────────────┤
│    0    │ '0x9385556B571ab92bf6dC9a0DbD75429Dd4d56F91' │ 3965300000000000000n │ '0x14dC79964da2C08b23698B3D3cc7Ca32193d9955' │ '0x87BdCE72c06C21cd96219BD8521bDF1F42C78b5e' │ '0x4F259744634C65F2e2cFe70bAF3C0EA04640631b' │       1        │ 'Project 7' │
└─────────┴──────────────────────────────────────────────┴──────────────────────┴──────────────────────────────────────────────┴──────────────────────────────────────────────┴──────────────────────────────────────────────┴────────────────┴─────────────┘
┌─────────┬──────────────────────────────────────────────┬──────────────────────┬──────────────────────────────────────────────┬──────────────────────────────────────────────┬──────────────────────────────────────────────┬────────────────┬─────────────┐
│ (index) │                  contract8                   │    total_payment     │                   client8                    │                 freelancer8                  │                     corp                     │ milestoneCount │ description │
├─────────┼──────────────────────────────────────────────┼──────────────────────┼──────────────────────────────────────────────┼──────────────────────────────────────────────┼──────────────────────────────────────────────┼────────────────┼─────────────┤
│    0    │ '0x162700d1613DfEC978032A909DE02643bC55df1A' │ 5537100000000000000n │ '0x23618e81E3f5cdF7f54C3d65f7FBc0aBf5B21E8f' │ '0x40Fc963A729c542424cD800349a7E4Ecc4896624' │ '0x4F259744634C65F2e2cFe70bAF3C0EA04640631b' │       4        │ 'Project 8' │
└─────────┴──────────────────────────────────────────────┴──────────────────────┴──────────────────────────────────────────────┴──────────────────────────────────────────────┴──────────────────────────────────────────────┴────────────────┴─────────────┘
┌─────────┬──────────────────────────────────────────────┬──────────────────────┬──────────────────────────────────────────────┬──────────────────────────────────────────────┬──────────────────────────────────────────────┬────────────────┬─────────────┐
│ (index) │                  contract9                   │    total_payment     │                   client9                    │                 freelancer9                  │                     corp                     │ milestoneCount │ description │
├─────────┼──────────────────────────────────────────────┼──────────────────────┼──────────────────────────────────────────────┼──────────────────────────────────────────────┼──────────────────────────────────────────────┼────────────────┼─────────────┤
│    0    │ '0x67aD6EA566BA6B0fC52e97Bc25CE46120fdAc04c' │ 2953700000000000000n │ '0xa0Ee7A142d267C1f36714E4a8F75612F20a79720' │ '0x9DCCe783B6464611f38631e6C851bf441907c710' │ '0x4F259744634C65F2e2cFe70bAF3C0EA04640631b' │       2        │ 'Project 9' │
└─────────┴──────────────────────────────────────────────┴──────────────────────┴──────────────────────────────────────────────┴──────────────────────────────────────────────┴──────────────────────────────────────────────┴────────────────┴─────────────┘
┌─────────┬──────────────────────────────────────────────┬──────────────────────┬──────────────────────────────────────────────┬──────────────────────────────────────────────┬──────────────────────────────────────────────┬────────────────┬──────────────┐
│ (index) │                  contract10                  │    total_payment     │                   client10                   │                 freelancer10                 │                     corp                     │ milestoneCount │ description  │
├─────────┼──────────────────────────────────────────────┼──────────────────────┼──────────────────────────────────────────────┼──────────────────────────────────────────────┼──────────────────────────────────────────────┼────────────────┼──────────────┤
│    0    │ '0x114e375B6FCC6d6fCb68c7A1d407E652C54F25FB' │ 9218900000000000000n │ '0xBcd4042DE499D14e55001CcbB24a551F3b954096' │ '0x1BcB8e569EedAb4668e55145Cfeaf190902d3CF2' │ '0x4F259744634C65F2e2cFe70bAF3C0EA04640631b' │       5        │ 'Project 10' │
└─────────┴──────────────────────────────────────────────┴──────────────────────┴──────────────────────────────────────────────┴──────────────────────────────────────────────┴──────────────────────────────────────────────┴────────────────┴──────────────┘
┌─────────┬──────────────────────────────────────────────┬──────────────────────┬──────────────────────────────────────────────┬──────────────────────────────────────────────┬──────────────────────────────────────────────┬────────────────┬──────────────┐
│ (index) │                  contract11                  │    total_payment     │                   client11                   │                 freelancer11                 │                     corp                     │ milestoneCount │ description  │
├─────────┼──────────────────────────────────────────────┼──────────────────────┼──────────────────────────────────────────────┼──────────────────────────────────────────────┼──────────────────────────────────────────────┼────────────────┼──────────────┤
│    0    │ '0xcD0048A5628B37B8f743cC2FeA18817A29e97270' │ 5518900000000000000n │ '0x71bE63f3384f5fb98995898A86B02Fb2426c5788' │ '0x8263Fce86B1b78F95Ab4dae11907d8AF88f841e7' │ '0x4F259744634C65F2e2cFe70bAF3C0EA04640631b' │       1        │ 'Project 11' │
└─────────┴──────────────────────────────────────────────┴──────────────────────┴──────────────────────────────────────────────┴──────────────────────────────────────────────┴──────────────────────────────────────────────┴────────────────┴──────────────┘
┌─────────┬──────────────────────────────────────────────┬──────────────────────┬──────────────────────────────────────────────┬──────────────────────────────────────────────┬──────────────────────────────────────────────┬────────────────┬──────────────┐
│ (index) │                  contract12                  │    total_payment     │                   client12                   │                 freelancer12                 │                     corp                     │ milestoneCount │ description  │
├─────────┼──────────────────────────────────────────────┼──────────────────────┼──────────────────────────────────────────────┼──────────────────────────────────────────────┼──────────────────────────────────────────────┼────────────────┼──────────────┤
│    0    │ '0x976C214741b4657bd99DFD38a5c0E3ac5C99D903' │ 3733200000000000000n │ '0xFABB0ac9d68B0B445fB7357272Ff202C5651694a' │ '0xcF2d5b3cBb4D7bF04e3F7bFa8e27081B52191f91' │ '0x4F259744634C65F2e2cFe70bAF3C0EA04640631b' │       5        │ 'Project 12' │
└─────────┴──────────────────────────────────────────────┴──────────────────────┴──────────────────────────────────────────────┴──────────────────────────────────────────────┴──────────────────────────────────────────────┴────────────────┴──────────────┘
┌─────────┬──────────────────────────────────────────────┬──────────────────────┬──────────────────────────────────────────────┬──────────────────────────────────────────────┬──────────────────────────────────────────────┬────────────────┬──────────────┐
│ (index) │                  contract13                  │    total_payment     │                   client13                   │                 freelancer13                 │                     corp                     │ milestoneCount │ description  │
├─────────┼──────────────────────────────────────────────┼──────────────────────┼──────────────────────────────────────────────┼──────────────────────────────────────────────┼──────────────────────────────────────────────┼────────────────┼──────────────┤
│    0    │ '0x8bEe2037448F096900Fd9affc427d38aE6CC0350' │ 2849600000000000000n │ '0x1CBd3b2770909D4e10f157cABC84C7264073C9Ec' │ '0x86c53Eb85D0B7548fea5C4B4F82b4205C8f6Ac18' │ '0x4F259744634C65F2e2cFe70bAF3C0EA04640631b' │       1        │ 'Project 13' │
└─────────┴──────────────────────────────────────────────┴──────────────────────┴──────────────────────────────────────────────┴──────────────────────────────────────────────┴──────────────────────────────────────────────┴────────────────┴──────────────┘
┌─────────┬──────────────────────────────────────────────┬──────────────────────┬──────────────────────────────────────────────┬──────────────────────────────────────────────┬──────────────────────────────────────────────┬────────────────┬──────────────┐
│ (index) │                  contract14                  │    total_payment     │                   client14                   │                 freelancer14                 │                     corp                     │ milestoneCount │ description  │
├─────────┼──────────────────────────────────────────────┼──────────────────────┼──────────────────────────────────────────────┼──────────────────────────────────────────────┼──────────────────────────────────────────────┼────────────────┼──────────────┤
│    0    │ '0x942ED2fa862887Dc698682cc6a86355324F0f01e' │ 6502600000000000000n │ '0xdF3e18d64BC6A983f673Ab319CCaE4f1a57C7097' │ '0x1aac82773CB722166D7dA0d5b0FA35B0307dD99D' │ '0x4F259744634C65F2e2cFe70bAF3C0EA04640631b' │       4        │ 'Project 14' │
└─────────┴──────────────────────────────────────────────┴──────────────────────┴──────────────────────────────────────────────┴──────────────────────────────────────────────┴──────────────────────────────────────────────┴────────────────┴──────────────┘
┌─────────┬──────────────────────────────────────────────┬──────────────────────┬──────────────────────────────────────────────┬──────────────────────────────────────────────┬──────────────────────────────────────────────┬────────────────┬──────────────┐
│ (index) │                  contract15                  │    total_payment     │                   client15                   │                 freelancer15                 │                     corp                     │ milestoneCount │ description  │
├─────────┼──────────────────────────────────────────────┼──────────────────────┼──────────────────────────────────────────────┼──────────────────────────────────────────────┼──────────────────────────────────────────────┼────────────────┼──────────────┤
│    0    │ '0x8D81A3DCd17030cD5F23Ac7370e4Efb10D2b3cA4' │ 4651600000000000000n │ '0xcd3B766CCDd6AE721141F452C550Ca635964ce71' │ '0x2f4f06d218E426344CFE1A83D53dAd806994D325' │ '0x4F259744634C65F2e2cFe70bAF3C0EA04640631b' │       2        │ 'Project 15' │
└─────────┴──────────────────────────────────────────────┴──────────────────────┴──────────────────────────────────────────────┴──────────────────────────────────────────────┴──────────────────────────────────────────────┴────────────────┴──────────────┘
┌─────────┬──────────────────────────────────────────────┬──────────────────────┬──────────────────────────────────────────────┬──────────────────────────────────────────────┬──────────────────────────────────────────────┬────────────────┬──────────────┐
│ (index) │                  contract16                  │    total_payment     │                   client16                   │                 freelancer16                 │                     corp                     │ milestoneCount │ description  │
├─────────┼──────────────────────────────────────────────┼──────────────────────┼──────────────────────────────────────────────┼──────────────────────────────────────────────┼──────────────────────────────────────────────┼────────────────┼──────────────┤
│    0    │ '0xcC4c41415fc68B2fBf70102742A83cDe435e0Ca7' │ 8640400000000000000n │ '0x2546BcD3c84621e976D8185a91A922aE77ECEc30' │ '0x1003ff39d25F2Ab16dBCc18EcE05a9B6154f65F4' │ '0x4F259744634C65F2e2cFe70bAF3C0EA04640631b' │       2        │ 'Project 16' │
└─────────┴──────────────────────────────────────────────┴──────────────────────┴──────────────────────────────────────────────┴──────────────────────────────────────────────┴──────────────────────────────────────────────┴────────────────┴──────────────┘
┌─────────┬──────────────────────────────────────────────┬─────────────────────┬──────────────────────────────────────────────┬──────────────────────────────────────────────┬──────────────────────────────────────────────┬────────────────┬──────────────┐
│ (index) │                  contract17                  │    total_payment    │                   client17                   │                 freelancer17                 │                     corp                     │ milestoneCount │ description  │
├─────────┼──────────────────────────────────────────────┼─────────────────────┼──────────────────────────────────────────────┼──────────────────────────────────────────────┼──────────────────────────────────────────────┼────────────────┼──────────────┤
│    0    │ '0xa722bdA6968F50778B973Ae2701e90200C564B49' │ 871700000000000000n │ '0xbDA5747bFD65F08deb54cb465eB87D40e51B197E' │ '0x9eAF5590f2c84912A08de97FA28d0529361Deb9E' │ '0x4F259744634C65F2e2cFe70bAF3C0EA04640631b' │       1        │ 'Project 17' │
└─────────┴──────────────────────────────────────────────┴─────────────────────┴──────────────────────────────────────────────┴──────────────────────────────────────────────┴──────────────────────────────────────────────┴────────────────┴──────────────┘
┌─────────┬──────────────────────────────────────────────┬──────────────────────┬──────────────────────────────────────────────┬──────────────────────────────────────────────┬──────────────────────────────────────────────┬────────────────┬──────────────┐
│ (index) │                  contract18                  │    total_payment     │                   client18                   │                 freelancer18                 │                     corp                     │ milestoneCount │ description  │
├─────────┼──────────────────────────────────────────────┼──────────────────────┼──────────────────────────────────────────────┼──────────────────────────────────────────────┼──────────────────────────────────────────────┼────────────────┼──────────────┤
│    0    │ '0xc7cDb7A2E5dDa1B7A0E792Fe1ef08ED20A6F56D4' │ 1269600000000000000n │ '0xdD2FD4581271e230360230F9337D5c0430Bf44C0' │ '0x11e8F3eA3C6FcF12EcfF2722d75CEFC539c51a1C' │ '0x4F259744634C65F2e2cFe70bAF3C0EA04640631b' │       2        │ 'Project 18' │
└─────────┴──────────────────────────────────────────────┴──────────────────────┴──────────────────────────────────────────────┴──────────────────────────────────────────────┴──────────────────────────────────────────────┴────────────────┴──────────────┘
┌─────────┬──────────────────────────────────────────────┬──────────────────────┬──────────────────────────────────────────────┬──────────────────────────────────────────────┬──────────────────────────────────────────────┬────────────────┬──────────────┐
│ (index) │                  contract19                  │    total_payment     │                   client19                   │                 freelancer19                 │                     corp                     │ milestoneCount │ description  │
├─────────┼──────────────────────────────────────────────┼──────────────────────┼──────────────────────────────────────────────┼──────────────────────────────────────────────┼──────────────────────────────────────────────┼────────────────┼──────────────┤
│    0    │ '0x967AB65ef14c58bD4DcfFeaAA1ADb40a022140E5' │ 4766100000000000000n │ '0x8626f6940E2eb28930eFb4CeF49B2d1F2C9C1199' │ '0x7D86687F980A56b832e9378952B738b614A99dc6' │ '0x4F259744634C65F2e2cFe70bAF3C0EA04640631b' │       5        │ 'Project 19' │
└─────────┴──────────────────────────────────────────────┴──────────────────────┴──────────────────────────────────────────────┴──────────────────────────────────────────────┴──────────────────────────────────────────────┴────────────────┴──────────────┘
┌─────────┬──────────────────────────────────────────────┬──────────────────────┬──────────────────────────────────────────────┬──────────────────────────────────────────────┬──────────────────────────────────────────────┬────────────────┬──────────────┐
│ (index) │                  contract20                  │    total_payment     │                   client20                   │                 freelancer20                 │                     corp                     │ milestoneCount │ description  │
├─────────┼──────────────────────────────────────────────┼──────────────────────┼──────────────────────────────────────────────┼──────────────────────────────────────────────┼──────────────────────────────────────────────┼────────────────┼──────────────┤
│    0    │ '0xe1708FA6bb2844D5384613ef0846F9Bc1e8eC55E' │ 4416800000000000000n │ '0x09DB0a93B389bEF724429898f539AEB7ac2Dd55f' │ '0x9eF6c02FB2ECc446146E05F1fF687a788a8BF76d' │ '0x4F259744634C65F2e2cFe70bAF3C0EA04640631b' │       5        │ 'Project 20' │
└─────────┴──────────────────────────────────────────────┴──────────────────────┴──────────────────────────────────────────────┴──────────────────────────────────────────────┴──────────────────────────────────────────────┴────────────────┴──────────────┘
Client1 deposited 540874201175946432 Wei for milestone 3 of contract 1
Contracts1 balance: 567917911234743753 Wei and client1 balance: 9998519235477056092901 Wei
Client2 deposited 912140189439961088 Wei for milestone 3 of contract 2
Contracts2 balance: 6512114018627959593 Wei and client2 balance: 9986609716764997894121 Wei
Client3 deposited 161172628505684480 Wei for milestone 3 of contract 3
Contracts3 balance: 169231259930968704 Wei and client3 balance: 9999277206339067332088 Wei
Client4 deposited 54280031466954960 Wei for milestone 3 of contract 4
Contracts4 balance: 56994033040302708 Wei and client4 balance: 9998714790468920658191 Wei
Client5 deposited 773033892357677056 Wei for milestone 3 of contract 5
Contracts5 balance: 811685586975560908 Wei and client5 balance: 9995068738976037884117 Wei
Client6 deposited 771615723335364352 Wei for milestone 3 of contract 6
Contracts6 balance: 5450550000000000000 Wei and client6 balance: 9994537096728242398066 Wei
Client7 deposited 1428059027052282368 Wei for milestone 3 of contract 7
Contracts7 balance: 4163565000000000000 Wei and client7 balance: 9992197731182994689466 Wei
Client8 deposited 453919869235875392 Wei for milestone 3 of contract 8
Contracts8 balance: 4391992547665646011 Wei and client8 balance: 9990912100819995446562 Wei
Client9 deposited 74262015712842464 Wei for milestone 3 of contract 9
Contracts9 balance: 2988750139034703489 Wei and client9 balance: 9992556834341997234737 Wei
Client10 deposited 158082049350478464 Wei for milestone 3 of contract 10
Contracts10 balance: 165986151818002387 Wei and client10 balance: 9996071906846956005875 Wei
Client11 deposited 376355847568509248 Wei for milestone 3 of contract 11
Contracts11 balance: 5794845000000000000 Wei and client11 balance: 9992927081429997371441 Wei
Client12 deposited 212049918671114656 Wei for milestone 3 of contract 12
Contracts12 balance: 222652414604670388 Wei and client12 balance: 9998656427392609153890 Wei
Client13 deposited 503044175772283648 Wei for milestone 3 of contract 13
Contracts13 balance: 2992080000000000000 Wei and client13 balance: 9992114577943995583553 Wei
Client14 deposited 614127054267750144 Wei for milestone 3 of contract 14
Contracts14 balance: 644833406981137651 Wei and client14 balance: 9991386015843322709866 Wei
Client15 deposited 618565437933115136 Wei for milestone 3 of contract 15
Contracts15 balance: 4788491589641321704 Wei and client15 balance: 9994862224438833069776 Wei
Client16 deposited 1814924792834045440 Wei for milestone 3 of contract 16
Contracts16 balance: 7374977713325660121 Wei and client16 balance: 9983922132333993658674 Wei
Client17 deposited 377261363143668928 Wei for milestone 3 of contract 17
Contracts17 balance: 915285000000000000 Wei and client17 balance: 9996140691158994689274 Wei
Client18 deposited 173943267741783584 Wei for milestone 3 of contract 18
Contracts18 balance: 182640431128872763 Wei and client18 balance: 9994793334002857802709 Wei
Client19 deposited 311526912107466752 Wei for milestone 3 of contract 19
Contracts19 balance: 327103257712840089 Wei and client19 balance: 9994980666730309789180 Wei
Client20 deposited 29869690997640684 Wei for milestone 3 of contract 20
Contracts20 balance: 31363175547522718 Wei and client20 balance: 9998785966842983272116 Wei

=======================================
 Arbitrator 1 Voting Process 
=======================================

Arbitrator 1 is attempting to vote on Contract 1
Arbitrator 1 successfully voted on Contract 1
Arbitrator 1 is attempting to vote on Contract 2
Arbitrator 1 successfully voted on Contract 2
Arbitrator 1 is attempting to vote on Contract 3
Arbitrator 1 successfully voted on Contract 3
Arbitrator 1 is attempting to vote on Contract 4
Arbitrator 1 successfully voted on Contract 4
Arbitrator 1 is attempting to vote on Contract 5
Arbitrator 1 successfully voted on Contract 5
Arbitrator 1 is attempting to vote on Contract 6
Arbitrator 1 successfully voted on Contract 6
Arbitrator 1 is attempting to vote on Contract 7
Arbitrator 1 successfully voted on Contract 7
Arbitrator 1 is attempting to vote on Contract 8
Arbitrator 1 successfully voted on Contract 8
Arbitrator 1 is attempting to vote on Contract 9
Arbitrator 1 successfully voted on Contract 9
Arbitrator 1 is attempting to vote on Contract 10
Arbitrator 1 successfully voted on Contract 10
Arbitrator 1 is attempting to vote on Contract 11
Arbitrator 1 could not vote on Contract 11 due to lack of tokens
Arbitrator 1 is attempting to vote on Contract 12
Arbitrator 1 could not vote on Contract 12 due to lack of tokens
Arbitrator 1 is attempting to vote on Contract 13
Arbitrator 1 could not vote on Contract 13 due to lack of tokens
Arbitrator 1 is attempting to vote on Contract 14
Arbitrator 1 could not vote on Contract 14 due to lack of tokens
Arbitrator 1 is attempting to vote on Contract 15
Arbitrator 1 could not vote on Contract 15 due to lack of tokens
Arbitrator 1 is attempting to vote on Contract 16
Arbitrator 1 could not vote on Contract 16 due to lack of tokens
Arbitrator 1 is attempting to vote on Contract 17
Arbitrator 1 could not vote on Contract 17 due to lack of tokens
Arbitrator 1 is attempting to vote on Contract 18
Arbitrator 1 could not vote on Contract 18 due to lack of tokens
Arbitrator 1 is attempting to vote on Contract 19
Arbitrator 1 could not vote on Contract 19 due to lack of tokens
Arbitrator 1 is attempting to vote on Contract 20
Arbitrator 1 could not vote on Contract 20 due to lack of tokens

=======================================
 Arbitrator 2 Voting Process 
=======================================

Arbitrator 2 is attempting to vote on Contract 1
Arbitrator 2 successfully voted on Contract 1
Arbitrator 2 is attempting to vote on Contract 2
Arbitrator 2 successfully voted on Contract 2
Arbitrator 2 is attempting to vote on Contract 3
Arbitrator 2 successfully voted on Contract 3
Arbitrator 2 is attempting to vote on Contract 4
Arbitrator 2 could not vote on Contract 4 due to lack of tokens
Arbitrator 2 is attempting to vote on Contract 5
Arbitrator 2 could not vote on Contract 5 due to lack of tokens
Arbitrator 2 is attempting to vote on Contract 6
Arbitrator 2 could not vote on Contract 6 due to lack of tokens
Arbitrator 2 is attempting to vote on Contract 7
Arbitrator 2 could not vote on Contract 7 due to lack of tokens
Arbitrator 2 is attempting to vote on Contract 8
Arbitrator 2 could not vote on Contract 8 due to lack of tokens
Arbitrator 2 is attempting to vote on Contract 9
Arbitrator 2 could not vote on Contract 9 due to lack of tokens
Arbitrator 2 is attempting to vote on Contract 10
Arbitrator 2 could not vote on Contract 10 due to lack of tokens
Arbitrator 2 is attempting to vote on Contract 11
Arbitrator 2 could not vote on Contract 11 due to lack of tokens
Arbitrator 2 is attempting to vote on Contract 12
Arbitrator 2 could not vote on Contract 12 due to lack of tokens
Arbitrator 2 is attempting to vote on Contract 13
Arbitrator 2 could not vote on Contract 13 due to lack of tokens
Arbitrator 2 is attempting to vote on Contract 14
Arbitrator 2 could not vote on Contract 14 due to lack of tokens
Arbitrator 2 is attempting to vote on Contract 15
Arbitrator 2 could not vote on Contract 15 due to lack of tokens
Arbitrator 2 is attempting to vote on Contract 16
Arbitrator 2 could not vote on Contract 16 due to lack of tokens
Arbitrator 2 is attempting to vote on Contract 17
Arbitrator 2 could not vote on Contract 17 due to lack of tokens
Arbitrator 2 is attempting to vote on Contract 18
Arbitrator 2 could not vote on Contract 18 due to lack of tokens
Arbitrator 2 is attempting to vote on Contract 19
Arbitrator 2 could not vote on Contract 19 due to lack of tokens
Arbitrator 2 is attempting to vote on Contract 20
Arbitrator 2 could not vote on Contract 20 due to lack of tokens

=======================================
 Arbitrator 3 Voting Process 
=======================================

Arbitrator 3 is attempting to vote on Contract 1
Arbitrator 3 successfully voted on Contract 1
Arbitrator 3 is attempting to vote on Contract 2
Arbitrator 3 successfully voted on Contract 2
Arbitrator 3 is attempting to vote on Contract 3
Arbitrator 3 successfully voted on Contract 3
Arbitrator 3 is attempting to vote on Contract 4
Arbitrator 3 successfully voted on Contract 4
Arbitrator 3 is attempting to vote on Contract 5
Arbitrator 3 successfully voted on Contract 5
Arbitrator 3 is attempting to vote on Contract 6
Arbitrator 3 successfully voted on Contract 6
Arbitrator 3 is attempting to vote on Contract 7
Arbitrator 3 successfully voted on Contract 7
Arbitrator 3 is attempting to vote on Contract 8
Arbitrator 3 successfully voted on Contract 8
Arbitrator 3 is attempting to vote on Contract 9
Arbitrator 3 could not vote on Contract 9 due to lack of tokens
Arbitrator 3 is attempting to vote on Contract 10
Arbitrator 3 could not vote on Contract 10 due to lack of tokens
Arbitrator 3 is attempting to vote on Contract 11
Arbitrator 3 could not vote on Contract 11 due to lack of tokens
Arbitrator 3 is attempting to vote on Contract 12
Arbitrator 3 could not vote on Contract 12 due to lack of tokens
Arbitrator 3 is attempting to vote on Contract 13
Arbitrator 3 could not vote on Contract 13 due to lack of tokens
Arbitrator 3 is attempting to vote on Contract 14
Arbitrator 3 could not vote on Contract 14 due to lack of tokens
Arbitrator 3 is attempting to vote on Contract 15
Arbitrator 3 could not vote on Contract 15 due to lack of tokens
Arbitrator 3 is attempting to vote on Contract 16
Arbitrator 3 could not vote on Contract 16 due to lack of tokens
Arbitrator 3 is attempting to vote on Contract 17
Arbitrator 3 could not vote on Contract 17 due to lack of tokens
Arbitrator 3 is attempting to vote on Contract 18
Arbitrator 3 could not vote on Contract 18 due to lack of tokens
Arbitrator 3 is attempting to vote on Contract 19
Arbitrator 3 could not vote on Contract 19 due to lack of tokens
Arbitrator 3 is attempting to vote on Contract 20
Arbitrator 3 could not vote on Contract 20 due to lack of tokens

=======================================
 Arbitrator 4 Voting Process 
=======================================

Arbitrator 4 is attempting to vote on Contract 1
Arbitrator 4 successfully voted on Contract 1
Arbitrator 4 is attempting to vote on Contract 2
Arbitrator 4 successfully voted on Contract 2
Arbitrator 4 is attempting to vote on Contract 3
Arbitrator 4 successfully voted on Contract 3
Arbitrator 4 is attempting to vote on Contract 4
Arbitrator 4 could not vote on Contract 4 due to lack of tokens
Arbitrator 4 is attempting to vote on Contract 5
Arbitrator 4 could not vote on Contract 5 due to lack of tokens
Arbitrator 4 is attempting to vote on Contract 6
Arbitrator 4 could not vote on Contract 6 due to lack of tokens
Arbitrator 4 is attempting to vote on Contract 7
Arbitrator 4 could not vote on Contract 7 due to lack of tokens
Arbitrator 4 is attempting to vote on Contract 8
Arbitrator 4 could not vote on Contract 8 due to lack of tokens
Arbitrator 4 is attempting to vote on Contract 9
Arbitrator 4 could not vote on Contract 9 due to lack of tokens
Arbitrator 4 is attempting to vote on Contract 10
Arbitrator 4 could not vote on Contract 10 due to lack of tokens
Arbitrator 4 is attempting to vote on Contract 11
Arbitrator 4 could not vote on Contract 11 due to lack of tokens
Arbitrator 4 is attempting to vote on Contract 12
Arbitrator 4 could not vote on Contract 12 due to lack of tokens
Arbitrator 4 is attempting to vote on Contract 13
Arbitrator 4 could not vote on Contract 13 due to lack of tokens
Arbitrator 4 is attempting to vote on Contract 14
Arbitrator 4 could not vote on Contract 14 due to lack of tokens
Arbitrator 4 is attempting to vote on Contract 15
Arbitrator 4 could not vote on Contract 15 due to lack of tokens
Arbitrator 4 is attempting to vote on Contract 16
Arbitrator 4 could not vote on Contract 16 due to lack of tokens
Arbitrator 4 is attempting to vote on Contract 17
Arbitrator 4 could not vote on Contract 17 due to lack of tokens
Arbitrator 4 is attempting to vote on Contract 18
Arbitrator 4 could not vote on Contract 18 due to lack of tokens
Arbitrator 4 is attempting to vote on Contract 19
Arbitrator 4 could not vote on Contract 19 due to lack of tokens
Arbitrator 4 is attempting to vote on Contract 20
Arbitrator 4 could not vote on Contract 20 due to lack of tokens

=======================================
 Arbitrator 5 Voting Process 
=======================================

Arbitrator 5 is attempting to vote on Contract 1
Arbitrator 5 successfully voted on Contract 1
Arbitrator 5 is attempting to vote on Contract 2
Arbitrator 5 successfully voted on Contract 2
Arbitrator 5 is attempting to vote on Contract 3
Arbitrator 5 successfully voted on Contract 3
Arbitrator 5 is attempting to vote on Contract 4
Arbitrator 5 successfully voted on Contract 4
Arbitrator 5 is attempting to vote on Contract 5
Arbitrator 5 successfully voted on Contract 5
Arbitrator 5 is attempting to vote on Contract 6
Arbitrator 5 successfully voted on Contract 6
Arbitrator 5 is attempting to vote on Contract 7
Arbitrator 5 successfully voted on Contract 7
Arbitrator 5 is attempting to vote on Contract 8
Arbitrator 5 could not vote on Contract 8 due to lack of tokens
Arbitrator 5 is attempting to vote on Contract 9
Arbitrator 5 could not vote on Contract 9 due to lack of tokens
Arbitrator 5 is attempting to vote on Contract 10
Arbitrator 5 could not vote on Contract 10 due to lack of tokens
Arbitrator 5 is attempting to vote on Contract 11
Arbitrator 5 could not vote on Contract 11 due to lack of tokens
Arbitrator 5 is attempting to vote on Contract 12
Arbitrator 5 could not vote on Contract 12 due to lack of tokens
Arbitrator 5 is attempting to vote on Contract 13
Arbitrator 5 could not vote on Contract 13 due to lack of tokens
Arbitrator 5 is attempting to vote on Contract 14
Arbitrator 5 could not vote on Contract 14 due to lack of tokens
Arbitrator 5 is attempting to vote on Contract 15
Arbitrator 5 could not vote on Contract 15 due to lack of tokens
Arbitrator 5 is attempting to vote on Contract 16
Arbitrator 5 could not vote on Contract 16 due to lack of tokens
Arbitrator 5 is attempting to vote on Contract 17
Arbitrator 5 could not vote on Contract 17 due to lack of tokens
Arbitrator 5 is attempting to vote on Contract 18
Arbitrator 5 could not vote on Contract 18 due to lack of tokens
Arbitrator 5 is attempting to vote on Contract 19
Arbitrator 5 could not vote on Contract 19 due to lack of tokens
Arbitrator 5 is attempting to vote on Contract 20
Arbitrator 5 could not vote on Contract 20 due to lack of tokens

=======================================
 Arbitrator 6 Voting Process 
=======================================

Arbitrator 6 is attempting to vote on Contract 1
Arbitrator 6 successfully voted on Contract 1
Arbitrator 6 is attempting to vote on Contract 2
Arbitrator 6 successfully voted on Contract 2
Arbitrator 6 is attempting to vote on Contract 3
Arbitrator 6 successfully voted on Contract 3
Arbitrator 6 is attempting to vote on Contract 4
Arbitrator 6 successfully voted on Contract 4
Arbitrator 6 is attempting to vote on Contract 5
Arbitrator 6 successfully voted on Contract 5
Arbitrator 6 is attempting to vote on Contract 6
Arbitrator 6 successfully voted on Contract 6
Arbitrator 6 is attempting to vote on Contract 7
Arbitrator 6 could not vote on Contract 7 due to lack of tokens
Arbitrator 6 is attempting to vote on Contract 8
Arbitrator 6 could not vote on Contract 8 due to lack of tokens
Arbitrator 6 is attempting to vote on Contract 9
Arbitrator 6 could not vote on Contract 9 due to lack of tokens
Arbitrator 6 is attempting to vote on Contract 10
Arbitrator 6 could not vote on Contract 10 due to lack of tokens
Arbitrator 6 is attempting to vote on Contract 11
Arbitrator 6 could not vote on Contract 11 due to lack of tokens
Arbitrator 6 is attempting to vote on Contract 12
Arbitrator 6 could not vote on Contract 12 due to lack of tokens
Arbitrator 6 is attempting to vote on Contract 13
Arbitrator 6 could not vote on Contract 13 due to lack of tokens
Arbitrator 6 is attempting to vote on Contract 14
Arbitrator 6 could not vote on Contract 14 due to lack of tokens
Arbitrator 6 is attempting to vote on Contract 15
Arbitrator 6 could not vote on Contract 15 due to lack of tokens
Arbitrator 6 is attempting to vote on Contract 16
Arbitrator 6 could not vote on Contract 16 due to lack of tokens
Arbitrator 6 is attempting to vote on Contract 17
Arbitrator 6 could not vote on Contract 17 due to lack of tokens
Arbitrator 6 is attempting to vote on Contract 18
Arbitrator 6 could not vote on Contract 18 due to lack of tokens
Arbitrator 6 is attempting to vote on Contract 19
Arbitrator 6 could not vote on Contract 19 due to lack of tokens
Arbitrator 6 is attempting to vote on Contract 20
Arbitrator 6 could not vote on Contract 20 due to lack of tokens

=======================================
 Arbitrator 7 Voting Process 
=======================================

Arbitrator 7 is attempting to vote on Contract 1
Arbitrator 7 successfully voted on Contract 1
Arbitrator 7 is attempting to vote on Contract 2
Arbitrator 7 successfully voted on Contract 2
Arbitrator 7 is attempting to vote on Contract 3
Arbitrator 7 successfully voted on Contract 3
Arbitrator 7 is attempting to vote on Contract 4
Arbitrator 7 successfully voted on Contract 4
Arbitrator 7 is attempting to vote on Contract 5
Arbitrator 7 successfully voted on Contract 5
Arbitrator 7 is attempting to vote on Contract 6
Arbitrator 7 successfully voted on Contract 6
Arbitrator 7 is attempting to vote on Contract 7
Arbitrator 7 could not vote on Contract 7 due to lack of tokens
Arbitrator 7 is attempting to vote on Contract 8
Arbitrator 7 could not vote on Contract 8 due to lack of tokens
Arbitrator 7 is attempting to vote on Contract 9
Arbitrator 7 could not vote on Contract 9 due to lack of tokens
Arbitrator 7 is attempting to vote on Contract 10
Arbitrator 7 could not vote on Contract 10 due to lack of tokens
Arbitrator 7 is attempting to vote on Contract 11
Arbitrator 7 could not vote on Contract 11 due to lack of tokens
Arbitrator 7 is attempting to vote on Contract 12
Arbitrator 7 could not vote on Contract 12 due to lack of tokens
Arbitrator 7 is attempting to vote on Contract 13
Arbitrator 7 could not vote on Contract 13 due to lack of tokens
Arbitrator 7 is attempting to vote on Contract 14
Arbitrator 7 could not vote on Contract 14 due to lack of tokens
Arbitrator 7 is attempting to vote on Contract 15
Arbitrator 7 could not vote on Contract 15 due to lack of tokens
Arbitrator 7 is attempting to vote on Contract 16
Arbitrator 7 could not vote on Contract 16 due to lack of tokens
Arbitrator 7 is attempting to vote on Contract 17
Arbitrator 7 could not vote on Contract 17 due to lack of tokens
Arbitrator 7 is attempting to vote on Contract 18
Arbitrator 7 could not vote on Contract 18 due to lack of tokens
Arbitrator 7 is attempting to vote on Contract 19
Arbitrator 7 could not vote on Contract 19 due to lack of tokens
Arbitrator 7 is attempting to vote on Contract 20
Arbitrator 7 could not vote on Contract 20 due to lack of tokens

=======================================
 Arbitrator 8 Voting Process 
=======================================

Arbitrator 8 is attempting to vote on Contract 1
Arbitrator 8 successfully voted on Contract 1
Arbitrator 8 is attempting to vote on Contract 2
Arbitrator 8 successfully voted on Contract 2
Arbitrator 8 is attempting to vote on Contract 3
Arbitrator 8 successfully voted on Contract 3
Arbitrator 8 is attempting to vote on Contract 4
Arbitrator 8 could not vote on Contract 4 due to lack of tokens
Arbitrator 8 is attempting to vote on Contract 5
Arbitrator 8 could not vote on Contract 5 due to lack of tokens
Arbitrator 8 is attempting to vote on Contract 6
Arbitrator 8 could not vote on Contract 6 due to lack of tokens
Arbitrator 8 is attempting to vote on Contract 7
Arbitrator 8 could not vote on Contract 7 due to lack of tokens
Arbitrator 8 is attempting to vote on Contract 8
Arbitrator 8 could not vote on Contract 8 due to lack of tokens
Arbitrator 8 is attempting to vote on Contract 9
Arbitrator 8 could not vote on Contract 9 due to lack of tokens
Arbitrator 8 is attempting to vote on Contract 10
Arbitrator 8 could not vote on Contract 10 due to lack of tokens
Arbitrator 8 is attempting to vote on Contract 11
Arbitrator 8 could not vote on Contract 11 due to lack of tokens
Arbitrator 8 is attempting to vote on Contract 12
Arbitrator 8 could not vote on Contract 12 due to lack of tokens
Arbitrator 8 is attempting to vote on Contract 13
Arbitrator 8 could not vote on Contract 13 due to lack of tokens
Arbitrator 8 is attempting to vote on Contract 14
Arbitrator 8 could not vote on Contract 14 due to lack of tokens
Arbitrator 8 is attempting to vote on Contract 15
Arbitrator 8 could not vote on Contract 15 due to lack of tokens
Arbitrator 8 is attempting to vote on Contract 16
Arbitrator 8 could not vote on Contract 16 due to lack of tokens
Arbitrator 8 is attempting to vote on Contract 17
Arbitrator 8 could not vote on Contract 17 due to lack of tokens
Arbitrator 8 is attempting to vote on Contract 18
Arbitrator 8 could not vote on Contract 18 due to lack of tokens
Arbitrator 8 is attempting to vote on Contract 19
Arbitrator 8 could not vote on Contract 19 due to lack of tokens
Arbitrator 8 is attempting to vote on Contract 20
Arbitrator 8 could not vote on Contract 20 due to lack of tokens

=======================================
 Arbitrator 9 Voting Process 
=======================================

Arbitrator 9 is attempting to vote on Contract 1
Arbitrator 9 successfully voted on Contract 1
Arbitrator 9 is attempting to vote on Contract 2
Arbitrator 9 successfully voted on Contract 2
Arbitrator 9 is attempting to vote on Contract 3
Arbitrator 9 successfully voted on Contract 3
Arbitrator 9 is attempting to vote on Contract 4
Arbitrator 9 successfully voted on Contract 4
Arbitrator 9 is attempting to vote on Contract 5
Arbitrator 9 successfully voted on Contract 5
Arbitrator 9 is attempting to vote on Contract 6
Arbitrator 9 could not vote on Contract 6 due to lack of tokens
Arbitrator 9 is attempting to vote on Contract 7
Arbitrator 9 could not vote on Contract 7 due to lack of tokens
Arbitrator 9 is attempting to vote on Contract 8
Arbitrator 9 could not vote on Contract 8 due to lack of tokens
Arbitrator 9 is attempting to vote on Contract 9
Arbitrator 9 could not vote on Contract 9 due to lack of tokens
Arbitrator 9 is attempting to vote on Contract 10
Arbitrator 9 could not vote on Contract 10 due to lack of tokens
Arbitrator 9 is attempting to vote on Contract 11
Arbitrator 9 could not vote on Contract 11 due to lack of tokens
Arbitrator 9 is attempting to vote on Contract 12
Arbitrator 9 could not vote on Contract 12 due to lack of tokens
Arbitrator 9 is attempting to vote on Contract 13
Arbitrator 9 could not vote on Contract 13 due to lack of tokens
Arbitrator 9 is attempting to vote on Contract 14
Arbitrator 9 could not vote on Contract 14 due to lack of tokens
Arbitrator 9 is attempting to vote on Contract 15
Arbitrator 9 could not vote on Contract 15 due to lack of tokens
Arbitrator 9 is attempting to vote on Contract 16
Arbitrator 9 could not vote on Contract 16 due to lack of tokens
Arbitrator 9 is attempting to vote on Contract 17
Arbitrator 9 could not vote on Contract 17 due to lack of tokens
Arbitrator 9 is attempting to vote on Contract 18
Arbitrator 9 could not vote on Contract 18 due to lack of tokens
Arbitrator 9 is attempting to vote on Contract 19
Arbitrator 9 could not vote on Contract 19 due to lack of tokens
Arbitrator 9 is attempting to vote on Contract 20
Arbitrator 9 could not vote on Contract 20 due to lack of tokens

=======================================
 Arbitrator 10 Voting Process 
=======================================

Arbitrator 10 is attempting to vote on Contract 1
Arbitrator 10 successfully voted on Contract 1
Arbitrator 10 is attempting to vote on Contract 2
Arbitrator 10 successfully voted on Contract 2
Arbitrator 10 is attempting to vote on Contract 3
Arbitrator 10 successfully voted on Contract 3
Arbitrator 10 is attempting to vote on Contract 4
Arbitrator 10 successfully voted on Contract 4
Arbitrator 10 is attempting to vote on Contract 5
Arbitrator 10 successfully voted on Contract 5
Arbitrator 10 is attempting to vote on Contract 6
Arbitrator 10 could not vote on Contract 6 due to lack of tokens
Arbitrator 10 is attempting to vote on Contract 7
Arbitrator 10 could not vote on Contract 7 due to lack of tokens
Arbitrator 10 is attempting to vote on Contract 8
Arbitrator 10 could not vote on Contract 8 due to lack of tokens
Arbitrator 10 is attempting to vote on Contract 9
Arbitrator 10 could not vote on Contract 9 due to lack of tokens
Arbitrator 10 is attempting to vote on Contract 10
Arbitrator 10 could not vote on Contract 10 due to lack of tokens
Arbitrator 10 is attempting to vote on Contract 11
Arbitrator 10 could not vote on Contract 11 due to lack of tokens
Arbitrator 10 is attempting to vote on Contract 12
Arbitrator 10 could not vote on Contract 12 due to lack of tokens
Arbitrator 10 is attempting to vote on Contract 13
Arbitrator 10 could not vote on Contract 13 due to lack of tokens
Arbitrator 10 is attempting to vote on Contract 14
Arbitrator 10 could not vote on Contract 14 due to lack of tokens
Arbitrator 10 is attempting to vote on Contract 15
Arbitrator 10 could not vote on Contract 15 due to lack of tokens
Arbitrator 10 is attempting to vote on Contract 16
Arbitrator 10 could not vote on Contract 16 due to lack of tokens
Arbitrator 10 is attempting to vote on Contract 17
Arbitrator 10 could not vote on Contract 17 due to lack of tokens
Arbitrator 10 is attempting to vote on Contract 18
Arbitrator 10 could not vote on Contract 18 due to lack of tokens
Arbitrator 10 is attempting to vote on Contract 19
Arbitrator 10 could not vote on Contract 19 due to lack of tokens
Arbitrator 10 is attempting to vote on Contract 20
Arbitrator 10 could not vote on Contract 20 due to lack of tokens

=======================================
 Arbitrator 11 Voting Process 
=======================================

Arbitrator 11 is attempting to vote on Contract 1
Arbitrator 11 successfully voted on Contract 1
Arbitrator 11 is attempting to vote on Contract 2
Arbitrator 11 successfully voted on Contract 2
Arbitrator 11 is attempting to vote on Contract 3
Arbitrator 11 successfully voted on Contract 3
Arbitrator 11 is attempting to vote on Contract 4
Arbitrator 11 could not vote on Contract 4 due to lack of tokens
Arbitrator 11 is attempting to vote on Contract 5
Arbitrator 11 could not vote on Contract 5 due to lack of tokens
Arbitrator 11 is attempting to vote on Contract 6
Arbitrator 11 could not vote on Contract 6 due to lack of tokens
Arbitrator 11 is attempting to vote on Contract 7
Arbitrator 11 could not vote on Contract 7 due to lack of tokens
Arbitrator 11 is attempting to vote on Contract 8
Arbitrator 11 could not vote on Contract 8 due to lack of tokens
Arbitrator 11 is attempting to vote on Contract 9
Arbitrator 11 could not vote on Contract 9 due to lack of tokens
Arbitrator 11 is attempting to vote on Contract 10
Arbitrator 11 could not vote on Contract 10 due to lack of tokens
Arbitrator 11 is attempting to vote on Contract 11
Arbitrator 11 could not vote on Contract 11 due to lack of tokens
Arbitrator 11 is attempting to vote on Contract 12
Arbitrator 11 could not vote on Contract 12 due to lack of tokens
Arbitrator 11 is attempting to vote on Contract 13
Arbitrator 11 could not vote on Contract 13 due to lack of tokens
Arbitrator 11 is attempting to vote on Contract 14
Arbitrator 11 could not vote on Contract 14 due to lack of tokens
Arbitrator 11 is attempting to vote on Contract 15
Arbitrator 11 could not vote on Contract 15 due to lack of tokens
Arbitrator 11 is attempting to vote on Contract 16
Arbitrator 11 could not vote on Contract 16 due to lack of tokens
Arbitrator 11 is attempting to vote on Contract 17
Arbitrator 11 could not vote on Contract 17 due to lack of tokens
Arbitrator 11 is attempting to vote on Contract 18
Arbitrator 11 could not vote on Contract 18 due to lack of tokens
Arbitrator 11 is attempting to vote on Contract 19
Arbitrator 11 could not vote on Contract 19 due to lack of tokens
Arbitrator 11 is attempting to vote on Contract 20
Arbitrator 11 could not vote on Contract 20 due to lack of tokens

=======================================
 Arbitrator 12 Voting Process 
=======================================

Arbitrator 12 is attempting to vote on Contract 1
Arbitrator 12 successfully voted on Contract 1
Arbitrator 12 is attempting to vote on Contract 2
Arbitrator 12 successfully voted on Contract 2
Arbitrator 12 is attempting to vote on Contract 3
Arbitrator 12 successfully voted on Contract 3
Arbitrator 12 is attempting to vote on Contract 4
Arbitrator 12 successfully voted on Contract 4
Arbitrator 12 is attempting to vote on Contract 5
Arbitrator 12 successfully voted on Contract 5
Arbitrator 12 is attempting to vote on Contract 6
Arbitrator 12 successfully voted on Contract 6
Arbitrator 12 is attempting to vote on Contract 7
Arbitrator 12 successfully voted on Contract 7
Arbitrator 12 is attempting to vote on Contract 8
Arbitrator 12 successfully voted on Contract 8
Arbitrator 12 is attempting to vote on Contract 9
Arbitrator 12 successfully voted on Contract 9
Arbitrator 12 is attempting to vote on Contract 10
Arbitrator 12 successfully voted on Contract 10
Arbitrator 12 is attempting to vote on Contract 11
Arbitrator 12 could not vote on Contract 11 due to lack of tokens
Arbitrator 12 is attempting to vote on Contract 12
Arbitrator 12 could not vote on Contract 12 due to lack of tokens
Arbitrator 12 is attempting to vote on Contract 13
Arbitrator 12 could not vote on Contract 13 due to lack of tokens
Arbitrator 12 is attempting to vote on Contract 14
Arbitrator 12 could not vote on Contract 14 due to lack of tokens
Arbitrator 12 is attempting to vote on Contract 15
Arbitrator 12 could not vote on Contract 15 due to lack of tokens
Arbitrator 12 is attempting to vote on Contract 16
Arbitrator 12 could not vote on Contract 16 due to lack of tokens
Arbitrator 12 is attempting to vote on Contract 17
Arbitrator 12 could not vote on Contract 17 due to lack of tokens
Arbitrator 12 is attempting to vote on Contract 18
Arbitrator 12 could not vote on Contract 18 due to lack of tokens
Arbitrator 12 is attempting to vote on Contract 19
Arbitrator 12 could not vote on Contract 19 due to lack of tokens
Arbitrator 12 is attempting to vote on Contract 20
Arbitrator 12 could not vote on Contract 20 due to lack of tokens

=======================================
 Arbitrator 13 Voting Process 
=======================================

Arbitrator 13 is attempting to vote on Contract 1
Arbitrator 13 successfully voted on Contract 1
Arbitrator 13 is attempting to vote on Contract 2
Arbitrator 13 successfully voted on Contract 2
Arbitrator 13 is attempting to vote on Contract 3
Arbitrator 13 successfully voted on Contract 3
Arbitrator 13 is attempting to vote on Contract 4
Arbitrator 13 successfully voted on Contract 4
Arbitrator 13 is attempting to vote on Contract 5
Arbitrator 13 successfully voted on Contract 5
Arbitrator 13 is attempting to vote on Contract 6
Arbitrator 13 could not vote on Contract 6 due to lack of tokens
Arbitrator 13 is attempting to vote on Contract 7
Arbitrator 13 could not vote on Contract 7 due to lack of tokens
Arbitrator 13 is attempting to vote on Contract 8
Arbitrator 13 could not vote on Contract 8 due to lack of tokens
Arbitrator 13 is attempting to vote on Contract 9
Arbitrator 13 could not vote on Contract 9 due to lack of tokens
Arbitrator 13 is attempting to vote on Contract 10
Arbitrator 13 could not vote on Contract 10 due to lack of tokens
Arbitrator 13 is attempting to vote on Contract 11
Arbitrator 13 could not vote on Contract 11 due to lack of tokens
Arbitrator 13 is attempting to vote on Contract 12
Arbitrator 13 could not vote on Contract 12 due to lack of tokens
Arbitrator 13 is attempting to vote on Contract 13
Arbitrator 13 could not vote on Contract 13 due to lack of tokens
Arbitrator 13 is attempting to vote on Contract 14
Arbitrator 13 could not vote on Contract 14 due to lack of tokens
Arbitrator 13 is attempting to vote on Contract 15
Arbitrator 13 could not vote on Contract 15 due to lack of tokens
Arbitrator 13 is attempting to vote on Contract 16
Arbitrator 13 could not vote on Contract 16 due to lack of tokens
Arbitrator 13 is attempting to vote on Contract 17
Arbitrator 13 could not vote on Contract 17 due to lack of tokens
Arbitrator 13 is attempting to vote on Contract 18
Arbitrator 13 could not vote on Contract 18 due to lack of tokens
Arbitrator 13 is attempting to vote on Contract 19
Arbitrator 13 could not vote on Contract 19 due to lack of tokens
Arbitrator 13 is attempting to vote on Contract 20
Arbitrator 13 could not vote on Contract 20 due to lack of tokens

=======================================
 Arbitrator 14 Voting Process 
=======================================

Arbitrator 14 is attempting to vote on Contract 1
Arbitrator 14 successfully voted on Contract 1
Arbitrator 14 is attempting to vote on Contract 2
Arbitrator 14 successfully voted on Contract 2
Arbitrator 14 is attempting to vote on Contract 3
Arbitrator 14 could not vote on Contract 3 due to lack of tokens
Arbitrator 14 is attempting to vote on Contract 4
Arbitrator 14 could not vote on Contract 4 due to lack of tokens
Arbitrator 14 is attempting to vote on Contract 5
Arbitrator 14 could not vote on Contract 5 due to lack of tokens
Arbitrator 14 is attempting to vote on Contract 6
Arbitrator 14 could not vote on Contract 6 due to lack of tokens
Arbitrator 14 is attempting to vote on Contract 7
Arbitrator 14 could not vote on Contract 7 due to lack of tokens
Arbitrator 14 is attempting to vote on Contract 8
Arbitrator 14 could not vote on Contract 8 due to lack of tokens
Arbitrator 14 is attempting to vote on Contract 9
Arbitrator 14 could not vote on Contract 9 due to lack of tokens
Arbitrator 14 is attempting to vote on Contract 10
Arbitrator 14 could not vote on Contract 10 due to lack of tokens
Arbitrator 14 is attempting to vote on Contract 11
Arbitrator 14 could not vote on Contract 11 due to lack of tokens
Arbitrator 14 is attempting to vote on Contract 12
Arbitrator 14 could not vote on Contract 12 due to lack of tokens
Arbitrator 14 is attempting to vote on Contract 13
Arbitrator 14 could not vote on Contract 13 due to lack of tokens
Arbitrator 14 is attempting to vote on Contract 14
Arbitrator 14 could not vote on Contract 14 due to lack of tokens
Arbitrator 14 is attempting to vote on Contract 15
Arbitrator 14 could not vote on Contract 15 due to lack of tokens
Arbitrator 14 is attempting to vote on Contract 16
Arbitrator 14 could not vote on Contract 16 due to lack of tokens
Arbitrator 14 is attempting to vote on Contract 17
Arbitrator 14 could not vote on Contract 17 due to lack of tokens
Arbitrator 14 is attempting to vote on Contract 18
Arbitrator 14 could not vote on Contract 18 due to lack of tokens
Arbitrator 14 is attempting to vote on Contract 19
Arbitrator 14 could not vote on Contract 19 due to lack of tokens
Arbitrator 14 is attempting to vote on Contract 20
Arbitrator 14 could not vote on Contract 20 due to lack of tokens

=======================================
 Arbitrator 15 Voting Process 
=======================================

Arbitrator 15 is attempting to vote on Contract 1
Arbitrator 15 successfully voted on Contract 1
Arbitrator 15 is attempting to vote on Contract 2
Arbitrator 15 successfully voted on Contract 2
Arbitrator 15 is attempting to vote on Contract 3
Arbitrator 15 successfully voted on Contract 3
Arbitrator 15 is attempting to vote on Contract 4
Arbitrator 15 successfully voted on Contract 4
Arbitrator 15 is attempting to vote on Contract 5
Arbitrator 15 successfully voted on Contract 5
Arbitrator 15 is attempting to vote on Contract 6
Arbitrator 15 successfully voted on Contract 6
Arbitrator 15 is attempting to vote on Contract 7
Arbitrator 15 could not vote on Contract 7 due to lack of tokens
Arbitrator 15 is attempting to vote on Contract 8
Arbitrator 15 could not vote on Contract 8 due to lack of tokens
Arbitrator 15 is attempting to vote on Contract 9
Arbitrator 15 could not vote on Contract 9 due to lack of tokens
Arbitrator 15 is attempting to vote on Contract 10
Arbitrator 15 could not vote on Contract 10 due to lack of tokens
Arbitrator 15 is attempting to vote on Contract 11
Arbitrator 15 could not vote on Contract 11 due to lack of tokens
Arbitrator 15 is attempting to vote on Contract 12
Arbitrator 15 could not vote on Contract 12 due to lack of tokens
Arbitrator 15 is attempting to vote on Contract 13
Arbitrator 15 could not vote on Contract 13 due to lack of tokens
Arbitrator 15 is attempting to vote on Contract 14
Arbitrator 15 could not vote on Contract 14 due to lack of tokens
Arbitrator 15 is attempting to vote on Contract 15
Arbitrator 15 could not vote on Contract 15 due to lack of tokens
Arbitrator 15 is attempting to vote on Contract 16
Arbitrator 15 could not vote on Contract 16 due to lack of tokens
Arbitrator 15 is attempting to vote on Contract 17
Arbitrator 15 could not vote on Contract 17 due to lack of tokens
Arbitrator 15 is attempting to vote on Contract 18
Arbitrator 15 could not vote on Contract 18 due to lack of tokens
Arbitrator 15 is attempting to vote on Contract 19
Arbitrator 15 could not vote on Contract 19 due to lack of tokens
Arbitrator 15 is attempting to vote on Contract 20
Arbitrator 15 could not vote on Contract 20 due to lack of tokens

=======================================
 Arbitrator 16 Voting Process 
=======================================

Arbitrator 16 is attempting to vote on Contract 1
Arbitrator 16 successfully voted on Contract 1
Arbitrator 16 is attempting to vote on Contract 2
Arbitrator 16 successfully voted on Contract 2
Arbitrator 16 is attempting to vote on Contract 3
Arbitrator 16 successfully voted on Contract 3
Arbitrator 16 is attempting to vote on Contract 4
Arbitrator 16 successfully voted on Contract 4
Arbitrator 16 is attempting to vote on Contract 5
Arbitrator 16 successfully voted on Contract 5
Arbitrator 16 is attempting to vote on Contract 6
Arbitrator 16 successfully voted on Contract 6
Arbitrator 16 is attempting to vote on Contract 7
Arbitrator 16 successfully voted on Contract 7
Arbitrator 16 is attempting to vote on Contract 8
Arbitrator 16 successfully voted on Contract 8
Arbitrator 16 is attempting to vote on Contract 9
Arbitrator 16 successfully voted on Contract 9
Arbitrator 16 is attempting to vote on Contract 10
Arbitrator 16 could not vote on Contract 10 due to lack of tokens
Arbitrator 16 is attempting to vote on Contract 11
Arbitrator 16 could not vote on Contract 11 due to lack of tokens
Arbitrator 16 is attempting to vote on Contract 12
Arbitrator 16 could not vote on Contract 12 due to lack of tokens
Arbitrator 16 is attempting to vote on Contract 13
Arbitrator 16 could not vote on Contract 13 due to lack of tokens
Arbitrator 16 is attempting to vote on Contract 14
Arbitrator 16 could not vote on Contract 14 due to lack of tokens
Arbitrator 16 is attempting to vote on Contract 15
Arbitrator 16 could not vote on Contract 15 due to lack of tokens
Arbitrator 16 is attempting to vote on Contract 16
Arbitrator 16 could not vote on Contract 16 due to lack of tokens
Arbitrator 16 is attempting to vote on Contract 17
Arbitrator 16 could not vote on Contract 17 due to lack of tokens
Arbitrator 16 is attempting to vote on Contract 18
Arbitrator 16 could not vote on Contract 18 due to lack of tokens
Arbitrator 16 is attempting to vote on Contract 19
Arbitrator 16 could not vote on Contract 19 due to lack of tokens
Arbitrator 16 is attempting to vote on Contract 20
Arbitrator 16 could not vote on Contract 20 due to lack of tokens

=======================================
 Arbitrator 17 Voting Process 
=======================================

Arbitrator 17 is attempting to vote on Contract 1
Arbitrator 17 successfully voted on Contract 1
Arbitrator 17 is attempting to vote on Contract 2
Arbitrator 17 successfully voted on Contract 2
Arbitrator 17 is attempting to vote on Contract 3
Arbitrator 17 successfully voted on Contract 3
Arbitrator 17 is attempting to vote on Contract 4
Arbitrator 17 successfully voted on Contract 4
Arbitrator 17 is attempting to vote on Contract 5
Arbitrator 17 successfully voted on Contract 5
Arbitrator 17 is attempting to vote on Contract 6
Arbitrator 17 successfully voted on Contract 6
Arbitrator 17 is attempting to vote on Contract 7
Arbitrator 17 could not vote on Contract 7 due to lack of tokens
Arbitrator 17 is attempting to vote on Contract 8
Arbitrator 17 could not vote on Contract 8 due to lack of tokens
Arbitrator 17 is attempting to vote on Contract 9
Arbitrator 17 could not vote on Contract 9 due to lack of tokens
Arbitrator 17 is attempting to vote on Contract 10
Arbitrator 17 could not vote on Contract 10 due to lack of tokens
Arbitrator 17 is attempting to vote on Contract 11
Arbitrator 17 could not vote on Contract 11 due to lack of tokens
Arbitrator 17 is attempting to vote on Contract 12
Arbitrator 17 could not vote on Contract 12 due to lack of tokens
Arbitrator 17 is attempting to vote on Contract 13
Arbitrator 17 could not vote on Contract 13 due to lack of tokens
Arbitrator 17 is attempting to vote on Contract 14
Arbitrator 17 could not vote on Contract 14 due to lack of tokens
Arbitrator 17 is attempting to vote on Contract 15
Arbitrator 17 could not vote on Contract 15 due to lack of tokens
Arbitrator 17 is attempting to vote on Contract 16
Arbitrator 17 could not vote on Contract 16 due to lack of tokens
Arbitrator 17 is attempting to vote on Contract 17
Arbitrator 17 could not vote on Contract 17 due to lack of tokens
Arbitrator 17 is attempting to vote on Contract 18
Arbitrator 17 could not vote on Contract 18 due to lack of tokens
Arbitrator 17 is attempting to vote on Contract 19
Arbitrator 17 could not vote on Contract 19 due to lack of tokens
Arbitrator 17 is attempting to vote on Contract 20
Arbitrator 17 could not vote on Contract 20 due to lack of tokens

=======================================
 Arbitrator 18 Voting Process 
=======================================

Arbitrator 18 is attempting to vote on Contract 1
Arbitrator 18 successfully voted on Contract 1
Arbitrator 18 is attempting to vote on Contract 2
Arbitrator 18 successfully voted on Contract 2
Arbitrator 18 is attempting to vote on Contract 3
Arbitrator 18 successfully voted on Contract 3
Arbitrator 18 is attempting to vote on Contract 4
Arbitrator 18 successfully voted on Contract 4
Arbitrator 18 is attempting to vote on Contract 5
Arbitrator 18 could not vote on Contract 5 due to lack of tokens
Arbitrator 18 is attempting to vote on Contract 6
Arbitrator 18 could not vote on Contract 6 due to lack of tokens
Arbitrator 18 is attempting to vote on Contract 7
Arbitrator 18 could not vote on Contract 7 due to lack of tokens
Arbitrator 18 is attempting to vote on Contract 8
Arbitrator 18 could not vote on Contract 8 due to lack of tokens
Arbitrator 18 is attempting to vote on Contract 9
Arbitrator 18 could not vote on Contract 9 due to lack of tokens
Arbitrator 18 is attempting to vote on Contract 10
Arbitrator 18 could not vote on Contract 10 due to lack of tokens
Arbitrator 18 is attempting to vote on Contract 11
Arbitrator 18 could not vote on Contract 11 due to lack of tokens
Arbitrator 18 is attempting to vote on Contract 12
Arbitrator 18 could not vote on Contract 12 due to lack of tokens
Arbitrator 18 is attempting to vote on Contract 13
Arbitrator 18 could not vote on Contract 13 due to lack of tokens
Arbitrator 18 is attempting to vote on Contract 14
Arbitrator 18 could not vote on Contract 14 due to lack of tokens
Arbitrator 18 is attempting to vote on Contract 15
Arbitrator 18 could not vote on Contract 15 due to lack of tokens
Arbitrator 18 is attempting to vote on Contract 16
Arbitrator 18 could not vote on Contract 16 due to lack of tokens
Arbitrator 18 is attempting to vote on Contract 17
Arbitrator 18 could not vote on Contract 17 due to lack of tokens
Arbitrator 18 is attempting to vote on Contract 18
Arbitrator 18 could not vote on Contract 18 due to lack of tokens
Arbitrator 18 is attempting to vote on Contract 19
Arbitrator 18 could not vote on Contract 19 due to lack of tokens
Arbitrator 18 is attempting to vote on Contract 20
Arbitrator 18 could not vote on Contract 20 due to lack of tokens

=======================================
 Arbitrator 19 Voting Process 
=======================================

Arbitrator 19 is attempting to vote on Contract 1
Arbitrator 19 successfully voted on Contract 1
Arbitrator 19 is attempting to vote on Contract 2
Arbitrator 19 successfully voted on Contract 2
Arbitrator 19 is attempting to vote on Contract 3
Arbitrator 19 successfully voted on Contract 3
Arbitrator 19 is attempting to vote on Contract 4
Arbitrator 19 successfully voted on Contract 4
Arbitrator 19 is attempting to vote on Contract 5
Arbitrator 19 successfully voted on Contract 5
Arbitrator 19 is attempting to vote on Contract 6
Arbitrator 19 successfully voted on Contract 6
Arbitrator 19 is attempting to vote on Contract 7
Arbitrator 19 successfully voted on Contract 7
Arbitrator 19 is attempting to vote on Contract 8
Arbitrator 19 could not vote on Contract 8 due to lack of tokens
Arbitrator 19 is attempting to vote on Contract 9
Arbitrator 19 could not vote on Contract 9 due to lack of tokens
Arbitrator 19 is attempting to vote on Contract 10
Arbitrator 19 could not vote on Contract 10 due to lack of tokens
Arbitrator 19 is attempting to vote on Contract 11
Arbitrator 19 could not vote on Contract 11 due to lack of tokens
Arbitrator 19 is attempting to vote on Contract 12
Arbitrator 19 could not vote on Contract 12 due to lack of tokens
Arbitrator 19 is attempting to vote on Contract 13
Arbitrator 19 could not vote on Contract 13 due to lack of tokens
Arbitrator 19 is attempting to vote on Contract 14
Arbitrator 19 could not vote on Contract 14 due to lack of tokens
Arbitrator 19 is attempting to vote on Contract 15
Arbitrator 19 could not vote on Contract 15 due to lack of tokens
Arbitrator 19 is attempting to vote on Contract 16
Arbitrator 19 could not vote on Contract 16 due to lack of tokens
Arbitrator 19 is attempting to vote on Contract 17
Arbitrator 19 could not vote on Contract 17 due to lack of tokens
Arbitrator 19 is attempting to vote on Contract 18
Arbitrator 19 could not vote on Contract 18 due to lack of tokens
Arbitrator 19 is attempting to vote on Contract 19
Arbitrator 19 could not vote on Contract 19 due to lack of tokens
Arbitrator 19 is attempting to vote on Contract 20
Arbitrator 19 could not vote on Contract 20 due to lack of tokens

=======================================
 Arbitrator 20 Voting Process 
=======================================

Arbitrator 20 is attempting to vote on Contract 1
Arbitrator 20 successfully voted on Contract 1
Arbitrator 20 is attempting to vote on Contract 2
Arbitrator 20 successfully voted on Contract 2
Arbitrator 20 is attempting to vote on Contract 3
Arbitrator 20 successfully voted on Contract 3
Arbitrator 20 is attempting to vote on Contract 4
Arbitrator 20 successfully voted on Contract 4
Arbitrator 20 is attempting to vote on Contract 5
Arbitrator 20 successfully voted on Contract 5
Arbitrator 20 is attempting to vote on Contract 6
Arbitrator 20 successfully voted on Contract 6
Arbitrator 20 is attempting to vote on Contract 7
Arbitrator 20 successfully voted on Contract 7
Arbitrator 20 is attempting to vote on Contract 8
Arbitrator 20 successfully voted on Contract 8
Arbitrator 20 is attempting to vote on Contract 9
Arbitrator 20 could not vote on Contract 9 due to lack of tokens
Arbitrator 20 is attempting to vote on Contract 10
Arbitrator 20 could not vote on Contract 10 due to lack of tokens
Arbitrator 20 is attempting to vote on Contract 11
Arbitrator 20 could not vote on Contract 11 due to lack of tokens
Arbitrator 20 is attempting to vote on Contract 12
Arbitrator 20 could not vote on Contract 12 due to lack of tokens
Arbitrator 20 is attempting to vote on Contract 13
Arbitrator 20 could not vote on Contract 13 due to lack of tokens
Arbitrator 20 is attempting to vote on Contract 14
Arbitrator 20 could not vote on Contract 14 due to lack of tokens
Arbitrator 20 is attempting to vote on Contract 15
Arbitrator 20 could not vote on Contract 15 due to lack of tokens
Arbitrator 20 is attempting to vote on Contract 16
Arbitrator 20 could not vote on Contract 16 due to lack of tokens
Arbitrator 20 is attempting to vote on Contract 17
Arbitrator 20 could not vote on Contract 17 due to lack of tokens
Arbitrator 20 is attempting to vote on Contract 18
Arbitrator 20 could not vote on Contract 18 due to lack of tokens
Arbitrator 20 is attempting to vote on Contract 19
Arbitrator 20 could not vote on Contract 19 due to lack of tokens
Arbitrator 20 is attempting to vote on Contract 20
Arbitrator 20 could not vote on Contract 20 due to lack of tokens

=======================================
 Arbitrator 21 Voting Process 
=======================================

Arbitrator 21 is attempting to vote on Contract 1
Arbitrator 21 successfully voted on Contract 1
Arbitrator 21 is attempting to vote on Contract 2
Arbitrator 21 successfully voted on Contract 2
Arbitrator 21 is attempting to vote on Contract 3
Arbitrator 21 successfully voted on Contract 3
Arbitrator 21 is attempting to vote on Contract 4
Arbitrator 21 successfully voted on Contract 4
Arbitrator 21 is attempting to vote on Contract 5
Arbitrator 21 successfully voted on Contract 5
Arbitrator 21 is attempting to vote on Contract 6
Arbitrator 21 successfully voted on Contract 6
Arbitrator 21 is attempting to vote on Contract 7
Arbitrator 21 could not vote on Contract 7 due to lack of tokens
Arbitrator 21 is attempting to vote on Contract 8
Arbitrator 21 could not vote on Contract 8 due to lack of tokens
Arbitrator 21 is attempting to vote on Contract 9
Arbitrator 21 could not vote on Contract 9 due to lack of tokens
Arbitrator 21 is attempting to vote on Contract 10
Arbitrator 21 could not vote on Contract 10 due to lack of tokens
Arbitrator 21 is attempting to vote on Contract 11
Arbitrator 21 could not vote on Contract 11 due to lack of tokens
Arbitrator 21 is attempting to vote on Contract 12
Arbitrator 21 could not vote on Contract 12 due to lack of tokens
Arbitrator 21 is attempting to vote on Contract 13
Arbitrator 21 could not vote on Contract 13 due to lack of tokens
Arbitrator 21 is attempting to vote on Contract 14
Arbitrator 21 could not vote on Contract 14 due to lack of tokens
Arbitrator 21 is attempting to vote on Contract 15
Arbitrator 21 could not vote on Contract 15 due to lack of tokens
Arbitrator 21 is attempting to vote on Contract 16
Arbitrator 21 could not vote on Contract 16 due to lack of tokens
Arbitrator 21 is attempting to vote on Contract 17
Arbitrator 21 could not vote on Contract 17 due to lack of tokens
Arbitrator 21 is attempting to vote on Contract 18
Arbitrator 21 could not vote on Contract 18 due to lack of tokens
Arbitrator 21 is attempting to vote on Contract 19
Arbitrator 21 could not vote on Contract 19 due to lack of tokens
Arbitrator 21 is attempting to vote on Contract 20
Arbitrator 21 could not vote on Contract 20 due to lack of tokens

=======================================
 Arbitrator 22 Voting Process 
=======================================

Arbitrator 22 is attempting to vote on Contract 1
Arbitrator 22 successfully voted on Contract 1
Arbitrator 22 is attempting to vote on Contract 2
Arbitrator 22 successfully voted on Contract 2
Arbitrator 22 is attempting to vote on Contract 3
Arbitrator 22 successfully voted on Contract 3
Arbitrator 22 is attempting to vote on Contract 4
Arbitrator 22 successfully voted on Contract 4
Arbitrator 22 is attempting to vote on Contract 5
Arbitrator 22 successfully voted on Contract 5
Arbitrator 22 is attempting to vote on Contract 6
Arbitrator 22 successfully voted on Contract 6
Arbitrator 22 is attempting to vote on Contract 7
Arbitrator 22 successfully voted on Contract 7
Arbitrator 22 is attempting to vote on Contract 8
Arbitrator 22 could not vote on Contract 8 due to lack of tokens
Arbitrator 22 is attempting to vote on Contract 9
Arbitrator 22 could not vote on Contract 9 due to lack of tokens
Arbitrator 22 is attempting to vote on Contract 10
Arbitrator 22 could not vote on Contract 10 due to lack of tokens
Arbitrator 22 is attempting to vote on Contract 11
Arbitrator 22 could not vote on Contract 11 due to lack of tokens
Arbitrator 22 is attempting to vote on Contract 12
Arbitrator 22 could not vote on Contract 12 due to lack of tokens
Arbitrator 22 is attempting to vote on Contract 13
Arbitrator 22 could not vote on Contract 13 due to lack of tokens
Arbitrator 22 is attempting to vote on Contract 14
Arbitrator 22 could not vote on Contract 14 due to lack of tokens
Arbitrator 22 is attempting to vote on Contract 15
Arbitrator 22 could not vote on Contract 15 due to lack of tokens
Arbitrator 22 is attempting to vote on Contract 16
Arbitrator 22 could not vote on Contract 16 due to lack of tokens
Arbitrator 22 is attempting to vote on Contract 17
Arbitrator 22 could not vote on Contract 17 due to lack of tokens
Arbitrator 22 is attempting to vote on Contract 18
Arbitrator 22 could not vote on Contract 18 due to lack of tokens
Arbitrator 22 is attempting to vote on Contract 19
Arbitrator 22 could not vote on Contract 19 due to lack of tokens
Arbitrator 22 is attempting to vote on Contract 20
Arbitrator 22 could not vote on Contract 20 due to lack of tokens

=======================================
 Arbitrator 23 Voting Process 
=======================================

Arbitrator 23 is attempting to vote on Contract 1
Arbitrator 23 successfully voted on Contract 1
Arbitrator 23 is attempting to vote on Contract 2
Arbitrator 23 successfully voted on Contract 2
Arbitrator 23 is attempting to vote on Contract 3
Arbitrator 23 successfully voted on Contract 3
Arbitrator 23 is attempting to vote on Contract 4
Arbitrator 23 successfully voted on Contract 4
Arbitrator 23 is attempting to vote on Contract 5
Arbitrator 23 successfully voted on Contract 5
Arbitrator 23 is attempting to vote on Contract 6
Arbitrator 23 successfully voted on Contract 6
Arbitrator 23 is attempting to vote on Contract 7
Arbitrator 23 successfully voted on Contract 7
Arbitrator 23 is attempting to vote on Contract 8
Arbitrator 23 could not vote on Contract 8 due to lack of tokens
Arbitrator 23 is attempting to vote on Contract 9
Arbitrator 23 could not vote on Contract 9 due to lack of tokens
Arbitrator 23 is attempting to vote on Contract 10
Arbitrator 23 could not vote on Contract 10 due to lack of tokens
Arbitrator 23 is attempting to vote on Contract 11
Arbitrator 23 could not vote on Contract 11 due to lack of tokens
Arbitrator 23 is attempting to vote on Contract 12
Arbitrator 23 could not vote on Contract 12 due to lack of tokens
Arbitrator 23 is attempting to vote on Contract 13
Arbitrator 23 could not vote on Contract 13 due to lack of tokens
Arbitrator 23 is attempting to vote on Contract 14
Arbitrator 23 could not vote on Contract 14 due to lack of tokens
Arbitrator 23 is attempting to vote on Contract 15
Arbitrator 23 could not vote on Contract 15 due to lack of tokens
Arbitrator 23 is attempting to vote on Contract 16
Arbitrator 23 could not vote on Contract 16 due to lack of tokens
Arbitrator 23 is attempting to vote on Contract 17
Arbitrator 23 could not vote on Contract 17 due to lack of tokens
Arbitrator 23 is attempting to vote on Contract 18
Arbitrator 23 could not vote on Contract 18 due to lack of tokens
Arbitrator 23 is attempting to vote on Contract 19
Arbitrator 23 could not vote on Contract 19 due to lack of tokens
Arbitrator 23 is attempting to vote on Contract 20
Arbitrator 23 could not vote on Contract 20 due to lack of tokens

=======================================
 Arbitrator 24 Voting Process 
=======================================

Arbitrator 24 is attempting to vote on Contract 1
Arbitrator 24 successfully voted on Contract 1
Arbitrator 24 is attempting to vote on Contract 2
Arbitrator 24 successfully voted on Contract 2
Arbitrator 24 is attempting to vote on Contract 3
Arbitrator 24 successfully voted on Contract 3
Arbitrator 24 is attempting to vote on Contract 4
Arbitrator 24 successfully voted on Contract 4
Arbitrator 24 is attempting to vote on Contract 5
Arbitrator 24 could not vote on Contract 5 due to lack of tokens
Arbitrator 24 is attempting to vote on Contract 6
Arbitrator 24 could not vote on Contract 6 due to lack of tokens
Arbitrator 24 is attempting to vote on Contract 7
Arbitrator 24 could not vote on Contract 7 due to lack of tokens
Arbitrator 24 is attempting to vote on Contract 8
Arbitrator 24 could not vote on Contract 8 due to lack of tokens
Arbitrator 24 is attempting to vote on Contract 9
Arbitrator 24 could not vote on Contract 9 due to lack of tokens
Arbitrator 24 is attempting to vote on Contract 10
Arbitrator 24 could not vote on Contract 10 due to lack of tokens
Arbitrator 24 is attempting to vote on Contract 11
Arbitrator 24 could not vote on Contract 11 due to lack of tokens
Arbitrator 24 is attempting to vote on Contract 12
Arbitrator 24 could not vote on Contract 12 due to lack of tokens
Arbitrator 24 is attempting to vote on Contract 13
Arbitrator 24 could not vote on Contract 13 due to lack of tokens
Arbitrator 24 is attempting to vote on Contract 14
Arbitrator 24 could not vote on Contract 14 due to lack of tokens
Arbitrator 24 is attempting to vote on Contract 15
Arbitrator 24 could not vote on Contract 15 due to lack of tokens
Arbitrator 24 is attempting to vote on Contract 16
Arbitrator 24 could not vote on Contract 16 due to lack of tokens
Arbitrator 24 is attempting to vote on Contract 17
Arbitrator 24 could not vote on Contract 17 due to lack of tokens
Arbitrator 24 is attempting to vote on Contract 18
Arbitrator 24 could not vote on Contract 18 due to lack of tokens
Arbitrator 24 is attempting to vote on Contract 19
Arbitrator 24 could not vote on Contract 19 due to lack of tokens
Arbitrator 24 is attempting to vote on Contract 20
Arbitrator 24 could not vote on Contract 20 due to lack of tokens

=======================================
 Arbitrator 25 Voting Process 
=======================================

Arbitrator 25 is attempting to vote on Contract 1
Arbitrator 25 successfully voted on Contract 1
Arbitrator 25 is attempting to vote on Contract 2
Arbitrator 25 successfully voted on Contract 2
Arbitrator 25 is attempting to vote on Contract 3
Arbitrator 25 successfully voted on Contract 3
Arbitrator 25 is attempting to vote on Contract 4
Arbitrator 25 successfully voted on Contract 4
Arbitrator 25 is attempting to vote on Contract 5
Arbitrator 25 successfully voted on Contract 5
Arbitrator 25 is attempting to vote on Contract 6
Arbitrator 25 successfully voted on Contract 6
Arbitrator 25 is attempting to vote on Contract 7
Arbitrator 25 could not vote on Contract 7 due to lack of tokens
Arbitrator 25 is attempting to vote on Contract 8
Arbitrator 25 could not vote on Contract 8 due to lack of tokens
Arbitrator 25 is attempting to vote on Contract 9
Arbitrator 25 could not vote on Contract 9 due to lack of tokens
Arbitrator 25 is attempting to vote on Contract 10
Arbitrator 25 could not vote on Contract 10 due to lack of tokens
Arbitrator 25 is attempting to vote on Contract 11
Arbitrator 25 could not vote on Contract 11 due to lack of tokens
Arbitrator 25 is attempting to vote on Contract 12
Arbitrator 25 could not vote on Contract 12 due to lack of tokens
Arbitrator 25 is attempting to vote on Contract 13
Arbitrator 25 could not vote on Contract 13 due to lack of tokens
Arbitrator 25 is attempting to vote on Contract 14
Arbitrator 25 could not vote on Contract 14 due to lack of tokens
Arbitrator 25 is attempting to vote on Contract 15
Arbitrator 25 could not vote on Contract 15 due to lack of tokens
Arbitrator 25 is attempting to vote on Contract 16
Arbitrator 25 could not vote on Contract 16 due to lack of tokens
Arbitrator 25 is attempting to vote on Contract 17
Arbitrator 25 could not vote on Contract 17 due to lack of tokens
Arbitrator 25 is attempting to vote on Contract 18
Arbitrator 25 could not vote on Contract 18 due to lack of tokens
Arbitrator 25 is attempting to vote on Contract 19
Arbitrator 25 could not vote on Contract 19 due to lack of tokens
Arbitrator 25 is attempting to vote on Contract 20
Arbitrator 25 could not vote on Contract 20 due to lack of tokens

=======================================
 Arbitrator 26 Voting Process 
=======================================

Arbitrator 26 is attempting to vote on Contract 1
Arbitrator 26 successfully voted on Contract 1
Arbitrator 26 is attempting to vote on Contract 2
Arbitrator 26 successfully voted on Contract 2
Arbitrator 26 is attempting to vote on Contract 3
Arbitrator 26 successfully voted on Contract 3
Arbitrator 26 is attempting to vote on Contract 4
Arbitrator 26 successfully voted on Contract 4
Arbitrator 26 is attempting to vote on Contract 5
Arbitrator 26 successfully voted on Contract 5
Arbitrator 26 is attempting to vote on Contract 6
Arbitrator 26 successfully voted on Contract 6
Arbitrator 26 is attempting to vote on Contract 7
Arbitrator 26 could not vote on Contract 7 due to lack of tokens
Arbitrator 26 is attempting to vote on Contract 8
Arbitrator 26 could not vote on Contract 8 due to lack of tokens
Arbitrator 26 is attempting to vote on Contract 9
Arbitrator 26 could not vote on Contract 9 due to lack of tokens
Arbitrator 26 is attempting to vote on Contract 10
Arbitrator 26 could not vote on Contract 10 due to lack of tokens
Arbitrator 26 is attempting to vote on Contract 11
Arbitrator 26 could not vote on Contract 11 due to lack of tokens
Arbitrator 26 is attempting to vote on Contract 12
Arbitrator 26 could not vote on Contract 12 due to lack of tokens
Arbitrator 26 is attempting to vote on Contract 13
Arbitrator 26 could not vote on Contract 13 due to lack of tokens
Arbitrator 26 is attempting to vote on Contract 14
Arbitrator 26 could not vote on Contract 14 due to lack of tokens
Arbitrator 26 is attempting to vote on Contract 15
Arbitrator 26 could not vote on Contract 15 due to lack of tokens
Arbitrator 26 is attempting to vote on Contract 16
Arbitrator 26 could not vote on Contract 16 due to lack of tokens
Arbitrator 26 is attempting to vote on Contract 17
Arbitrator 26 could not vote on Contract 17 due to lack of tokens
Arbitrator 26 is attempting to vote on Contract 18
Arbitrator 26 could not vote on Contract 18 due to lack of tokens
Arbitrator 26 is attempting to vote on Contract 19
Arbitrator 26 could not vote on Contract 19 due to lack of tokens
Arbitrator 26 is attempting to vote on Contract 20
Arbitrator 26 could not vote on Contract 20 due to lack of tokens

=======================================
 Arbitrator 27 Voting Process 
=======================================

Arbitrator 27 is attempting to vote on Contract 1
Arbitrator 27 successfully voted on Contract 1
Arbitrator 27 is attempting to vote on Contract 2
Arbitrator 27 successfully voted on Contract 2
Arbitrator 27 is attempting to vote on Contract 3
Arbitrator 27 could not vote on Contract 3 due to lack of tokens
Arbitrator 27 is attempting to vote on Contract 4
Arbitrator 27 could not vote on Contract 4 due to lack of tokens
Arbitrator 27 is attempting to vote on Contract 5
Arbitrator 27 could not vote on Contract 5 due to lack of tokens
Arbitrator 27 is attempting to vote on Contract 6
Arbitrator 27 could not vote on Contract 6 due to lack of tokens
Arbitrator 27 is attempting to vote on Contract 7
Arbitrator 27 could not vote on Contract 7 due to lack of tokens
Arbitrator 27 is attempting to vote on Contract 8
Arbitrator 27 could not vote on Contract 8 due to lack of tokens
Arbitrator 27 is attempting to vote on Contract 9
Arbitrator 27 could not vote on Contract 9 due to lack of tokens
Arbitrator 27 is attempting to vote on Contract 10
Arbitrator 27 could not vote on Contract 10 due to lack of tokens
Arbitrator 27 is attempting to vote on Contract 11
Arbitrator 27 could not vote on Contract 11 due to lack of tokens
Arbitrator 27 is attempting to vote on Contract 12
Arbitrator 27 could not vote on Contract 12 due to lack of tokens
Arbitrator 27 is attempting to vote on Contract 13
Arbitrator 27 could not vote on Contract 13 due to lack of tokens
Arbitrator 27 is attempting to vote on Contract 14
Arbitrator 27 could not vote on Contract 14 due to lack of tokens
Arbitrator 27 is attempting to vote on Contract 15
Arbitrator 27 could not vote on Contract 15 due to lack of tokens
Arbitrator 27 is attempting to vote on Contract 16
Arbitrator 27 could not vote on Contract 16 due to lack of tokens
Arbitrator 27 is attempting to vote on Contract 17
Arbitrator 27 could not vote on Contract 17 due to lack of tokens
Arbitrator 27 is attempting to vote on Contract 18
Arbitrator 27 could not vote on Contract 18 due to lack of tokens
Arbitrator 27 is attempting to vote on Contract 19
Arbitrator 27 could not vote on Contract 19 due to lack of tokens
Arbitrator 27 is attempting to vote on Contract 20
Arbitrator 27 could not vote on Contract 20 due to lack of tokens

=======================================
 Arbitrator 28 Voting Process 
=======================================

Arbitrator 28 is attempting to vote on Contract 1
Arbitrator 28 successfully voted on Contract 1
Arbitrator 28 is attempting to vote on Contract 2
Arbitrator 28 successfully voted on Contract 2
Arbitrator 28 is attempting to vote on Contract 3
Arbitrator 28 successfully voted on Contract 3
Arbitrator 28 is attempting to vote on Contract 4
Arbitrator 28 could not vote on Contract 4 due to lack of tokens
Arbitrator 28 is attempting to vote on Contract 5
Arbitrator 28 could not vote on Contract 5 due to lack of tokens
Arbitrator 28 is attempting to vote on Contract 6
Arbitrator 28 could not vote on Contract 6 due to lack of tokens
Arbitrator 28 is attempting to vote on Contract 7
Arbitrator 28 could not vote on Contract 7 due to lack of tokens
Arbitrator 28 is attempting to vote on Contract 8
Arbitrator 28 could not vote on Contract 8 due to lack of tokens
Arbitrator 28 is attempting to vote on Contract 9
Arbitrator 28 could not vote on Contract 9 due to lack of tokens
Arbitrator 28 is attempting to vote on Contract 10
Arbitrator 28 could not vote on Contract 10 due to lack of tokens
Arbitrator 28 is attempting to vote on Contract 11
Arbitrator 28 could not vote on Contract 11 due to lack of tokens
Arbitrator 28 is attempting to vote on Contract 12
Arbitrator 28 could not vote on Contract 12 due to lack of tokens
Arbitrator 28 is attempting to vote on Contract 13
Arbitrator 28 could not vote on Contract 13 due to lack of tokens
Arbitrator 28 is attempting to vote on Contract 14
Arbitrator 28 could not vote on Contract 14 due to lack of tokens
Arbitrator 28 is attempting to vote on Contract 15
Arbitrator 28 could not vote on Contract 15 due to lack of tokens
Arbitrator 28 is attempting to vote on Contract 16
Arbitrator 28 could not vote on Contract 16 due to lack of tokens
Arbitrator 28 is attempting to vote on Contract 17
Arbitrator 28 could not vote on Contract 17 due to lack of tokens
Arbitrator 28 is attempting to vote on Contract 18
Arbitrator 28 could not vote on Contract 18 due to lack of tokens
Arbitrator 28 is attempting to vote on Contract 19
Arbitrator 28 could not vote on Contract 19 due to lack of tokens
Arbitrator 28 is attempting to vote on Contract 20
Arbitrator 28 could not vote on Contract 20 due to lack of tokens

=======================================
 Arbitrator 29 Voting Process 
=======================================

Arbitrator 29 is attempting to vote on Contract 1
Arbitrator 29 successfully voted on Contract 1
Arbitrator 29 is attempting to vote on Contract 2
Arbitrator 29 successfully voted on Contract 2
Arbitrator 29 is attempting to vote on Contract 3
Arbitrator 29 could not vote on Contract 3 due to lack of tokens
Arbitrator 29 is attempting to vote on Contract 4
Arbitrator 29 could not vote on Contract 4 due to lack of tokens
Arbitrator 29 is attempting to vote on Contract 5
Arbitrator 29 could not vote on Contract 5 due to lack of tokens
Arbitrator 29 is attempting to vote on Contract 6
Arbitrator 29 could not vote on Contract 6 due to lack of tokens
Arbitrator 29 is attempting to vote on Contract 7
Arbitrator 29 could not vote on Contract 7 due to lack of tokens
Arbitrator 29 is attempting to vote on Contract 8
Arbitrator 29 could not vote on Contract 8 due to lack of tokens
Arbitrator 29 is attempting to vote on Contract 9
Arbitrator 29 could not vote on Contract 9 due to lack of tokens
Arbitrator 29 is attempting to vote on Contract 10
Arbitrator 29 could not vote on Contract 10 due to lack of tokens
Arbitrator 29 is attempting to vote on Contract 11
Arbitrator 29 could not vote on Contract 11 due to lack of tokens
Arbitrator 29 is attempting to vote on Contract 12
Arbitrator 29 could not vote on Contract 12 due to lack of tokens
Arbitrator 29 is attempting to vote on Contract 13
Arbitrator 29 could not vote on Contract 13 due to lack of tokens
Arbitrator 29 is attempting to vote on Contract 14
Arbitrator 29 could not vote on Contract 14 due to lack of tokens
Arbitrator 29 is attempting to vote on Contract 15
Arbitrator 29 could not vote on Contract 15 due to lack of tokens
Arbitrator 29 is attempting to vote on Contract 16
Arbitrator 29 could not vote on Contract 16 due to lack of tokens
Arbitrator 29 is attempting to vote on Contract 17
Arbitrator 29 could not vote on Contract 17 due to lack of tokens
Arbitrator 29 is attempting to vote on Contract 18
Arbitrator 29 could not vote on Contract 18 due to lack of tokens
Arbitrator 29 is attempting to vote on Contract 19
Arbitrator 29 could not vote on Contract 19 due to lack of tokens
Arbitrator 29 is attempting to vote on Contract 20
Arbitrator 29 could not vote on Contract 20 due to lack of tokens

=======================================
 Arbitrator 30 Voting Process 
=======================================

Arbitrator 30 is attempting to vote on Contract 1
Arbitrator 30 successfully voted on Contract 1
Arbitrator 30 is attempting to vote on Contract 2
Arbitrator 30 successfully voted on Contract 2
Arbitrator 30 is attempting to vote on Contract 3
Arbitrator 30 successfully voted on Contract 3
Arbitrator 30 is attempting to vote on Contract 4
Arbitrator 30 successfully voted on Contract 4
Arbitrator 30 is attempting to vote on Contract 5
Arbitrator 30 could not vote on Contract 5 due to lack of tokens
Arbitrator 30 is attempting to vote on Contract 6
Arbitrator 30 could not vote on Contract 6 due to lack of tokens
Arbitrator 30 is attempting to vote on Contract 7
Arbitrator 30 could not vote on Contract 7 due to lack of tokens
Arbitrator 30 is attempting to vote on Contract 8
Arbitrator 30 could not vote on Contract 8 due to lack of tokens
Arbitrator 30 is attempting to vote on Contract 9
Arbitrator 30 could not vote on Contract 9 due to lack of tokens
Arbitrator 30 is attempting to vote on Contract 10
Arbitrator 30 could not vote on Contract 10 due to lack of tokens
Arbitrator 30 is attempting to vote on Contract 11
Arbitrator 30 could not vote on Contract 11 due to lack of tokens
Arbitrator 30 is attempting to vote on Contract 12
Arbitrator 30 could not vote on Contract 12 due to lack of tokens
Arbitrator 30 is attempting to vote on Contract 13
Arbitrator 30 could not vote on Contract 13 due to lack of tokens
Arbitrator 30 is attempting to vote on Contract 14
Arbitrator 30 could not vote on Contract 14 due to lack of tokens
Arbitrator 30 is attempting to vote on Contract 15
Arbitrator 30 could not vote on Contract 15 due to lack of tokens
Arbitrator 30 is attempting to vote on Contract 16
Arbitrator 30 could not vote on Contract 16 due to lack of tokens
Arbitrator 30 is attempting to vote on Contract 17
Arbitrator 30 could not vote on Contract 17 due to lack of tokens
Arbitrator 30 is attempting to vote on Contract 18
Arbitrator 30 could not vote on Contract 18 due to lack of tokens
Arbitrator 30 is attempting to vote on Contract 19
Arbitrator 30 could not vote on Contract 19 due to lack of tokens
Arbitrator 30 is attempting to vote on Contract 20
Arbitrator 30 could not vote on Contract 20 due to lack of tokens

=======================================
 Arbitrator 31 Voting Process 
=======================================

Arbitrator 31 is attempting to vote on Contract 1
Arbitrator 31 successfully voted on Contract 1
Arbitrator 31 is attempting to vote on Contract 2
Arbitrator 31 successfully voted on Contract 2
Arbitrator 31 is attempting to vote on Contract 3
Arbitrator 31 successfully voted on Contract 3
Arbitrator 31 is attempting to vote on Contract 4
Arbitrator 31 successfully voted on Contract 4
Arbitrator 31 is attempting to vote on Contract 5
Arbitrator 31 successfully voted on Contract 5
Arbitrator 31 is attempting to vote on Contract 6
Arbitrator 31 successfully voted on Contract 6
Arbitrator 31 is attempting to vote on Contract 7
Arbitrator 31 successfully voted on Contract 7
Arbitrator 31 is attempting to vote on Contract 8
Arbitrator 31 successfully voted on Contract 8
Arbitrator 31 is attempting to vote on Contract 9
Arbitrator 31 could not vote on Contract 9 due to lack of tokens
Arbitrator 31 is attempting to vote on Contract 10
Arbitrator 31 could not vote on Contract 10 due to lack of tokens
Arbitrator 31 is attempting to vote on Contract 11
Arbitrator 31 could not vote on Contract 11 due to lack of tokens
Arbitrator 31 is attempting to vote on Contract 12
Arbitrator 31 could not vote on Contract 12 due to lack of tokens
Arbitrator 31 is attempting to vote on Contract 13
Arbitrator 31 could not vote on Contract 13 due to lack of tokens
Arbitrator 31 is attempting to vote on Contract 14
Arbitrator 31 could not vote on Contract 14 due to lack of tokens
Arbitrator 31 is attempting to vote on Contract 15
Arbitrator 31 could not vote on Contract 15 due to lack of tokens
Arbitrator 31 is attempting to vote on Contract 16
Arbitrator 31 could not vote on Contract 16 due to lack of tokens
Arbitrator 31 is attempting to vote on Contract 17
Arbitrator 31 could not vote on Contract 17 due to lack of tokens
Arbitrator 31 is attempting to vote on Contract 18
Arbitrator 31 could not vote on Contract 18 due to lack of tokens
Arbitrator 31 is attempting to vote on Contract 19
Arbitrator 31 could not vote on Contract 19 due to lack of tokens
Arbitrator 31 is attempting to vote on Contract 20
Arbitrator 31 could not vote on Contract 20 due to lack of tokens

=======================================
 Arbitrator 32 Voting Process 
=======================================

Arbitrator 32 is attempting to vote on Contract 1
Arbitrator 32 successfully voted on Contract 1
Arbitrator 32 is attempting to vote on Contract 2
Arbitrator 32 successfully voted on Contract 2
Arbitrator 32 is attempting to vote on Contract 3
Arbitrator 32 successfully voted on Contract 3
Arbitrator 32 is attempting to vote on Contract 4
Arbitrator 32 successfully voted on Contract 4
Arbitrator 32 is attempting to vote on Contract 5
Arbitrator 32 successfully voted on Contract 5
Arbitrator 32 is attempting to vote on Contract 6
Arbitrator 32 successfully voted on Contract 6
Arbitrator 32 is attempting to vote on Contract 7
Arbitrator 32 successfully voted on Contract 7
Arbitrator 32 is attempting to vote on Contract 8
Arbitrator 32 successfully voted on Contract 8
Arbitrator 32 is attempting to vote on Contract 9
Arbitrator 32 successfully voted on Contract 9
Arbitrator 32 is attempting to vote on Contract 10
Arbitrator 32 could not vote on Contract 10 due to lack of tokens
Arbitrator 32 is attempting to vote on Contract 11
Arbitrator 32 could not vote on Contract 11 due to lack of tokens
Arbitrator 32 is attempting to vote on Contract 12
Arbitrator 32 could not vote on Contract 12 due to lack of tokens
Arbitrator 32 is attempting to vote on Contract 13
Arbitrator 32 could not vote on Contract 13 due to lack of tokens
Arbitrator 32 is attempting to vote on Contract 14
Arbitrator 32 could not vote on Contract 14 due to lack of tokens
Arbitrator 32 is attempting to vote on Contract 15
Arbitrator 32 could not vote on Contract 15 due to lack of tokens
Arbitrator 32 is attempting to vote on Contract 16
Arbitrator 32 could not vote on Contract 16 due to lack of tokens
Arbitrator 32 is attempting to vote on Contract 17
Arbitrator 32 could not vote on Contract 17 due to lack of tokens
Arbitrator 32 is attempting to vote on Contract 18
Arbitrator 32 could not vote on Contract 18 due to lack of tokens
Arbitrator 32 is attempting to vote on Contract 19
Arbitrator 32 could not vote on Contract 19 due to lack of tokens
Arbitrator 32 is attempting to vote on Contract 20
Arbitrator 32 could not vote on Contract 20 due to lack of tokens

=======================================
 Arbitrator 33 Voting Process 
=======================================

Arbitrator 33 is attempting to vote on Contract 1
Arbitrator 33 successfully voted on Contract 1
Arbitrator 33 is attempting to vote on Contract 2
Arbitrator 33 successfully voted on Contract 2
Arbitrator 33 is attempting to vote on Contract 3
Arbitrator 33 successfully voted on Contract 3
Arbitrator 33 is attempting to vote on Contract 4
Arbitrator 33 successfully voted on Contract 4
Arbitrator 33 is attempting to vote on Contract 5
Arbitrator 33 could not vote on Contract 5 due to lack of tokens
Arbitrator 33 is attempting to vote on Contract 6
Arbitrator 33 could not vote on Contract 6 due to lack of tokens
Arbitrator 33 is attempting to vote on Contract 7
Arbitrator 33 could not vote on Contract 7 due to lack of tokens
Arbitrator 33 is attempting to vote on Contract 8
Arbitrator 33 could not vote on Contract 8 due to lack of tokens
Arbitrator 33 is attempting to vote on Contract 9
Arbitrator 33 could not vote on Contract 9 due to lack of tokens
Arbitrator 33 is attempting to vote on Contract 10
Arbitrator 33 could not vote on Contract 10 due to lack of tokens
Arbitrator 33 is attempting to vote on Contract 11
Arbitrator 33 could not vote on Contract 11 due to lack of tokens
Arbitrator 33 is attempting to vote on Contract 12
Arbitrator 33 could not vote on Contract 12 due to lack of tokens
Arbitrator 33 is attempting to vote on Contract 13
Arbitrator 33 could not vote on Contract 13 due to lack of tokens
Arbitrator 33 is attempting to vote on Contract 14
Arbitrator 33 could not vote on Contract 14 due to lack of tokens
Arbitrator 33 is attempting to vote on Contract 15
Arbitrator 33 could not vote on Contract 15 due to lack of tokens
Arbitrator 33 is attempting to vote on Contract 16
Arbitrator 33 could not vote on Contract 16 due to lack of tokens
Arbitrator 33 is attempting to vote on Contract 17
Arbitrator 33 could not vote on Contract 17 due to lack of tokens
Arbitrator 33 is attempting to vote on Contract 18
Arbitrator 33 could not vote on Contract 18 due to lack of tokens
Arbitrator 33 is attempting to vote on Contract 19
Arbitrator 33 could not vote on Contract 19 due to lack of tokens
Arbitrator 33 is attempting to vote on Contract 20
Arbitrator 33 could not vote on Contract 20 due to lack of tokens

=======================================
 Arbitrator 34 Voting Process 
=======================================

Arbitrator 34 is attempting to vote on Contract 1
Arbitrator 34 successfully voted on Contract 1
Arbitrator 34 is attempting to vote on Contract 2
Arbitrator 34 successfully voted on Contract 2
Arbitrator 34 is attempting to vote on Contract 3
Arbitrator 34 successfully voted on Contract 3
Arbitrator 34 is attempting to vote on Contract 4
Arbitrator 34 successfully voted on Contract 4
Arbitrator 34 is attempting to vote on Contract 5
Arbitrator 34 could not vote on Contract 5 due to lack of tokens
Arbitrator 34 is attempting to vote on Contract 6
Arbitrator 34 could not vote on Contract 6 due to lack of tokens
Arbitrator 34 is attempting to vote on Contract 7
Arbitrator 34 could not vote on Contract 7 due to lack of tokens
Arbitrator 34 is attempting to vote on Contract 8
Arbitrator 34 could not vote on Contract 8 due to lack of tokens
Arbitrator 34 is attempting to vote on Contract 9
Arbitrator 34 could not vote on Contract 9 due to lack of tokens
Arbitrator 34 is attempting to vote on Contract 10
Arbitrator 34 could not vote on Contract 10 due to lack of tokens
Arbitrator 34 is attempting to vote on Contract 11
Arbitrator 34 could not vote on Contract 11 due to lack of tokens
Arbitrator 34 is attempting to vote on Contract 12
Arbitrator 34 could not vote on Contract 12 due to lack of tokens
Arbitrator 34 is attempting to vote on Contract 13
Arbitrator 34 could not vote on Contract 13 due to lack of tokens
Arbitrator 34 is attempting to vote on Contract 14
Arbitrator 34 could not vote on Contract 14 due to lack of tokens
Arbitrator 34 is attempting to vote on Contract 15
Arbitrator 34 could not vote on Contract 15 due to lack of tokens
Arbitrator 34 is attempting to vote on Contract 16
Arbitrator 34 could not vote on Contract 16 due to lack of tokens
Arbitrator 34 is attempting to vote on Contract 17
Arbitrator 34 could not vote on Contract 17 due to lack of tokens
Arbitrator 34 is attempting to vote on Contract 18
Arbitrator 34 could not vote on Contract 18 due to lack of tokens
Arbitrator 34 is attempting to vote on Contract 19
Arbitrator 34 could not vote on Contract 19 due to lack of tokens
Arbitrator 34 is attempting to vote on Contract 20
Arbitrator 34 could not vote on Contract 20 due to lack of tokens

=======================================
 Arbitrator 35 Voting Process 
=======================================

Arbitrator 35 is attempting to vote on Contract 1
Arbitrator 35 successfully voted on Contract 1
Arbitrator 35 is attempting to vote on Contract 2
Arbitrator 35 successfully voted on Contract 2
Arbitrator 35 is attempting to vote on Contract 3
Arbitrator 35 successfully voted on Contract 3
Arbitrator 35 is attempting to vote on Contract 4
Arbitrator 35 successfully voted on Contract 4
Arbitrator 35 is attempting to vote on Contract 5
Arbitrator 35 successfully voted on Contract 5
Arbitrator 35 is attempting to vote on Contract 6
Arbitrator 35 successfully voted on Contract 6
Arbitrator 35 is attempting to vote on Contract 7
Arbitrator 35 successfully voted on Contract 7
Arbitrator 35 is attempting to vote on Contract 8
Arbitrator 35 successfully voted on Contract 8
Arbitrator 35 is attempting to vote on Contract 9
Arbitrator 35 successfully voted on Contract 9
Arbitrator 35 is attempting to vote on Contract 10
Arbitrator 35 successfully voted on Contract 10
Arbitrator 35 is attempting to vote on Contract 11
Arbitrator 35 could not vote on Contract 11 due to lack of tokens
Arbitrator 35 is attempting to vote on Contract 12
Arbitrator 35 could not vote on Contract 12 due to lack of tokens
Arbitrator 35 is attempting to vote on Contract 13
Arbitrator 35 could not vote on Contract 13 due to lack of tokens
Arbitrator 35 is attempting to vote on Contract 14
Arbitrator 35 could not vote on Contract 14 due to lack of tokens
Arbitrator 35 is attempting to vote on Contract 15
Arbitrator 35 could not vote on Contract 15 due to lack of tokens
Arbitrator 35 is attempting to vote on Contract 16
Arbitrator 35 could not vote on Contract 16 due to lack of tokens
Arbitrator 35 is attempting to vote on Contract 17
Arbitrator 35 could not vote on Contract 17 due to lack of tokens
Arbitrator 35 is attempting to vote on Contract 18
Arbitrator 35 could not vote on Contract 18 due to lack of tokens
Arbitrator 35 is attempting to vote on Contract 19
Arbitrator 35 could not vote on Contract 19 due to lack of tokens
Arbitrator 35 is attempting to vote on Contract 20
Arbitrator 35 could not vote on Contract 20 due to lack of tokens

=======================================
 Arbitrator 36 Voting Process 
=======================================

Arbitrator 36 is attempting to vote on Contract 1
Arbitrator 36 successfully voted on Contract 1
Arbitrator 36 is attempting to vote on Contract 2
Arbitrator 36 successfully voted on Contract 2
Arbitrator 36 is attempting to vote on Contract 3
Arbitrator 36 successfully voted on Contract 3
Arbitrator 36 is attempting to vote on Contract 4
Arbitrator 36 successfully voted on Contract 4
Arbitrator 36 is attempting to vote on Contract 5
Arbitrator 36 successfully voted on Contract 5
Arbitrator 36 is attempting to vote on Contract 6
Arbitrator 36 could not vote on Contract 6 due to lack of tokens
Arbitrator 36 is attempting to vote on Contract 7
Arbitrator 36 could not vote on Contract 7 due to lack of tokens
Arbitrator 36 is attempting to vote on Contract 8
Arbitrator 36 could not vote on Contract 8 due to lack of tokens
Arbitrator 36 is attempting to vote on Contract 9
Arbitrator 36 could not vote on Contract 9 due to lack of tokens
Arbitrator 36 is attempting to vote on Contract 10
Arbitrator 36 could not vote on Contract 10 due to lack of tokens
Arbitrator 36 is attempting to vote on Contract 11
Arbitrator 36 could not vote on Contract 11 due to lack of tokens
Arbitrator 36 is attempting to vote on Contract 12
Arbitrator 36 could not vote on Contract 12 due to lack of tokens
Arbitrator 36 is attempting to vote on Contract 13
Arbitrator 36 could not vote on Contract 13 due to lack of tokens
Arbitrator 36 is attempting to vote on Contract 14
Arbitrator 36 could not vote on Contract 14 due to lack of tokens
Arbitrator 36 is attempting to vote on Contract 15
Arbitrator 36 could not vote on Contract 15 due to lack of tokens
Arbitrator 36 is attempting to vote on Contract 16
Arbitrator 36 could not vote on Contract 16 due to lack of tokens
Arbitrator 36 is attempting to vote on Contract 17
Arbitrator 36 could not vote on Contract 17 due to lack of tokens
Arbitrator 36 is attempting to vote on Contract 18
Arbitrator 36 could not vote on Contract 18 due to lack of tokens
Arbitrator 36 is attempting to vote on Contract 19
Arbitrator 36 could not vote on Contract 19 due to lack of tokens
Arbitrator 36 is attempting to vote on Contract 20
Arbitrator 36 could not vote on Contract 20 due to lack of tokens

=======================================
 Arbitrator 37 Voting Process 
=======================================

Arbitrator 37 is attempting to vote on Contract 1
Arbitrator 37 successfully voted on Contract 1
Arbitrator 37 is attempting to vote on Contract 2
Arbitrator 37 successfully voted on Contract 2
Arbitrator 37 is attempting to vote on Contract 3
Arbitrator 37 successfully voted on Contract 3
Arbitrator 37 is attempting to vote on Contract 4
Arbitrator 37 successfully voted on Contract 4
Arbitrator 37 is attempting to vote on Contract 5
Arbitrator 37 could not vote on Contract 5 due to lack of tokens
Arbitrator 37 is attempting to vote on Contract 6
Arbitrator 37 could not vote on Contract 6 due to lack of tokens
Arbitrator 37 is attempting to vote on Contract 7
Arbitrator 37 could not vote on Contract 7 due to lack of tokens
Arbitrator 37 is attempting to vote on Contract 8
Arbitrator 37 could not vote on Contract 8 due to lack of tokens
Arbitrator 37 is attempting to vote on Contract 9
Arbitrator 37 could not vote on Contract 9 due to lack of tokens
Arbitrator 37 is attempting to vote on Contract 10
Arbitrator 37 could not vote on Contract 10 due to lack of tokens
Arbitrator 37 is attempting to vote on Contract 11
Arbitrator 37 could not vote on Contract 11 due to lack of tokens
Arbitrator 37 is attempting to vote on Contract 12
Arbitrator 37 could not vote on Contract 12 due to lack of tokens
Arbitrator 37 is attempting to vote on Contract 13
Arbitrator 37 could not vote on Contract 13 due to lack of tokens
Arbitrator 37 is attempting to vote on Contract 14
Arbitrator 37 could not vote on Contract 14 due to lack of tokens
Arbitrator 37 is attempting to vote on Contract 15
Arbitrator 37 could not vote on Contract 15 due to lack of tokens
Arbitrator 37 is attempting to vote on Contract 16
Arbitrator 37 could not vote on Contract 16 due to lack of tokens
Arbitrator 37 is attempting to vote on Contract 17
Arbitrator 37 could not vote on Contract 17 due to lack of tokens
Arbitrator 37 is attempting to vote on Contract 18
Arbitrator 37 could not vote on Contract 18 due to lack of tokens
Arbitrator 37 is attempting to vote on Contract 19
Arbitrator 37 could not vote on Contract 19 due to lack of tokens
Arbitrator 37 is attempting to vote on Contract 20
Arbitrator 37 could not vote on Contract 20 due to lack of tokens

=======================================
 Arbitrator 38 Voting Process 
=======================================

Arbitrator 38 is attempting to vote on Contract 1
Arbitrator 38 successfully voted on Contract 1
Arbitrator 38 is attempting to vote on Contract 2
Arbitrator 38 successfully voted on Contract 2
Arbitrator 38 is attempting to vote on Contract 3
Arbitrator 38 successfully voted on Contract 3
Arbitrator 38 is attempting to vote on Contract 4
Arbitrator 38 successfully voted on Contract 4
Arbitrator 38 is attempting to vote on Contract 5
Arbitrator 38 successfully voted on Contract 5
Arbitrator 38 is attempting to vote on Contract 6
Arbitrator 38 successfully voted on Contract 6
Arbitrator 38 is attempting to vote on Contract 7
Arbitrator 38 could not vote on Contract 7 due to lack of tokens
Arbitrator 38 is attempting to vote on Contract 8
Arbitrator 38 could not vote on Contract 8 due to lack of tokens
Arbitrator 38 is attempting to vote on Contract 9
Arbitrator 38 could not vote on Contract 9 due to lack of tokens
Arbitrator 38 is attempting to vote on Contract 10
Arbitrator 38 could not vote on Contract 10 due to lack of tokens
Arbitrator 38 is attempting to vote on Contract 11
Arbitrator 38 could not vote on Contract 11 due to lack of tokens
Arbitrator 38 is attempting to vote on Contract 12
Arbitrator 38 could not vote on Contract 12 due to lack of tokens
Arbitrator 38 is attempting to vote on Contract 13
Arbitrator 38 could not vote on Contract 13 due to lack of tokens
Arbitrator 38 is attempting to vote on Contract 14
Arbitrator 38 could not vote on Contract 14 due to lack of tokens
Arbitrator 38 is attempting to vote on Contract 15
Arbitrator 38 could not vote on Contract 15 due to lack of tokens
Arbitrator 38 is attempting to vote on Contract 16
Arbitrator 38 could not vote on Contract 16 due to lack of tokens
Arbitrator 38 is attempting to vote on Contract 17
Arbitrator 38 could not vote on Contract 17 due to lack of tokens
Arbitrator 38 is attempting to vote on Contract 18
Arbitrator 38 could not vote on Contract 18 due to lack of tokens
Arbitrator 38 is attempting to vote on Contract 19
Arbitrator 38 could not vote on Contract 19 due to lack of tokens
Arbitrator 38 is attempting to vote on Contract 20
Arbitrator 38 could not vote on Contract 20 due to lack of tokens

=======================================
 Arbitrator 39 Voting Process 
=======================================

Arbitrator 39 is attempting to vote on Contract 1
Arbitrator 39 successfully voted on Contract 1
Arbitrator 39 is attempting to vote on Contract 2
Arbitrator 39 successfully voted on Contract 2
Arbitrator 39 is attempting to vote on Contract 3
Arbitrator 39 successfully voted on Contract 3
Arbitrator 39 is attempting to vote on Contract 4
Arbitrator 39 successfully voted on Contract 4
Arbitrator 39 is attempting to vote on Contract 5
Arbitrator 39 successfully voted on Contract 5
Arbitrator 39 is attempting to vote on Contract 6
Arbitrator 39 successfully voted on Contract 6
Arbitrator 39 is attempting to vote on Contract 7
Arbitrator 39 successfully voted on Contract 7
Arbitrator 39 is attempting to vote on Contract 8
Arbitrator 39 successfully voted on Contract 8
Arbitrator 39 is attempting to vote on Contract 9
Arbitrator 39 successfully voted on Contract 9
Arbitrator 39 is attempting to vote on Contract 10
Arbitrator 39 could not vote on Contract 10 due to lack of tokens
Arbitrator 39 is attempting to vote on Contract 11
Arbitrator 39 could not vote on Contract 11 due to lack of tokens
Arbitrator 39 is attempting to vote on Contract 12
Arbitrator 39 could not vote on Contract 12 due to lack of tokens
Arbitrator 39 is attempting to vote on Contract 13
Arbitrator 39 could not vote on Contract 13 due to lack of tokens
Arbitrator 39 is attempting to vote on Contract 14
Arbitrator 39 could not vote on Contract 14 due to lack of tokens
Arbitrator 39 is attempting to vote on Contract 15
Arbitrator 39 could not vote on Contract 15 due to lack of tokens
Arbitrator 39 is attempting to vote on Contract 16
Arbitrator 39 could not vote on Contract 16 due to lack of tokens
Arbitrator 39 is attempting to vote on Contract 17
Arbitrator 39 could not vote on Contract 17 due to lack of tokens
Arbitrator 39 is attempting to vote on Contract 18
Arbitrator 39 could not vote on Contract 18 due to lack of tokens
Arbitrator 39 is attempting to vote on Contract 19
Arbitrator 39 could not vote on Contract 19 due to lack of tokens
Arbitrator 39 is attempting to vote on Contract 20
Arbitrator 39 could not vote on Contract 20 due to lack of tokens

=======================================
 Arbitrator 40 Voting Process 
=======================================

Arbitrator 40 is attempting to vote on Contract 1
Arbitrator 40 successfully voted on Contract 1
Arbitrator 40 is attempting to vote on Contract 2
Arbitrator 40 successfully voted on Contract 2
Arbitrator 40 is attempting to vote on Contract 3
Arbitrator 40 successfully voted on Contract 3
Arbitrator 40 is attempting to vote on Contract 4
Arbitrator 40 successfully voted on Contract 4
Arbitrator 40 is attempting to vote on Contract 5
Arbitrator 40 successfully voted on Contract 5
Arbitrator 40 is attempting to vote on Contract 6
Arbitrator 40 successfully voted on Contract 6
Arbitrator 40 is attempting to vote on Contract 7
Arbitrator 40 successfully voted on Contract 7
Arbitrator 40 is attempting to vote on Contract 8
Arbitrator 40 could not vote on Contract 8 due to lack of tokens
Arbitrator 40 is attempting to vote on Contract 9
Arbitrator 40 could not vote on Contract 9 due to lack of tokens
Arbitrator 40 is attempting to vote on Contract 10
Arbitrator 40 could not vote on Contract 10 due to lack of tokens
Arbitrator 40 is attempting to vote on Contract 11
Arbitrator 40 could not vote on Contract 11 due to lack of tokens
Arbitrator 40 is attempting to vote on Contract 12
Arbitrator 40 could not vote on Contract 12 due to lack of tokens
Arbitrator 40 is attempting to vote on Contract 13
Arbitrator 40 could not vote on Contract 13 due to lack of tokens
Arbitrator 40 is attempting to vote on Contract 14
Arbitrator 40 could not vote on Contract 14 due to lack of tokens
Arbitrator 40 is attempting to vote on Contract 15
Arbitrator 40 could not vote on Contract 15 due to lack of tokens
Arbitrator 40 is attempting to vote on Contract 16
Arbitrator 40 could not vote on Contract 16 due to lack of tokens
Arbitrator 40 is attempting to vote on Contract 17
Arbitrator 40 could not vote on Contract 17 due to lack of tokens
Arbitrator 40 is attempting to vote on Contract 18
Arbitrator 40 could not vote on Contract 18 due to lack of tokens
Arbitrator 40 is attempting to vote on Contract 19
Arbitrator 40 could not vote on Contract 19 due to lack of tokens
Arbitrator 40 is attempting to vote on Contract 20
Arbitrator 40 could not vote on Contract 20 due to lack of tokens

=======================================
 Arbitrator 41 Voting Process 
=======================================

Arbitrator 41 is attempting to vote on Contract 1
Arbitrator 41 successfully voted on Contract 1
Arbitrator 41 is attempting to vote on Contract 2
Arbitrator 41 successfully voted on Contract 2
Arbitrator 41 is attempting to vote on Contract 3
Arbitrator 41 successfully voted on Contract 3
Arbitrator 41 is attempting to vote on Contract 4
Arbitrator 41 successfully voted on Contract 4
Arbitrator 41 is attempting to vote on Contract 5
Arbitrator 41 successfully voted on Contract 5
Arbitrator 41 is attempting to vote on Contract 6
Arbitrator 41 successfully voted on Contract 6
Arbitrator 41 is attempting to vote on Contract 7
Arbitrator 41 successfully voted on Contract 7
Arbitrator 41 is attempting to vote on Contract 8
Arbitrator 41 could not vote on Contract 8 due to lack of tokens
Arbitrator 41 is attempting to vote on Contract 9
Arbitrator 41 could not vote on Contract 9 due to lack of tokens
Arbitrator 41 is attempting to vote on Contract 10
Arbitrator 41 could not vote on Contract 10 due to lack of tokens
Arbitrator 41 is attempting to vote on Contract 11
Arbitrator 41 could not vote on Contract 11 due to lack of tokens
Arbitrator 41 is attempting to vote on Contract 12
Arbitrator 41 could not vote on Contract 12 due to lack of tokens
Arbitrator 41 is attempting to vote on Contract 13
Arbitrator 41 could not vote on Contract 13 due to lack of tokens
Arbitrator 41 is attempting to vote on Contract 14
Arbitrator 41 could not vote on Contract 14 due to lack of tokens
Arbitrator 41 is attempting to vote on Contract 15
Arbitrator 41 could not vote on Contract 15 due to lack of tokens
Arbitrator 41 is attempting to vote on Contract 16
Arbitrator 41 could not vote on Contract 16 due to lack of tokens
Arbitrator 41 is attempting to vote on Contract 17
Arbitrator 41 could not vote on Contract 17 due to lack of tokens
Arbitrator 41 is attempting to vote on Contract 18
Arbitrator 41 could not vote on Contract 18 due to lack of tokens
Arbitrator 41 is attempting to vote on Contract 19
Arbitrator 41 could not vote on Contract 19 due to lack of tokens
Arbitrator 41 is attempting to vote on Contract 20
Arbitrator 41 could not vote on Contract 20 due to lack of tokens

=======================================
 Arbitrator 42 Voting Process 
=======================================

Arbitrator 42 is attempting to vote on Contract 1
Arbitrator 42 could not vote on Contract 1 as the dispute was already resolved
Arbitrator 42 is attempting to vote on Contract 2
Arbitrator 42 successfully voted on Contract 2
Arbitrator 42 is attempting to vote on Contract 3
Arbitrator 42 successfully voted on Contract 3
Arbitrator 42 is attempting to vote on Contract 4
Arbitrator 42 successfully voted on Contract 4
Arbitrator 42 is attempting to vote on Contract 5
Arbitrator 42 successfully voted on Contract 5
Arbitrator 42 is attempting to vote on Contract 6
Arbitrator 42 successfully voted on Contract 6
Arbitrator 42 is attempting to vote on Contract 7
Arbitrator 42 successfully voted on Contract 7
Arbitrator 42 is attempting to vote on Contract 8
Arbitrator 42 successfully voted on Contract 8
Arbitrator 42 is attempting to vote on Contract 9
Arbitrator 42 successfully voted on Contract 9
Arbitrator 42 is attempting to vote on Contract 10
Arbitrator 42 successfully voted on Contract 10
Arbitrator 42 is attempting to vote on Contract 11
Arbitrator 42 could not vote on Contract 11 due to lack of tokens
Arbitrator 42 is attempting to vote on Contract 12
Arbitrator 42 could not vote on Contract 12 due to lack of tokens
Arbitrator 42 is attempting to vote on Contract 13
Arbitrator 42 could not vote on Contract 13 due to lack of tokens
Arbitrator 42 is attempting to vote on Contract 14
Arbitrator 42 could not vote on Contract 14 due to lack of tokens
Arbitrator 42 is attempting to vote on Contract 15
Arbitrator 42 could not vote on Contract 15 due to lack of tokens
Arbitrator 42 is attempting to vote on Contract 16
Arbitrator 42 could not vote on Contract 16 due to lack of tokens
Arbitrator 42 is attempting to vote on Contract 17
Arbitrator 42 could not vote on Contract 17 due to lack of tokens
Arbitrator 42 is attempting to vote on Contract 18
Arbitrator 42 could not vote on Contract 18 due to lack of tokens
Arbitrator 42 is attempting to vote on Contract 19
Arbitrator 42 could not vote on Contract 19 due to lack of tokens
Arbitrator 42 is attempting to vote on Contract 20
Arbitrator 42 could not vote on Contract 20 due to lack of tokens

=======================================
 Arbitrator 43 Voting Process 
=======================================

Arbitrator 43 is attempting to vote on Contract 1
Arbitrator 43 could not vote on Contract 1 as the dispute was already resolved
Arbitrator 43 is attempting to vote on Contract 2
Arbitrator 43 successfully voted on Contract 2
Arbitrator 43 is attempting to vote on Contract 3
Arbitrator 43 successfully voted on Contract 3
Arbitrator 43 is attempting to vote on Contract 4
Arbitrator 43 successfully voted on Contract 4
Arbitrator 43 is attempting to vote on Contract 5
Arbitrator 43 successfully voted on Contract 5
Arbitrator 43 is attempting to vote on Contract 6
Arbitrator 43 successfully voted on Contract 6
Arbitrator 43 is attempting to vote on Contract 7
Arbitrator 43 successfully voted on Contract 7
Arbitrator 43 is attempting to vote on Contract 8
Arbitrator 43 successfully voted on Contract 8
Arbitrator 43 is attempting to vote on Contract 9
Arbitrator 43 successfully voted on Contract 9
Arbitrator 43 is attempting to vote on Contract 10
Arbitrator 43 successfully voted on Contract 10
Arbitrator 43 is attempting to vote on Contract 11
Arbitrator 43 successfully voted on Contract 11
Arbitrator 43 is attempting to vote on Contract 12
Arbitrator 43 successfully voted on Contract 12
Arbitrator 43 is attempting to vote on Contract 13
Arbitrator 43 successfully voted on Contract 13
Arbitrator 43 is attempting to vote on Contract 14
Arbitrator 43 could not vote on Contract 14 due to lack of tokens
Arbitrator 43 is attempting to vote on Contract 15
Arbitrator 43 could not vote on Contract 15 due to lack of tokens
Arbitrator 43 is attempting to vote on Contract 16
Arbitrator 43 could not vote on Contract 16 due to lack of tokens
Arbitrator 43 is attempting to vote on Contract 17
Arbitrator 43 could not vote on Contract 17 due to lack of tokens
Arbitrator 43 is attempting to vote on Contract 18
Arbitrator 43 could not vote on Contract 18 due to lack of tokens
Arbitrator 43 is attempting to vote on Contract 19
Arbitrator 43 could not vote on Contract 19 due to lack of tokens
Arbitrator 43 is attempting to vote on Contract 20
Arbitrator 43 could not vote on Contract 20 due to lack of tokens

=======================================
 Arbitrator 44 Voting Process 
=======================================

Arbitrator 44 is attempting to vote on Contract 1
Arbitrator 44 could not vote on Contract 1 as the dispute was already resolved
Arbitrator 44 is attempting to vote on Contract 2
Arbitrator 44 successfully voted on Contract 2
Arbitrator 44 is attempting to vote on Contract 3
Arbitrator 44 successfully voted on Contract 3
Arbitrator 44 is attempting to vote on Contract 4
Arbitrator 44 could not vote on Contract 4 as the dispute was already resolved
Arbitrator 44 is attempting to vote on Contract 5
Arbitrator 44 successfully voted on Contract 5
Arbitrator 44 is attempting to vote on Contract 6
Arbitrator 44 successfully voted on Contract 6
Arbitrator 44 is attempting to vote on Contract 7
Arbitrator 44 could not vote on Contract 7 due to lack of tokens
Arbitrator 44 is attempting to vote on Contract 8
Arbitrator 44 could not vote on Contract 8 due to lack of tokens
Arbitrator 44 is attempting to vote on Contract 9
Arbitrator 44 could not vote on Contract 9 due to lack of tokens
Arbitrator 44 is attempting to vote on Contract 10
Arbitrator 44 could not vote on Contract 10 due to lack of tokens
Arbitrator 44 is attempting to vote on Contract 11
Arbitrator 44 could not vote on Contract 11 due to lack of tokens
Arbitrator 44 is attempting to vote on Contract 12
Arbitrator 44 could not vote on Contract 12 due to lack of tokens
Arbitrator 44 is attempting to vote on Contract 13
Arbitrator 44 could not vote on Contract 13 due to lack of tokens
Arbitrator 44 is attempting to vote on Contract 14
Arbitrator 44 could not vote on Contract 14 due to lack of tokens
Arbitrator 44 is attempting to vote on Contract 15
Arbitrator 44 could not vote on Contract 15 due to lack of tokens
Arbitrator 44 is attempting to vote on Contract 16
Arbitrator 44 could not vote on Contract 16 due to lack of tokens
Arbitrator 44 is attempting to vote on Contract 17
Arbitrator 44 could not vote on Contract 17 due to lack of tokens
Arbitrator 44 is attempting to vote on Contract 18
Arbitrator 44 could not vote on Contract 18 due to lack of tokens
Arbitrator 44 is attempting to vote on Contract 19
Arbitrator 44 could not vote on Contract 19 due to lack of tokens
Arbitrator 44 is attempting to vote on Contract 20
Arbitrator 44 could not vote on Contract 20 due to lack of tokens

=======================================
 Arbitrator 45 Voting Process 
=======================================

Arbitrator 45 is attempting to vote on Contract 1
Arbitrator 45 could not vote on Contract 1 as the dispute was already resolved
Arbitrator 45 is attempting to vote on Contract 2
Arbitrator 45 successfully voted on Contract 2
Arbitrator 45 is attempting to vote on Contract 3
Arbitrator 45 successfully voted on Contract 3
Arbitrator 45 is attempting to vote on Contract 4
Arbitrator 45 could not vote on Contract 4 as the dispute was already resolved
Arbitrator 45 is attempting to vote on Contract 5
Arbitrator 45 successfully voted on Contract 5
Arbitrator 45 is attempting to vote on Contract 6
Arbitrator 45 successfully voted on Contract 6
Arbitrator 45 is attempting to vote on Contract 7
Arbitrator 45 successfully voted on Contract 7
Arbitrator 45 is attempting to vote on Contract 8
Arbitrator 45 successfully voted on Contract 8
Arbitrator 45 is attempting to vote on Contract 9
Arbitrator 45 successfully voted on Contract 9
Arbitrator 45 is attempting to vote on Contract 10
Arbitrator 45 successfully voted on Contract 10
Arbitrator 45 is attempting to vote on Contract 11
Arbitrator 45 successfully voted on Contract 11
Arbitrator 45 is attempting to vote on Contract 12
Arbitrator 45 successfully voted on Contract 12
Arbitrator 45 is attempting to vote on Contract 13
Arbitrator 45 could not vote on Contract 13 due to lack of tokens
Arbitrator 45 is attempting to vote on Contract 14
Arbitrator 45 could not vote on Contract 14 due to lack of tokens
Arbitrator 45 is attempting to vote on Contract 15
Arbitrator 45 could not vote on Contract 15 due to lack of tokens
Arbitrator 45 is attempting to vote on Contract 16
Arbitrator 45 could not vote on Contract 16 due to lack of tokens
Arbitrator 45 is attempting to vote on Contract 17
Arbitrator 45 could not vote on Contract 17 due to lack of tokens
Arbitrator 45 is attempting to vote on Contract 18
Arbitrator 45 could not vote on Contract 18 due to lack of tokens
Arbitrator 45 is attempting to vote on Contract 19
Arbitrator 45 could not vote on Contract 19 due to lack of tokens
Arbitrator 45 is attempting to vote on Contract 20
Arbitrator 45 could not vote on Contract 20 due to lack of tokens

=======================================
 Arbitrator 46 Voting Process 
=======================================

Arbitrator 46 is attempting to vote on Contract 1
Arbitrator 46 could not vote on Contract 1 as the dispute was already resolved
Arbitrator 46 is attempting to vote on Contract 2
Arbitrator 46 successfully voted on Contract 2
Arbitrator 46 is attempting to vote on Contract 3
Arbitrator 46 successfully voted on Contract 3
Arbitrator 46 is attempting to vote on Contract 4
Arbitrator 46 could not vote on Contract 4 as the dispute was already resolved
Arbitrator 46 is attempting to vote on Contract 5
Arbitrator 46 successfully voted on Contract 5
Arbitrator 46 is attempting to vote on Contract 6
Arbitrator 46 successfully voted on Contract 6
Arbitrator 46 is attempting to vote on Contract 7
Arbitrator 46 successfully voted on Contract 7
Arbitrator 46 is attempting to vote on Contract 8
Arbitrator 46 successfully voted on Contract 8
Arbitrator 46 is attempting to vote on Contract 9
Arbitrator 46 successfully voted on Contract 9
Arbitrator 46 is attempting to vote on Contract 10
Arbitrator 46 could not vote on Contract 10 due to lack of tokens
Arbitrator 46 is attempting to vote on Contract 11
Arbitrator 46 could not vote on Contract 11 due to lack of tokens
Arbitrator 46 is attempting to vote on Contract 12
Arbitrator 46 could not vote on Contract 12 due to lack of tokens
Arbitrator 46 is attempting to vote on Contract 13
Arbitrator 46 could not vote on Contract 13 due to lack of tokens
Arbitrator 46 is attempting to vote on Contract 14
Arbitrator 46 could not vote on Contract 14 due to lack of tokens
Arbitrator 46 is attempting to vote on Contract 15
Arbitrator 46 could not vote on Contract 15 due to lack of tokens
Arbitrator 46 is attempting to vote on Contract 16
Arbitrator 46 could not vote on Contract 16 due to lack of tokens
Arbitrator 46 is attempting to vote on Contract 17
Arbitrator 46 could not vote on Contract 17 due to lack of tokens
Arbitrator 46 is attempting to vote on Contract 18
Arbitrator 46 could not vote on Contract 18 due to lack of tokens
Arbitrator 46 is attempting to vote on Contract 19
Arbitrator 46 could not vote on Contract 19 due to lack of tokens
Arbitrator 46 is attempting to vote on Contract 20
Arbitrator 46 could not vote on Contract 20 due to lack of tokens

=======================================
 Arbitrator 47 Voting Process 
=======================================

Arbitrator 47 is attempting to vote on Contract 1
Arbitrator 47 could not vote on Contract 1 as the dispute was already resolved
Arbitrator 47 is attempting to vote on Contract 2
Arbitrator 47 successfully voted on Contract 2
Arbitrator 47 is attempting to vote on Contract 3
Arbitrator 47 successfully voted on Contract 3
Arbitrator 47 is attempting to vote on Contract 4
Arbitrator 47 could not vote on Contract 4 as the dispute was already resolved
Arbitrator 47 is attempting to vote on Contract 5
Arbitrator 47 successfully voted on Contract 5
Arbitrator 47 is attempting to vote on Contract 6
Arbitrator 47 successfully voted on Contract 6
Arbitrator 47 is attempting to vote on Contract 7
Arbitrator 47 successfully voted on Contract 7
Arbitrator 47 is attempting to vote on Contract 8
Arbitrator 47 successfully voted on Contract 8
Arbitrator 47 is attempting to vote on Contract 9
Arbitrator 47 successfully voted on Contract 9
Arbitrator 47 is attempting to vote on Contract 10
Arbitrator 47 successfully voted on Contract 10
Arbitrator 47 is attempting to vote on Contract 11
Arbitrator 47 successfully voted on Contract 11
Arbitrator 47 is attempting to vote on Contract 12
Arbitrator 47 could not vote on Contract 12 due to lack of tokens
Arbitrator 47 is attempting to vote on Contract 13
Arbitrator 47 could not vote on Contract 13 due to lack of tokens
Arbitrator 47 is attempting to vote on Contract 14
Arbitrator 47 could not vote on Contract 14 due to lack of tokens
Arbitrator 47 is attempting to vote on Contract 15
Arbitrator 47 could not vote on Contract 15 due to lack of tokens
Arbitrator 47 is attempting to vote on Contract 16
Arbitrator 47 could not vote on Contract 16 due to lack of tokens
Arbitrator 47 is attempting to vote on Contract 17
Arbitrator 47 could not vote on Contract 17 due to lack of tokens
Arbitrator 47 is attempting to vote on Contract 18
Arbitrator 47 could not vote on Contract 18 due to lack of tokens
Arbitrator 47 is attempting to vote on Contract 19
Arbitrator 47 could not vote on Contract 19 due to lack of tokens
Arbitrator 47 is attempting to vote on Contract 20
Arbitrator 47 could not vote on Contract 20 due to lack of tokens

=======================================
 Arbitrator 48 Voting Process 
=======================================

Arbitrator 48 is attempting to vote on Contract 1
Arbitrator 48 could not vote on Contract 1 as the dispute was already resolved
Arbitrator 48 is attempting to vote on Contract 2
Arbitrator 48 successfully voted on Contract 2
Arbitrator 48 is attempting to vote on Contract 3
Arbitrator 48 successfully voted on Contract 3
Arbitrator 48 is attempting to vote on Contract 4
Arbitrator 48 could not vote on Contract 4 as the dispute was already resolved
Arbitrator 48 is attempting to vote on Contract 5
Arbitrator 48 successfully voted on Contract 5
Arbitrator 48 is attempting to vote on Contract 6
Arbitrator 48 successfully voted on Contract 6
Arbitrator 48 is attempting to vote on Contract 7
Arbitrator 48 successfully voted on Contract 7
Arbitrator 48 is attempting to vote on Contract 8
Arbitrator 48 successfully voted on Contract 8
Arbitrator 48 is attempting to vote on Contract 9
Arbitrator 48 successfully voted on Contract 9
Arbitrator 48 is attempting to vote on Contract 10
Arbitrator 48 successfully voted on Contract 10
Arbitrator 48 is attempting to vote on Contract 11
Arbitrator 48 successfully voted on Contract 11
Arbitrator 48 is attempting to vote on Contract 12
Arbitrator 48 successfully voted on Contract 12
Arbitrator 48 is attempting to vote on Contract 13
Arbitrator 48 successfully voted on Contract 13
Arbitrator 48 is attempting to vote on Contract 14
Arbitrator 48 could not vote on Contract 14 due to lack of tokens
Arbitrator 48 is attempting to vote on Contract 15
Arbitrator 48 could not vote on Contract 15 due to lack of tokens
Arbitrator 48 is attempting to vote on Contract 16
Arbitrator 48 could not vote on Contract 16 due to lack of tokens
Arbitrator 48 is attempting to vote on Contract 17
Arbitrator 48 could not vote on Contract 17 due to lack of tokens
Arbitrator 48 is attempting to vote on Contract 18
Arbitrator 48 could not vote on Contract 18 due to lack of tokens
Arbitrator 48 is attempting to vote on Contract 19
Arbitrator 48 could not vote on Contract 19 due to lack of tokens
Arbitrator 48 is attempting to vote on Contract 20
Arbitrator 48 could not vote on Contract 20 due to lack of tokens

=======================================
 Arbitrator 49 Voting Process 
=======================================

Arbitrator 49 is attempting to vote on Contract 1
Arbitrator 49 could not vote on Contract 1 as the dispute was already resolved
Arbitrator 49 is attempting to vote on Contract 2
Arbitrator 49 could not vote on Contract 2 as the dispute was already resolved
Arbitrator 49 is attempting to vote on Contract 3
Arbitrator 49 successfully voted on Contract 3
Arbitrator 49 is attempting to vote on Contract 4
Arbitrator 49 could not vote on Contract 4 as the dispute was already resolved
Arbitrator 49 is attempting to vote on Contract 5
Arbitrator 49 successfully voted on Contract 5
Arbitrator 49 is attempting to vote on Contract 6
Arbitrator 49 successfully voted on Contract 6
Arbitrator 49 is attempting to vote on Contract 7
Arbitrator 49 successfully voted on Contract 7
Arbitrator 49 is attempting to vote on Contract 8
Arbitrator 49 successfully voted on Contract 8
Arbitrator 49 is attempting to vote on Contract 9
Arbitrator 49 successfully voted on Contract 9
Arbitrator 49 is attempting to vote on Contract 10
Arbitrator 49 successfully voted on Contract 10
Arbitrator 49 is attempting to vote on Contract 11
Arbitrator 49 could not vote on Contract 11 due to lack of tokens
Arbitrator 49 is attempting to vote on Contract 12
Arbitrator 49 could not vote on Contract 12 due to lack of tokens
Arbitrator 49 is attempting to vote on Contract 13
Arbitrator 49 could not vote on Contract 13 due to lack of tokens
Arbitrator 49 is attempting to vote on Contract 14
Arbitrator 49 could not vote on Contract 14 due to lack of tokens
Arbitrator 49 is attempting to vote on Contract 15
Arbitrator 49 could not vote on Contract 15 due to lack of tokens
Arbitrator 49 is attempting to vote on Contract 16
Arbitrator 49 could not vote on Contract 16 due to lack of tokens
Arbitrator 49 is attempting to vote on Contract 17
Arbitrator 49 could not vote on Contract 17 due to lack of tokens
Arbitrator 49 is attempting to vote on Contract 18
Arbitrator 49 could not vote on Contract 18 due to lack of tokens
Arbitrator 49 is attempting to vote on Contract 19
Arbitrator 49 could not vote on Contract 19 due to lack of tokens
Arbitrator 49 is attempting to vote on Contract 20
Arbitrator 49 could not vote on Contract 20 due to lack of tokens

=======================================
 Arbitrator 50 Voting Process 
=======================================

Arbitrator 50 is attempting to vote on Contract 1
Arbitrator 50 could not vote on Contract 1 as the dispute was already resolved
Arbitrator 50 is attempting to vote on Contract 2
Arbitrator 50 could not vote on Contract 2 as the dispute was already resolved
Arbitrator 50 is attempting to vote on Contract 3
Arbitrator 50 successfully voted on Contract 3
Arbitrator 50 is attempting to vote on Contract 4
Arbitrator 50 could not vote on Contract 4 as the dispute was already resolved
Arbitrator 50 is attempting to vote on Contract 5
Arbitrator 50 could not vote on Contract 5 due to lack of tokens
Arbitrator 50 is attempting to vote on Contract 6
Arbitrator 50 could not vote on Contract 6 due to lack of tokens
Arbitrator 50 is attempting to vote on Contract 7
Arbitrator 50 could not vote on Contract 7 due to lack of tokens
Arbitrator 50 is attempting to vote on Contract 8
Arbitrator 50 could not vote on Contract 8 due to lack of tokens
Arbitrator 50 is attempting to vote on Contract 9
Arbitrator 50 could not vote on Contract 9 due to lack of tokens
Arbitrator 50 is attempting to vote on Contract 10
Arbitrator 50 could not vote on Contract 10 due to lack of tokens
Arbitrator 50 is attempting to vote on Contract 11
Arbitrator 50 could not vote on Contract 11 due to lack of tokens
Arbitrator 50 is attempting to vote on Contract 12
Arbitrator 50 could not vote on Contract 12 due to lack of tokens
Arbitrator 50 is attempting to vote on Contract 13
Arbitrator 50 could not vote on Contract 13 due to lack of tokens
Arbitrator 50 is attempting to vote on Contract 14
Arbitrator 50 could not vote on Contract 14 due to lack of tokens
Arbitrator 50 is attempting to vote on Contract 15
Arbitrator 50 could not vote on Contract 15 due to lack of tokens
Arbitrator 50 is attempting to vote on Contract 16
Arbitrator 50 could not vote on Contract 16 due to lack of tokens
Arbitrator 50 is attempting to vote on Contract 17
Arbitrator 50 could not vote on Contract 17 due to lack of tokens
Arbitrator 50 is attempting to vote on Contract 18
Arbitrator 50 could not vote on Contract 18 due to lack of tokens
Arbitrator 50 is attempting to vote on Contract 19
Arbitrator 50 could not vote on Contract 19 due to lack of tokens
Arbitrator 50 is attempting to vote on Contract 20
Arbitrator 50 could not vote on Contract 20 due to lack of tokens

===========================
UNRESOLVED CONTRACTS
===========================

┌─────────┬───────────────┐
│ (index) │    Values     │
├─────────┼───────────────┤
│    0    │ 'Contract 3'  │
│    1    │ 'Contract 5'  │
│    2    │ 'Contract 6'  │
│    3    │ 'Contract 7'  │
│    4    │ 'Contract 8'  │
│    5    │ 'Contract 9'  │
│    6    │ 'Contract 10' │
│    7    │ 'Contract 11' │
│    8    │ 'Contract 12' │
│    9    │ 'Contract 13' │
│   10    │ 'Contract 14' │
│   11    │ 'Contract 15' │
│   12    │ 'Contract 16' │
│   13    │ 'Contract 17' │
│   14    │ 'Contract 18' │
│   15    │ 'Contract 19' │
│   16    │ 'Contract 20' │
└─────────┴───────────────┘

===========================
FINAL ARBITRATOR DETAILS
===========================

┌─────────┬──────────────────────────────────────────────┬─────────────────────┬────────────────────────────┬──────────────────────────────────────────────────────────────────────────────────────────────────────────────────────────────────────────────────────────────────────────────────────────────────────────────────────────────────────────────────────────────────────────────────────────────────────────────────────────────────────────────────────────────────────────────────────────────────────────────────────────────────────────────────────────────────────────────────────────────────────────────────────────────────────────────────┬────────────────────────┬───────────────────┬────────────────────────────┐
│ (index) │                  Arbitrator                  │ InitialTokenBalance │       InitialBalance       │                                                                                                                                                                                                                                                                  VotedContracts                                                                                                                                                                                                                                                                  │ NumberOfContractsVoted │ FinalTokenBalance │        FinalBalance        │
├─────────┼──────────────────────────────────────────────┼─────────────────────┼────────────────────────────┼──────────────────────────────────────────────────────────────────────────────────────────────────────────────────────────────────────────────────────────────────────────────────────────────────────────────────────────────────────────────────────────────────────────────────────────────────────────────────────────────────────────────────────────────────────────────────────────────────────────────────────────────────────────────────────────────────────────────────────────────────────────────────────────────────────────────────┼────────────────────────┼───────────────────┼────────────────────────────┤
│    0    │ '0x08A2DE6F3528319123b25935C92888B16db8913E' │         10n         │ '10000.008904611844322415' │                                             '0x359570B3a0437805D0a71457D61AD26a28cAC9A2, 0xc9952Fc93Fa9bE383ccB39008c786b9f94eAc95d, 0xDde063eBe8E85D666AD99f731B4Dbf8C98F29708, 0xD5724171C2b7f0AA717a324626050BD05767e2C6, 0x70eE76691Bdd9696552AF8d4fd634b3cF79DD529, 0x8B190573374637f144AC8D37375d97fd84cBD3a0, 0x9385556B571ab92bf6dC9a0DbD75429Dd4d56F91, 0x162700d1613DfEC978032A909DE02643bC55df1A, 0x67aD6EA566BA6B0fC52e97Bc25CE46120fdAc04c, 0x114e375B6FCC6d6fCb68c7A1d407E652C54F25FB'                                             │           10           │        6n         │ '10000.009999468904537083' │
│    1    │ '0xe141C82D99D85098e03E1a1cC1CdE676556fDdE0' │         3n          │ '10000.009260288853122498' │                                                                                                                                                                                                       '0x359570B3a0437805D0a71457D61AD26a28cAC9A2, 0xc9952Fc93Fa9bE383ccB39008c786b9f94eAc95d, 0xDde063eBe8E85D666AD99f731B4Dbf8C98F29708'                                                                                                                                                                                                       │           3            │        4n         │ '10000.011520584471923022' │
│    2    │ '0x4b23D303D9e3719D6CDf8d172Ea030F80509ea15' │         8n          │ '10000.009309665857052109' │                                                                                         '0x359570B3a0437805D0a71457D61AD26a28cAC9A2, 0xc9952Fc93Fa9bE383ccB39008c786b9f94eAc95d, 0xDde063eBe8E85D666AD99f731B4Dbf8C98F29708, 0xD5724171C2b7f0AA717a324626050BD05767e2C6, 0x70eE76691Bdd9696552AF8d4fd634b3cF79DD529, 0x8B190573374637f144AC8D37375d97fd84cBD3a0, 0x9385556B571ab92bf6dC9a0DbD75429Dd4d56F91, 0x162700d1613DfEC978032A909DE02643bC55df1A'                                                                                         │           8            │        6n         │ '10000.011027104922247433' │
│    3    │ '0xC004e69C5C04A223463Ff32042dd36DabF63A25a' │         3n          │ '10000.009315242858686144' │                                                                                                                                                                                                       '0x359570B3a0437805D0a71457D61AD26a28cAC9A2, 0xc9952Fc93Fa9bE383ccB39008c786b9f94eAc95d, 0xDde063eBe8E85D666AD99f731B4Dbf8C98F29708'                                                                                                                                                                                                       │           3            │        4n         │ '10000.011418423476229748' │
│    4    │ '0x5eb15C0992734B5e77c888D713b4FC67b3D679A2' │         7n          │ '10000.009291419859937689' │                                                                                                               '0x359570B3a0437805D0a71457D61AD26a28cAC9A2, 0xc9952Fc93Fa9bE383ccB39008c786b9f94eAc95d, 0xDde063eBe8E85D666AD99f731B4Dbf8C98F29708, 0xD5724171C2b7f0AA717a324626050BD05767e2C6, 0x70eE76691Bdd9696552AF8d4fd634b3cF79DD529, 0x8B190573374637f144AC8D37375d97fd84cBD3a0, 0x9385556B571ab92bf6dC9a0DbD75429Dd4d56F91'                                                                                                               │           7            │        6n         │ '10000.011022477925241965' │
│    5    │ '0x7Ebb637fd68c523613bE51aad27C35C4DB199B9c' │         6n          │ '10000.009267596860863214' │                                                                                                                                     '0x359570B3a0437805D0a71457D61AD26a28cAC9A2, 0xc9952Fc93Fa9bE383ccB39008c786b9f94eAc95d, 0xDde063eBe8E85D666AD99f731B4Dbf8C98F29708, 0xD5724171C2b7f0AA717a324626050BD05767e2C6, 0x70eE76691Bdd9696552AF8d4fd634b3cF79DD529, 0x8B190573374637f144AC8D37375d97fd84cBD3a0'                                                                                                                                     │           6            │        6n         │ '10000.011013860926289138' │
│    6    │ '0x3c3E2E178C69D4baD964568415a0f0c84fd6320A' │         6n          │ '10000.009226673861360679' │                                                                                                                                     '0x359570B3a0437805D0a71457D61AD26a28cAC9A2, 0xc9952Fc93Fa9bE383ccB39008c786b9f94eAc95d, 0xDde063eBe8E85D666AD99f731B4Dbf8C98F29708, 0xD5724171C2b7f0AA717a324626050BD05767e2C6, 0x70eE76691Bdd9696552AF8d4fd634b3cF79DD529, 0x8B190573374637f144AC8D37375d97fd84cBD3a0'                                                                                                                                     │           6            │        6n         │ '10000.010954262926637203' │
│    7    │ '0x35304262b9E87C00c430149f28dD154995d01207' │         3n          │ '10000.009219885861941481' │                                                                                                                                                                                                       '0x359570B3a0437805D0a71457D61AD26a28cAC9A2, 0xc9952Fc93Fa9bE383ccB39008c786b9f94eAc95d, 0xDde063eBe8E85D666AD99f731B4Dbf8C98F29708'                                                                                                                                                                                                       │           3            │        4n         │ '10000.011162606478201405' │
│    8    │ '0xD4A1E660C916855229e1712090CcfD8a424A2E33' │         5n          │ '10000.009196192862284468' │                                                                                                                                                           '0x359570B3a0437805D0a71457D61AD26a28cAC9A2, 0xc9952Fc93Fa9bE383ccB39008c786b9f94eAc95d, 0xDde063eBe8E85D666AD99f731B4Dbf8C98F29708, 0xD5724171C2b7f0AA717a324626050BD05767e2C6, 0x70eE76691Bdd9696552AF8d4fd634b3cF79DD529'                                                                                                                                                           │           5            │        6n         │ '10000.01091998792753064'  │
│    9    │ '0xEe7f6A930B29d7350498Af97f0F9672EaecbeeFf' │         5n          │ '10000.009172174862420465' │                                                                                                                                                           '0x359570B3a0437805D0a71457D61AD26a28cAC9A2, 0xc9952Fc93Fa9bE383ccB39008c786b9f94eAc95d, 0xDde063eBe8E85D666AD99f731B4Dbf8C98F29708, 0xD5724171C2b7f0AA717a324626050BD05767e2C6, 0x70eE76691Bdd9696552AF8d4fd634b3cF79DD529'                                                                                                                                                           │           5            │        6n         │ '10000.010843224927244677' │
│   10    │ '0x145e2dc5C8238d1bE628F87076A37d4a26a78544' │         3n          │ '10000.009148416862568935' │                                                                                                                                                                                                       '0x359570B3a0437805D0a71457D61AD26a28cAC9A2, 0xc9952Fc93Fa9bE383ccB39008c786b9f94eAc95d, 0xDde063eBe8E85D666AD99f731B4Dbf8C98F29708'                                                                                                                                                                                                       │           3            │        4n         │ '10000.010932317477558299' │
│   11    │ '0xD6A098EbCc5f8Bd4e174D915C54486B077a34A51' │         10n         │ '10000.009129393862771063' │                                             '0x359570B3a0437805D0a71457D61AD26a28cAC9A2, 0xc9952Fc93Fa9bE383ccB39008c786b9f94eAc95d, 0xDde063eBe8E85D666AD99f731B4Dbf8C98F29708, 0xD5724171C2b7f0AA717a324626050BD05767e2C6, 0x70eE76691Bdd9696552AF8d4fd634b3cF79DD529, 0x8B190573374637f144AC8D37375d97fd84cBD3a0, 0x9385556B571ab92bf6dC9a0DbD75429Dd4d56F91, 0x162700d1613DfEC978032A909DE02643bC55df1A, 0x67aD6EA566BA6B0fC52e97Bc25CE46120fdAc04c, 0x114e375B6FCC6d6fCb68c7A1d407E652C54F25FB'                                             │           10           │        6n         │ '10000.010131545922244091' │
│   12    │ '0x042a63149117602129B6922ecFe3111168C2C323' │         5n          │ '10000.009100705862762325' │                                                                                                                                                           '0x359570B3a0437805D0a71457D61AD26a28cAC9A2, 0xc9952Fc93Fa9bE383ccB39008c786b9f94eAc95d, 0xDde063eBe8E85D666AD99f731B4Dbf8C98F29708, 0xD5724171C2b7f0AA717a324626050BD05767e2C6, 0x70eE76691Bdd9696552AF8d4fd634b3cF79DD529'                                                                                                                                                           │           5            │        6n         │ '10000.010612805926314937' │
│   13    │ '0xa0EC9eE47802CeB56eb58ce80F3E41630B771b04' │         2n          │ '10000.009077077862573301' │                                                                                                                                                                                                                             '0x359570B3a0437805D0a71457D61AD26a28cAC9A2, 0xc9952Fc93Fa9bE383ccB39008c786b9f94eAc95d'                                                                                                                                                                                                                             │           2            │        4n         │ '10000.010804439477110353' │
│   14    │ '0xe8B1ff302A740fD2C6e76B620d45508dAEc2DDFf' │         6n          │ '10000.009053059862381157' │                                                                                                                                     '0x359570B3a0437805D0a71457D61AD26a28cAC9A2, 0xc9952Fc93Fa9bE383ccB39008c786b9f94eAc95d, 0xDde063eBe8E85D666AD99f731B4Dbf8C98F29708, 0xD5724171C2b7f0AA717a324626050BD05767e2C6, 0x70eE76691Bdd9696552AF8d4fd634b3cF79DD529, 0x8B190573374637f144AC8D37375d97fd84cBD3a0'                                                                                                                                     │           6            │        6n         │ '10000.010356868924267441' │
│   15    │ '0xAb707cb80e7de7C75d815B1A653433F3EEc44c74' │         9n          │ '10000.009029496862192653' │                                                                   '0x359570B3a0437805D0a71457D61AD26a28cAC9A2, 0xc9952Fc93Fa9bE383ccB39008c786b9f94eAc95d, 0xDde063eBe8E85D666AD99f731B4Dbf8C98F29708, 0xD5724171C2b7f0AA717a324626050BD05767e2C6, 0x70eE76691Bdd9696552AF8d4fd634b3cF79DD529, 0x8B190573374637f144AC8D37375d97fd84cBD3a0, 0x9385556B571ab92bf6dC9a0DbD75429Dd4d56F91, 0x162700d1613DfEC978032A909DE02643bC55df1A, 0x67aD6EA566BA6B0fC52e97Bc25CE46120fdAc04c'                                                                   │           9            │        6n         │ '10000.009973534921200769' │
│   16    │ '0x0d803cdeEe5990f22C2a8DF10A695D2312dA26CC' │         6n          │ '10000.009005413861999989' │                                                                                                                                     '0x359570B3a0437805D0a71457D61AD26a28cAC9A2, 0xc9952Fc93Fa9bE383ccB39008c786b9f94eAc95d, 0xDde063eBe8E85D666AD99f731B4Dbf8C98F29708, 0xD5724171C2b7f0AA717a324626050BD05767e2C6, 0x70eE76691Bdd9696552AF8d4fd634b3cF79DD529, 0x8B190573374637f144AC8D37375d97fd84cBD3a0'                                                                                                                                     │           6            │        6n         │ '10000.010203472923040273' │
│   17    │ '0x1c87Bb9234aeC6aDc580EaE6C8B59558A4502220' │         4n          │ '10000.008981720861810445' │                                                                                                                                                                                 '0x359570B3a0437805D0a71457D61AD26a28cAC9A2, 0xc9952Fc93Fa9bE383ccB39008c786b9f94eAc95d, 0xDde063eBe8E85D666AD99f731B4Dbf8C98F29708, 0xD5724171C2b7f0AA717a324626050BD05767e2C6'                                                                                                                                                                                 │           4            │        6n         │ '10000.010331531924064745' │
│   18    │ '0x4779d18931B35540F84b0cd0e9633855B84df7b8' │         7n          │ '10000.008957962861620381' │                                                                                                               '0x359570B3a0437805D0a71457D61AD26a28cAC9A2, 0xc9952Fc93Fa9bE383ccB39008c786b9f94eAc95d, 0xDde063eBe8E85D666AD99f731B4Dbf8C98F29708, 0xD5724171C2b7f0AA717a324626050BD05767e2C6, 0x70eE76691Bdd9696552AF8d4fd634b3cF79DD529, 0x8B190573374637f144AC8D37375d97fd84cBD3a0, 0x9385556B571ab92bf6dC9a0DbD75429Dd4d56F91'                                                                                                               │           7            │        6n         │ '10000.009947860920995377' │
│   19    │ '0xC0543b0b980D8c834CBdF023b2d2A75b5f9D1909' │         8n          │ '10000.008934074861429277' │                                                                                         '0x359570B3a0437805D0a71457D61AD26a28cAC9A2, 0xc9952Fc93Fa9bE383ccB39008c786b9f94eAc95d, 0xDde063eBe8E85D666AD99f731B4Dbf8C98F29708, 0xD5724171C2b7f0AA717a324626050BD05767e2C6, 0x70eE76691Bdd9696552AF8d4fd634b3cF79DD529, 0x8B190573374637f144AC8D37375d97fd84cBD3a0, 0x9385556B571ab92bf6dC9a0DbD75429Dd4d56F91, 0x162700d1613DfEC978032A909DE02643bC55df1A'                                                                                         │           8            │        6n         │ '10000.009768828919563121' │
│   20    │ '0x73B3074ac649A8dc31c2C90a124469456301a30F' │         6n          │ '10000.008910251861238693' │                                                                                                                                     '0x359570B3a0437805D0a71457D61AD26a28cAC9A2, 0xc9952Fc93Fa9bE383ccB39008c786b9f94eAc95d, 0xDde063eBe8E85D666AD99f731B4Dbf8C98F29708, 0xD5724171C2b7f0AA717a324626050BD05767e2C6, 0x70eE76691Bdd9696552AF8d4fd634b3cF79DD529, 0x8B190573374637f144AC8D37375d97fd84cBD3a0'                                                                                                                                     │           6            │        6n         │ '10000.009896615920585417' │
│   21    │ '0x265188114EB5d5536BC8654d8e9710FE72C28c4d' │         7n          │ '10000.008886428861048109' │                                                                                                               '0x359570B3a0437805D0a71457D61AD26a28cAC9A2, 0xc9952Fc93Fa9bE383ccB39008c786b9f94eAc95d, 0xDde063eBe8E85D666AD99f731B4Dbf8C98F29708, 0xD5724171C2b7f0AA717a324626050BD05767e2C6, 0x70eE76691Bdd9696552AF8d4fd634b3cF79DD529, 0x8B190573374637f144AC8D37375d97fd84cBD3a0, 0x9385556B571ab92bf6dC9a0DbD75429Dd4d56F91'                                                                                                               │           7            │        6n         │ '10000.009717441919152025' │
│   22    │ '0x924Ba5Ce9f91ddED37b4ebf8c0dc82A40202fc0A' │         7n          │ '10000.008862605860857525' │                                                                                                               '0x359570B3a0437805D0a71457D61AD26a28cAC9A2, 0xc9952Fc93Fa9bE383ccB39008c786b9f94eAc95d, 0xDde063eBe8E85D666AD99f731B4Dbf8C98F29708, 0xD5724171C2b7f0AA717a324626050BD05767e2C6, 0x70eE76691Bdd9696552AF8d4fd634b3cF79DD529, 0x8B190573374637f144AC8D37375d97fd84cBD3a0, 0x9385556B571ab92bf6dC9a0DbD75429Dd4d56F91'                                                                                                               │           7            │        6n         │ '10000.009640613918537401' │
│   23    │ '0x64492E25C30031EDAD55E57cEA599CDB1F06dad1' │         4n          │ '10000.008838652860665901' │                                                                                                                                                                                 '0x359570B3a0437805D0a71457D61AD26a28cAC9A2, 0xc9952Fc93Fa9bE383ccB39008c786b9f94eAc95d, 0xDde063eBe8E85D666AD99f731B4Dbf8C98F29708, 0xD5724171C2b7f0AA717a324626050BD05767e2C6'                                                                                                                                                                                 │           4            │        6n         │ '10000.009870628920377521' │
│   24    │ '0x262595fa2a3A86adACDe208589614d483e3eF1C0' │         6n          │ '10000.008815154860477917' │                                                                                                                                     '0x359570B3a0437805D0a71457D61AD26a28cAC9A2, 0xc9952Fc93Fa9bE383ccB39008c786b9f94eAc95d, 0xDde063eBe8E85D666AD99f731B4Dbf8C98F29708, 0xD5724171C2b7f0AA717a324626050BD05767e2C6, 0x70eE76691Bdd9696552AF8d4fd634b3cF79DD529, 0x8B190573374637f144AC8D37375d97fd84cBD3a0'                                                                                                                                     │           6            │        6n         │ '10000.009589563918129001' │
│   25    │ '0xDFd99099Fa13541a64AEe9AAd61c0dbf3D32D492' │         6n          │ '10000.008791071860285253' │                                                                                                                                     '0x359570B3a0437805D0a71457D61AD26a28cAC9A2, 0xc9952Fc93Fa9bE383ccB39008c786b9f94eAc95d, 0xDde063eBe8E85D666AD99f731B4Dbf8C98F29708, 0xD5724171C2b7f0AA717a324626050BD05767e2C6, 0x70eE76691Bdd9696552AF8d4fd634b3cF79DD529, 0x8B190573374637f144AC8D37375d97fd84cBD3a0'                                                                                                                                     │           6            │        6n         │ '10000.009512735917514377' │
│   26    │ '0x63c3686EF31C03a641e2Ea8993A91Ea351e5891a' │         2n          │ '10000.008767443860096229' │                                                                                                                                                                                                                             '0x359570B3a0437805D0a71457D61AD26a28cAC9A2, 0xc9952Fc93Fa9bE383ccB39008c786b9f94eAc95d'                                                                                                                                                                                                                             │           2            │        4n         │ '10000.009806585469127521' │
│   27    │ '0x9394cb5f737Bd3aCea7dcE90CA48DBd42801EE5d' │         3n          │ '10000.008743490859904605' │                                                                                                                                                                                                       '0x359570B3a0437805D0a71457D61AD26a28cAC9A2, 0xc9952Fc93Fa9bE383ccB39008c786b9f94eAc95d, 0xDde063eBe8E85D666AD99f731B4Dbf8C98F29708'                                                                                                                                                                                                       │           3            │        4n         │ '10000.009627411467694129' │
│   28    │ '0x344dca30F5c5f74F2f13Dc1d48Ad3A9069d13Ad9' │         2n          │ '10000.008719667859714021' │                                                                                                                                                                                                                             '0x359570B3a0437805D0a71457D61AD26a28cAC9A2, 0xc9952Fc93Fa9bE383ccB39008c786b9f94eAc95d'                                                                                                                                                                                                                             │           2            │        4n         │ '10000.009652929467898273' │
│   29    │ '0xF23E054D8b4D0BECFa22DeEF5632F27f781f8bf5' │         4n          │ '10000.008695844859523437' │                                                                                                                                                                                 '0x359570B3a0437805D0a71457D61AD26a28cAC9A2, 0xc9952Fc93Fa9bE383ccB39008c786b9f94eAc95d, 0xDde063eBe8E85D666AD99f731B4Dbf8C98F29708, 0xD5724171C2b7f0AA717a324626050BD05767e2C6'                                                                                                                                                                                 │           4            │        6n         │ '10000.009410245916694457' │
│   30    │ '0x6d69F301d1Da5C7818B5e61EECc745b30179C68b' │         8n          │ '10000.008671891859331813' │                                                                                         '0x359570B3a0437805D0a71457D61AD26a28cAC9A2, 0xc9952Fc93Fa9bE383ccB39008c786b9f94eAc95d, 0xDde063eBe8E85D666AD99f731B4Dbf8C98F29708, 0xD5724171C2b7f0AA717a324626050BD05767e2C6, 0x70eE76691Bdd9696552AF8d4fd634b3cF79DD529, 0x8B190573374637f144AC8D37375d97fd84cBD3a0, 0x9385556B571ab92bf6dC9a0DbD75429Dd4d56F91, 0x162700d1613DfEC978032A909DE02643bC55df1A'                                                                                         │           8            │        6n         │ '10000.008924045912804857' │
│   31    │ '0xF0cE7BaB13C99bA0565f426508a7CD8f4C247E5a' │         9n          │ '10000.008648133859141749' │                                                                   '0x359570B3a0437805D0a71457D61AD26a28cAC9A2, 0xc9952Fc93Fa9bE383ccB39008c786b9f94eAc95d, 0xDde063eBe8E85D666AD99f731B4Dbf8C98F29708, 0xD5724171C2b7f0AA717a324626050BD05767e2C6, 0x70eE76691Bdd9696552AF8d4fd634b3cF79DD529, 0x8B190573374637f144AC8D37375d97fd84cBD3a0, 0x9385556B571ab92bf6dC9a0DbD75429Dd4d56F91, 0x162700d1613DfEC978032A909DE02643bC55df1A, 0x67aD6EA566BA6B0fC52e97Bc25CE46120fdAc04c'                                                                   │           9            │        6n         │ '10000.008745131911373545' │
│   32    │ '0x011bD5423C5F77b5a0789E27f922535fd76B688F' │         4n          │ '10000.008624180858950125' │                                                                                                                                                                                 '0x359570B3a0437805D0a71457D61AD26a28cAC9A2, 0xc9952Fc93Fa9bE383ccB39008c786b9f94eAc95d, 0xDde063eBe8E85D666AD99f731B4Dbf8C98F29708, 0xD5724171C2b7f0AA717a324626050BD05767e2C6'                                                                                                                                                                                 │           4            │        6n         │ '10000.009179891914851625' │
│   33    │ '0xD9065f27e9b706E5F7628e067cC00B288dddbF19' │         4n          │ '10000.008600487858760581' │                                                                                                                                                                                 '0x359570B3a0437805D0a71457D61AD26a28cAC9A2, 0xc9952Fc93Fa9bE383ccB39008c786b9f94eAc95d, 0xDde063eBe8E85D666AD99f731B4Dbf8C98F29708, 0xD5724171C2b7f0AA717a324626050BD05767e2C6'                                                                                                                                                                                 │           4            │        6n         │ '10000.009103258914238561' │
│   34    │ '0x54ccCeB38251C29b628ef8B00b3cAB97e7cAc7D5' │         10n         │ '10000.008576729858570517' │                                             '0x359570B3a0437805D0a71457D61AD26a28cAC9A2, 0xc9952Fc93Fa9bE383ccB39008c786b9f94eAc95d, 0xDde063eBe8E85D666AD99f731B4Dbf8C98F29708, 0xD5724171C2b7f0AA717a324626050BD05767e2C6, 0x70eE76691Bdd9696552AF8d4fd634b3cF79DD529, 0x8B190573374637f144AC8D37375d97fd84cBD3a0, 0x9385556B571ab92bf6dC9a0DbD75429Dd4d56F91, 0x162700d1613DfEC978032A909DE02643bC55df1A, 0x67aD6EA566BA6B0fC52e97Bc25CE46120fdAc04c, 0x114e375B6FCC6d6fCb68c7A1d407E652C54F25FB'                                             │           10           │        6n         │ '10000.008412561908712985' │
│   35    │ '0xA1196426b41627ae75Ea7f7409E074BE97367da2' │         5n          │ '10000.008552906858379933' │                                                                                                                                                           '0x359570B3a0437805D0a71457D61AD26a28cAC9A2, 0xc9952Fc93Fa9bE383ccB39008c786b9f94eAc95d, 0xDde063eBe8E85D666AD99f731B4Dbf8C98F29708, 0xD5724171C2b7f0AA717a324626050BD05767e2C6, 0x70eE76691Bdd9696552AF8d4fd634b3cF79DD529'                                                                                                                                                           │           5            │        6n         │ '10000.008847581912193145' │
│   36    │ '0xE74cEf90b6CF1a77FEfAd731713e6f53e575C183' │         4n          │ '10000.008533558858225149' │                                                                                                                                                                                 '0x359570B3a0437805D0a71457D61AD26a28cAC9A2, 0xc9952Fc93Fa9bE383ccB39008c786b9f94eAc95d, 0xDde063eBe8E85D666AD99f731B4Dbf8C98F29708, 0xD5724171C2b7f0AA717a324626050BD05767e2C6'                                                                                                                                                                                 │           4            │        6n         │ '10000.008877444912432049' │
│   37    │ '0x7Df8Efa6d6F1CB5C4f36315e0AcB82b02Ae8BA40' │         6n          │ '10000.008505065857997205' │                                                                                                                                     '0x359570B3a0437805D0a71457D61AD26a28cAC9A2, 0xc9952Fc93Fa9bE383ccB39008c786b9f94eAc95d, 0xDde063eBe8E85D666AD99f731B4Dbf8C98F29708, 0xD5724171C2b7f0AA717a324626050BD05767e2C6, 0x70eE76691Bdd9696552AF8d4fd634b3cF79DD529, 0x8B190573374637f144AC8D37375d97fd84cBD3a0'                                                                                                                                     │           6            │        6n         │ '10000.008591319910143049' │
│   38    │ '0x9E126C57330FA71556628e0aabd6B6B6783d99fA' │         9n          │ '10000.005980708837802349' │                                                                   '0x359570B3a0437805D0a71457D61AD26a28cAC9A2, 0xc9952Fc93Fa9bE383ccB39008c786b9f94eAc95d, 0xDde063eBe8E85D666AD99f731B4Dbf8C98F29708, 0xD5724171C2b7f0AA717a324626050BD05767e2C6, 0x70eE76691Bdd9696552AF8d4fd634b3cF79DD529, 0x8B190573374637f144AC8D37375d97fd84cBD3a0, 0x9385556B571ab92bf6dC9a0DbD75429Dd4d56F91, 0x162700d1613DfEC978032A909DE02643bC55df1A, 0x67aD6EA566BA6B0fC52e97Bc25CE46120fdAc04c'                                                                   │           9            │        6n         │ '10000.005707191887070025' │
│   39    │ '0x586BA39027A74e8D40E6626f89Ae97bA7f616644' │         7n          │ '10000.008533542814244037' │                                                                                                               '0x359570B3a0437805D0a71457D61AD26a28cAC9A2, 0xc9952Fc93Fa9bE383ccB39008c786b9f94eAc95d, 0xDde063eBe8E85D666AD99f731B4Dbf8C98F29708, 0xD5724171C2b7f0AA717a324626050BD05767e2C6, 0x70eE76691Bdd9696552AF8d4fd634b3cF79DD529, 0x8B190573374637f144AC8D37375d97fd84cBD3a0, 0x9385556B571ab92bf6dC9a0DbD75429Dd4d56F91'                                                                                                               │           7            │        6n         │ '10000.008411700864725113' │
│   40    │ '0x9A50ed082Cf2fc003152580dcDB320B834fA379E' │         5n          │ '10000.007251239803985613' │                                                                                                               '0x359570B3a0437805D0a71457D61AD26a28cAC9A2, 0xc9952Fc93Fa9bE383ccB39008c786b9f94eAc95d, 0xDde063eBe8E85D666AD99f731B4Dbf8C98F29708, 0xD5724171C2b7f0AA717a324626050BD05767e2C6, 0x70eE76691Bdd9696552AF8d4fd634b3cF79DD529, 0x8B190573374637f144AC8D37375d97fd84cBD3a0, 0x9385556B571ab92bf6dC9a0DbD75429Dd4d56F91'                                                                                                               │           7            │        4n         │ '10000.005128878838462537' │
│   41    │ '0xbc8183bac3E969042736f7af07f76223D11D2148' │         9n          │ '10000.008304974351073971' │                                                                   '0xc9952Fc93Fa9bE383ccB39008c786b9f94eAc95d, 0xDde063eBe8E85D666AD99f731B4Dbf8C98F29708, 0xD5724171C2b7f0AA717a324626050BD05767e2C6, 0x70eE76691Bdd9696552AF8d4fd634b3cF79DD529, 0x8B190573374637f144AC8D37375d97fd84cBD3a0, 0x9385556B571ab92bf6dC9a0DbD75429Dd4d56F91, 0x162700d1613DfEC978032A909DE02643bC55df1A, 0x67aD6EA566BA6B0fC52e97Bc25CE46120fdAc04c, 0x114e375B6FCC6d6fCb68c7A1d407E652C54F25FB'                                                                   │           9            │        4n         │ '10000.007671500057919944' │
│   42    │ '0x586aF62EAe7F447D14D25f53918814e04d3A5BA4' │         10n         │ '10000.008289027350946395' │ '0xc9952Fc93Fa9bE383ccB39008c786b9f94eAc95d, 0xDde063eBe8E85D666AD99f731B4Dbf8C98F29708, 0xD5724171C2b7f0AA717a324626050BD05767e2C6, 0x70eE76691Bdd9696552AF8d4fd634b3cF79DD529, 0x8B190573374637f144AC8D37375d97fd84cBD3a0, 0x9385556B571ab92bf6dC9a0DbD75429Dd4d56F91, 0x162700d1613DfEC978032A909DE02643bC55df1A, 0x67aD6EA566BA6B0fC52e97Bc25CE46120fdAc04c, 0x114e375B6FCC6d6fCb68c7A1d407E652C54F25FB, 0xcD0048A5628B37B8f743cC2FeA18817A29e97270, 0x976C214741b4657bd99DFD38a5c0E3ac5C99D903, 0x8bEe2037448F096900Fd9affc427d38aE6CC0350' │           12           │        2n         │ '10000.005977730044369784' │
│   43    │ '0xCcDd262f272Ee6C226266eEa13eE48D4d932Ce66' │         4n          │ '10000.005613438329541683' │                                                                                                                                                                                 '0xc9952Fc93Fa9bE383ccB39008c786b9f94eAc95d, 0xDde063eBe8E85D666AD99f731B4Dbf8C98F29708, 0x70eE76691Bdd9696552AF8d4fd634b3cF79DD529, 0x8B190573374637f144AC8D37375d97fd84cBD3a0'                                                                                                                                                                                 │           4            │        2n         │ '10000.005486022589698472' │
│   44    │ '0xF0eeDDC5e015d4c459590E01Dcc2f2FD1d2baac7' │         10n         │ '10000.00502091986774965'  │                                             '0xc9952Fc93Fa9bE383ccB39008c786b9f94eAc95d, 0xDde063eBe8E85D666AD99f731B4Dbf8C98F29708, 0x70eE76691Bdd9696552AF8d4fd634b3cF79DD529, 0x8B190573374637f144AC8D37375d97fd84cBD3a0, 0x9385556B571ab92bf6dC9a0DbD75429Dd4d56F91, 0x162700d1613DfEC978032A909DE02643bC55df1A, 0x67aD6EA566BA6B0fC52e97Bc25CE46120fdAc04c, 0x114e375B6FCC6d6fCb68c7A1d407E652C54F25FB, 0xcD0048A5628B37B8f743cC2FeA18817A29e97270, 0x976C214741b4657bd99DFD38a5c0E3ac5C99D903'                                             │           10           │        2n         │ '10000.004214706122476055' │
│   45    │ '0x4edFEDFf17ab9642F8464D6143900903dD21421a' │         7n          │ '10000.002256185845631778' │                                                                                                               '0xc9952Fc93Fa9bE383ccB39008c786b9f94eAc95d, 0xDde063eBe8E85D666AD99f731B4Dbf8C98F29708, 0x70eE76691Bdd9696552AF8d4fd634b3cF79DD529, 0x8B190573374637f144AC8D37375d97fd84cBD3a0, 0x9385556B571ab92bf6dC9a0DbD75429Dd4d56F91, 0x162700d1613DfEC978032A909DE02643bC55df1A, 0x67aD6EA566BA6B0fC52e97Bc25CE46120fdAc04c'                                                                                                               │           7            │        2n         │ '10000.001726647102571583' │
│   46    │ '0x492C973C16E8aeC46f4d71716E91b05B245377C9' │         9n          │ '10000.001450824369528504' │                                                                   '0xc9952Fc93Fa9bE383ccB39008c786b9f94eAc95d, 0xDde063eBe8E85D666AD99f731B4Dbf8C98F29708, 0x70eE76691Bdd9696552AF8d4fd634b3cF79DD529, 0x8B190573374637f144AC8D37375d97fd84cBD3a0, 0x9385556B571ab92bf6dC9a0DbD75429Dd4d56F91, 0x162700d1613DfEC978032A909DE02643bC55df1A, 0x67aD6EA566BA6B0fC52e97Bc25CE46120fdAc04c, 0x114e375B6FCC6d6fCb68c7A1d407E652C54F25FB, 0xcD0048A5628B37B8f743cC2FeA18817A29e97270'                                                                   │           9            │        2n         │ '10000.000669024624450221' │
│   47    │ '0xE5D3ab6883b7e8c35c04675F28BB992Ca1129ee4' │         9n          │ '10000.000023780358112152' │                       '0xc9952Fc93Fa9bE383ccB39008c786b9f94eAc95d, 0xDde063eBe8E85D666AD99f731B4Dbf8C98F29708, 0x70eE76691Bdd9696552AF8d4fd634b3cF79DD529, 0x8B190573374637f144AC8D37375d97fd84cBD3a0, 0x9385556B571ab92bf6dC9a0DbD75429Dd4d56F91, 0x162700d1613DfEC978032A909DE02643bC55df1A, 0x67aD6EA566BA6B0fC52e97Bc25CE46120fdAc04c, 0x114e375B6FCC6d6fCb68c7A1d407E652C54F25FB, 0xcD0048A5628B37B8f743cC2FeA18817A29e97270, 0x976C214741b4657bd99DFD38a5c0E3ac5C99D903, 0x8bEe2037448F096900Fd9affc427d38aE6CC0350'                       │           11           │        0n         │ '9999.997462535598798309'  │
│   48    │ '0x71F280DEA6FC5a03790941Ad72956f545FeB7a52' │         7n          │ '9999.997704087359484608'  │                                                                                                               '0xDde063eBe8E85D666AD99f731B4Dbf8C98F29708, 0x70eE76691Bdd9696552AF8d4fd634b3cF79DD529, 0x8B190573374637f144AC8D37375d97fd84cBD3a0, 0x9385556B571ab92bf6dC9a0DbD75429Dd4d56F91, 0x162700d1613DfEC978032A909DE02643bC55df1A, 0x67aD6EA566BA6B0fC52e97Bc25CE46120fdAc04c, 0x114e375B6FCC6d6fCb68c7A1d407E652C54F25FB'                                                                                                               │           7            │        0n         │   '9999.99394851132944'    │
│   49    │ '0xE77478D9E136D3643cFc6fef578Abf63F9Ab91B1' │         1n          │ '9999.999333135994665088'  │                                                                                                                                                                                                                                                   '0xDde063eBe8E85D666AD99f731B4Dbf8C98F29708'                                                                                                                                                                                                                                                   │           1            │        0n         │  '9999.99614623496916988'  │
└─────────┴──────────────────────────────────────────────┴─────────────────────┴────────────────────────────┴──────────────────────────────────────────────────────────────────────────────────────────────────────────────────────────────────────────────────────────────────────────────────────────────────────────────────────────────────────────────────────────────────────────────────────────────────────────────────────────────────────────────────────────────────────────────────────────────────────────────────────────────────────────────────────────────────────────────────────────────────────────────────────────────────────────────────┴────────────────────────┴───────────────────┴────────────────────────────┘
    ✔ Should allow successful completion of multiple concurrent contracts with disputes, tracking arbitrators' capabilities to vote on multiple disputes (4287ms)

  FreelancerEscrow Contract
    ✔ Should initialize correctly
    ✔ Should allow the client to make a deposit
    ✔ Should revert if deposit is made by someone other than the client
    ✔ The sum of all deposits must equal the total payment
    ✔ Should allow the freelancer to complete the deliverable with a message
    ✔ Should revert if deliverable completed is called by someone else
    ✔ Should allow the client to confirm delivery and transfer funds
    ✔ Should trasnfer the commission fee to the owner
    ✔ Finishing all milestones should set the state to completed
    ✔ Should allow the client to raise a dispute
    ✔ Should allow multiple arbitrators to vote on a dispute and resolve

  Governance Token Contract
    ✔ Should add arbitrator with 1 tokens and 1 reputation point in balance
    ✔ Length of all arbitrators should be 2


  15 passing (9s)

